2026-08-10 18:42:46,138 INFO    run_id=fedbn_2d_42 method=fedbn dim=2d device=cuda
2026-08-10 18:42:46,139 INFO    tag=v2 -> D:\capstone\artifacts\runs\v2\fedbn_2d_42
2026-08-10 18:42:46,139 INFO    R=25 E=1 -> 25 total local epochs/hospital
2026-08-10 18:42:46,140 INFO    lr=0.001 schedule=cosine augment=True tta=True postproc_min_voxels=50 select_by=best_val
2026-08-10 18:42:46,140 INFO      H1: 150 train / 20 val / 62 test cases
2026-08-10 18:42:46,140 INFO      H2: 150 train / 20 val / 62 test cases
2026-08-10 18:42:46,141 INFO      H3: 150 train / 20 val / 62 test cases
2026-08-10 18:42:46,141 INFO      H4: 150 train / 20 val / 62 test cases
2026-08-10 18:42:46,274 INFO      FedBN: keeping 65 BatchNorm keys local
2026-08-10 18:43:13,634 INFO    round   1       H1  train_loss=1.5896  lr=1.00e-03
2026-08-10 18:43:41,868 INFO    round   1       H2  train_loss=1.5923  lr=1.00e-03
2026-08-10 18:44:12,067 INFO    round   1       H3  train_loss=1.5932  lr=1.00e-03
2026-08-10 18:44:43,088 INFO    round   1       H4  train_loss=1.5898  lr=1.00e-03
2026-08-10 18:45:28,918 INFO    round   1  eval  H1  WT=0.7171 TC=0.5250 ET=0.4965
2026-08-10 18:46:11,255 INFO    round   1  eval  H2  WT=0.7151 TC=0.5727 ET=0.5517
2026-08-10 18:46:55,551 INFO    round   1  eval  H3  WT=0.5787 TC=0.3935 ET=0.3432
2026-08-10 18:47:38,115 INFO    round   1  eval  H4  WT=0.6142 TC=0.4225 ET=0.4081
2026-08-10 18:48:33,481 INFO    round   1  VAL mean WT=0.6136  <- best so far
2026-08-10 18:49:08,666 INFO    round   2       H1  train_loss=1.2708  lr=9.96e-04
2026-08-10 18:49:42,272 INFO    round   2       H2  train_loss=1.2697  lr=9.96e-04
2026-08-10 18:50:16,627 INFO    round   2       H3  train_loss=1.2765  lr=9.96e-04
2026-08-10 18:50:51,469 INFO    round   2       H4  train_loss=1.2668  lr=9.96e-04
2026-08-10 18:51:36,349 INFO    round   2  eval  H1  WT=0.7584 TC=0.5608 ET=0.5289
2026-08-10 18:52:20,464 INFO    round   2  eval  H2  WT=0.7098 TC=0.5320 ET=0.5206
2026-08-10 18:53:02,799 INFO    round   2  eval  H3  WT=0.7170 TC=0.5084 ET=0.4653
2026-08-10 18:53:43,893 INFO    round   2  eval  H4  WT=0.6983 TC=0.5943 ET=0.5885
2026-08-10 18:54:39,901 INFO    round   2  VAL mean WT=0.6757  <- best so far
2026-08-10 18:55:13,650 INFO    round   3       H1  train_loss=0.8695  lr=9.84e-04
2026-08-10 18:55:44,636 INFO    round   3       H2  train_loss=0.8853  lr=9.84e-04
2026-08-10 18:56:11,439 INFO    round   3       H3  train_loss=0.8700  lr=9.84e-04
2026-08-10 18:56:41,803 INFO    round   3       H4  train_loss=0.8817  lr=9.84e-04
2026-08-10 18:57:22,622 INFO    round   3  eval  H1  WT=0.8045 TC=0.6111 ET=0.6433
2026-08-10 18:58:01,735 INFO    round   3  eval  H2  WT=0.7481 TC=0.6760 ET=0.7113
2026-08-10 18:58:41,020 INFO    round   3  eval  H3  WT=0.6680 TC=0.6279 ET=0.6533
2026-08-10 18:59:19,025 INFO    round   3  eval  H4  WT=0.7130 TC=0.6306 ET=0.6116
2026-08-10 19:00:05,729 INFO    round   3  VAL mean WT=0.7008  <- best so far
2026-08-10 19:00:33,921 INFO    round   4       H1  train_loss=0.6438  lr=9.64e-04
2026-08-10 19:01:05,165 INFO    round   4       H2  train_loss=0.6559  lr=9.64e-04
2026-08-10 19:01:34,938 INFO    round   4       H3  train_loss=0.6525  lr=9.64e-04
2026-08-10 19:02:04,830 INFO    round   4       H4  train_loss=0.6734  lr=9.64e-04
2026-08-10 19:02:45,870 INFO    round   4  eval  H1  WT=0.8282 TC=0.6888 ET=0.6961
2026-08-10 19:03:28,076 INFO    round   4  eval  H2  WT=0.8153 TC=0.7026 ET=0.7312
2026-08-10 19:04:10,088 INFO    round   4  eval  H3  WT=0.7969 TC=0.6725 ET=0.7088
2026-08-10 19:04:50,397 INFO    round   4  eval  H4  WT=0.7471 TC=0.6865 ET=0.6898
2026-08-10 19:05:41,131 INFO    round   4  VAL mean WT=0.7677  <- best so far
2026-08-10 19:06:13,768 INFO    round   5       H1  train_loss=0.5503  lr=9.36e-04
2026-08-10 19:06:46,340 INFO    round   5       H2  train_loss=0.5839  lr=9.36e-04
2026-08-10 19:07:20,639 INFO    round   5       H3  train_loss=0.5945  lr=9.36e-04
2026-08-10 19:07:54,303 INFO    round   5       H4  train_loss=0.5920  lr=9.36e-04
2026-08-10 19:08:39,396 INFO    round   5  eval  H1  WT=0.8176 TC=0.6953 ET=0.6914
2026-08-10 19:09:22,810 INFO    round   5  eval  H2  WT=0.7805 TC=0.7462 ET=0.7471
2026-08-10 19:10:04,231 INFO    round   5  eval  H3  WT=0.7831 TC=0.7400 ET=0.7199
2026-08-10 19:10:44,559 INFO    round   5  eval  H4  WT=0.6827 TC=0.6458 ET=0.6340
2026-08-10 19:11:34,402 INFO    round   5  VAL mean WT=0.7413
2026-08-10 19:12:05,371 INFO    round   6       H1  train_loss=0.5499  lr=9.02e-04
2026-08-10 19:12:39,261 INFO    round   6       H2  train_loss=0.5534  lr=9.02e-04
2026-08-10 19:13:08,426 INFO    round   6       H3  train_loss=0.5715  lr=9.02e-04
2026-08-10 19:13:44,131 INFO    round   6       H4  train_loss=0.5780  lr=9.02e-04
2026-08-10 19:14:27,230 INFO    round   6  eval  H1  WT=0.8310 TC=0.7387 ET=0.7288
2026-08-10 19:15:09,129 INFO    round   6  eval  H2  WT=0.7956 TC=0.7297 ET=0.7288
2026-08-10 19:15:50,847 INFO    round   6  eval  H3  WT=0.8198 TC=0.7622 ET=0.7508
2026-08-10 19:16:31,453 INFO    round   6  eval  H4  WT=0.7251 TC=0.6710 ET=0.6593
2026-08-10 19:17:22,665 INFO    round   6  VAL mean WT=0.7452
2026-08-10 19:17:53,583 INFO    round   7       H1  train_loss=0.5060  lr=8.61e-04
2026-08-10 19:18:28,435 INFO    round   7       H2  train_loss=0.5189  lr=8.61e-04
2026-08-10 19:19:01,501 INFO    round   7       H3  train_loss=0.5542  lr=8.61e-04
2026-08-10 19:19:34,722 INFO    round   7       H4  train_loss=0.5521  lr=8.61e-04
2026-08-10 19:20:18,142 INFO    round   7  eval  H1  WT=0.8465 TC=0.7600 ET=0.7392
2026-08-10 19:21:00,304 INFO    round   7  eval  H2  WT=0.7991 TC=0.7622 ET=0.7412
2026-08-10 19:21:42,339 INFO    round   7  eval  H3  WT=0.7782 TC=0.7787 ET=0.7412
2026-08-10 19:22:22,582 INFO    round   7  eval  H4  WT=0.7110 TC=0.6989 ET=0.6724
2026-08-10 19:23:15,091 INFO    round   7  VAL mean WT=0.7604
2026-08-10 19:23:47,801 INFO    round   8       H1  train_loss=0.5155  lr=8.14e-04
2026-08-10 19:24:20,644 INFO    round   8       H2  train_loss=0.5262  lr=8.14e-04
2026-08-10 19:24:53,367 INFO    round   8       H3  train_loss=0.5214  lr=8.14e-04
2026-08-10 19:25:28,310 INFO    round   8       H4  train_loss=0.5443  lr=8.14e-04
2026-08-10 19:26:11,375 INFO    round   8  eval  H1  WT=0.8546 TC=0.7844 ET=0.7597
2026-08-10 19:26:52,696 INFO    round   8  eval  H2  WT=0.8347 TC=0.8031 ET=0.7792
2026-08-10 19:27:34,847 INFO    round   8  eval  H3  WT=0.8149 TC=0.8009 ET=0.7718
2026-08-10 19:28:14,720 INFO    round   8  eval  H4  WT=0.7797 TC=0.7616 ET=0.7137
2026-08-10 19:29:05,651 INFO    round   8  VAL mean WT=0.7934  <- best so far
2026-08-10 19:29:37,416 INFO    round   9       H1  train_loss=0.5000  lr=7.63e-04
2026-08-10 19:30:11,234 INFO    round   9       H2  train_loss=0.5207  lr=7.63e-04
2026-08-10 19:30:45,147 INFO    round   9       H3  train_loss=0.5161  lr=7.63e-04
2026-08-10 19:31:15,142 INFO    round   9       H4  train_loss=0.5435  lr=7.63e-04
2026-08-10 19:31:58,429 INFO    round   9  eval  H1  WT=0.8493 TC=0.8008 ET=0.7649
2026-08-10 19:32:43,829 INFO    round   9  eval  H2  WT=0.8450 TC=0.8187 ET=0.7950
2026-08-10 19:33:27,113 INFO    round   9  eval  H3  WT=0.7744 TC=0.7817 ET=0.7651
2026-08-10 19:34:07,336 INFO    round   9  eval  H4  WT=0.7875 TC=0.7651 ET=0.7182
2026-08-10 19:34:58,298 INFO    round   9  VAL mean WT=0.7949  <- best so far
2026-08-10 19:35:31,435 INFO    round  10       H1  train_loss=0.4797  lr=7.07e-04
2026-08-10 19:36:05,149 INFO    round  10       H2  train_loss=0.4965  lr=7.07e-04
2026-08-10 19:36:38,838 INFO    round  10       H3  train_loss=0.5105  lr=7.07e-04
2026-08-10 19:37:13,582 INFO    round  10       H4  train_loss=0.5286  lr=7.07e-04
2026-08-10 19:37:59,689 INFO    round  10  eval  H1  WT=0.8509 TC=0.7941 ET=0.7550
2026-08-10 19:38:40,825 INFO    round  10  eval  H2  WT=0.8592 TC=0.8305 ET=0.7963
2026-08-10 19:39:25,911 INFO    round  10  eval  H3  WT=0.7895 TC=0.7794 ET=0.7458
2026-08-10 19:40:06,917 INFO    round  10  eval  H4  WT=0.8076 TC=0.7707 ET=0.7221
2026-08-10 19:40:58,811 INFO    round  10  VAL mean WT=0.8051  <- best so far
2026-08-10 19:41:28,399 INFO    round  11       H1  train_loss=0.5176  lr=6.48e-04
2026-08-10 19:41:59,320 INFO    round  11       H2  train_loss=0.5039  lr=6.48e-04
2026-08-10 19:42:30,034 INFO    round  11       H3  train_loss=0.5239  lr=6.48e-04
2026-08-10 19:43:01,016 INFO    round  11       H4  train_loss=0.5307  lr=6.48e-04
2026-08-10 19:43:45,309 INFO    round  11  eval  H1  WT=0.8683 TC=0.7921 ET=0.7730
2026-08-10 19:44:34,311 INFO    round  11  eval  H2  WT=0.8289 TC=0.8288 ET=0.7924
2026-08-10 19:45:16,940 INFO    round  11  eval  H3  WT=0.8381 TC=0.8236 ET=0.7786
2026-08-10 19:45:58,919 INFO    round  11  eval  H4  WT=0.7863 TC=0.7650 ET=0.7128
2026-08-10 19:46:53,589 INFO    round  11  VAL mean WT=0.8050
2026-08-10 19:47:27,238 INFO    round  12       H1  train_loss=0.5093  lr=5.87e-04
2026-08-10 19:48:02,539 INFO    round  12       H2  train_loss=0.4873  lr=5.87e-04
2026-08-10 19:48:36,825 INFO    round  12       H3  train_loss=0.5237  lr=5.87e-04
2026-08-10 19:49:11,524 INFO    round  12       H4  train_loss=0.5285  lr=5.87e-04
2026-08-10 19:49:56,699 INFO    round  12  eval  H1  WT=0.8529 TC=0.7988 ET=0.7605
2026-08-10 19:50:38,378 INFO    round  12  eval  H2  WT=0.8595 TC=0.8344 ET=0.8019
2026-08-10 19:51:20,474 INFO    round  12  eval  H3  WT=0.8510 TC=0.8393 ET=0.7928
2026-08-10 19:52:01,010 INFO    round  12  eval  H4  WT=0.8075 TC=0.7945 ET=0.7417
2026-08-10 19:52:53,696 INFO    round  12  VAL mean WT=0.8045
2026-08-10 19:53:27,303 INFO    round  13       H1  train_loss=0.4863  lr=5.25e-04
2026-08-10 19:54:01,015 INFO    round  13       H2  train_loss=0.4873  lr=5.25e-04
2026-08-10 19:54:40,759 INFO    round  13       H3  train_loss=0.5081  lr=5.25e-04
2026-08-10 19:55:20,899 INFO    round  13       H4  train_loss=0.5049  lr=5.25e-04
2026-08-10 19:56:16,975 INFO    round  13  eval  H1  WT=0.8659 TC=0.8119 ET=0.7724
2026-08-10 19:57:10,820 INFO    round  13  eval  H2  WT=0.8445 TC=0.8463 ET=0.8084
2026-08-10 19:58:02,373 INFO    round  13  eval  H3  WT=0.8617 TC=0.8393 ET=0.7966
2026-08-10 19:58:43,214 INFO    round  13  eval  H4  WT=0.8143 TC=0.7860 ET=0.7320
2026-08-10 19:59:34,738 INFO    round  13  VAL mean WT=0.8166  <- best so far
2026-08-10 20:00:09,338 INFO    round  14       H1  train_loss=0.4764  lr=4.63e-04
2026-08-10 20:00:45,041 INFO    round  14       H2  train_loss=0.4930  lr=4.63e-04
2026-08-10 20:01:19,817 INFO    round  14       H3  train_loss=0.4997  lr=4.63e-04
2026-08-10 20:01:58,121 INFO    round  14       H4  train_loss=0.4996  lr=4.63e-04
2026-08-10 20:02:42,119 INFO    round  14  eval  H1  WT=0.8735 TC=0.8182 ET=0.7805
2026-08-10 20:03:23,942 INFO    round  14  eval  H2  WT=0.8749 TC=0.8521 ET=0.8144
2026-08-10 20:04:06,841 INFO    round  14  eval  H3  WT=0.8228 TC=0.8235 ET=0.7842
2026-08-10 20:04:46,978 INFO    round  14  eval  H4  WT=0.7869 TC=0.7666 ET=0.7146
2026-08-10 20:05:38,104 INFO    round  14  VAL mean WT=0.8129
2026-08-10 20:06:09,615 INFO    round  15       H1  train_loss=0.4898  lr=4.02e-04
2026-08-10 20:06:44,312 INFO    round  15       H2  train_loss=0.4762  lr=4.02e-04
2026-08-10 20:07:17,728 INFO    round  15       H3  train_loss=0.5095  lr=4.02e-04
2026-08-10 20:07:49,444 INFO    round  15       H4  train_loss=0.5290  lr=4.02e-04
2026-08-10 20:08:33,391 INFO    round  15  eval  H1  WT=0.8698 TC=0.8118 ET=0.7721
2026-08-10 20:09:14,598 INFO    round  15  eval  H2  WT=0.8291 TC=0.8450 ET=0.8045
2026-08-10 20:09:56,253 INFO    round  15  eval  H3  WT=0.8602 TC=0.8533 ET=0.8052
2026-08-10 20:10:36,527 INFO    round  15  eval  H4  WT=0.8066 TC=0.7960 ET=0.7392
2026-08-10 20:11:27,404 INFO    round  15  VAL mean WT=0.7972
2026-08-10 20:11:59,381 INFO    round  16       H1  train_loss=0.4774  lr=3.43e-04
2026-08-10 20:12:28,399 INFO    round  16       H2  train_loss=0.4716  lr=3.43e-04
2026-08-10 20:13:01,780 INFO    round  16       H3  train_loss=0.5014  lr=3.43e-04
2026-08-10 20:13:35,503 INFO    round  16       H4  train_loss=0.4901  lr=3.43e-04
2026-08-10 20:14:19,915 INFO    round  16  eval  H1  WT=0.8725 TC=0.8161 ET=0.7816
2026-08-10 20:15:00,588 INFO    round  16  eval  H2  WT=0.8699 TC=0.8557 ET=0.8127
2026-08-10 20:15:42,396 INFO    round  16  eval  H3  WT=0.8642 TC=0.8482 ET=0.8014
2026-08-10 20:16:23,021 INFO    round  16  eval  H4  WT=0.8229 TC=0.8058 ET=0.7517
2026-08-10 20:17:13,348 INFO    round  16  VAL mean WT=0.8336  <- best so far
2026-08-10 20:17:46,092 INFO    round  17       H1  train_loss=0.4811  lr=2.88e-04
2026-08-10 20:18:21,193 INFO    round  17       H2  train_loss=0.4628  lr=2.88e-04
2026-08-10 20:18:54,990 INFO    round  17       H3  train_loss=0.4892  lr=2.88e-04
2026-08-10 20:19:28,196 INFO    round  17       H4  train_loss=0.5123  lr=2.88e-04
2026-08-10 20:20:11,162 INFO    round  17  eval  H1  WT=0.8761 TC=0.8228 ET=0.7841
2026-08-10 20:20:51,913 INFO    round  17  eval  H2  WT=0.8578 TC=0.8518 ET=0.8115
2026-08-10 20:21:33,625 INFO    round  17  eval  H3  WT=0.8378 TC=0.8443 ET=0.7982
2026-08-10 20:22:13,677 INFO    round  17  eval  H4  WT=0.8326 TC=0.8046 ET=0.7485
2026-08-10 20:23:04,129 INFO    round  17  VAL mean WT=0.8347  <- best so far
2026-08-10 20:23:37,534 INFO    round  18       H1  train_loss=0.4572  lr=2.36e-04
2026-08-10 20:24:12,923 INFO    round  18       H2  train_loss=0.4684  lr=2.36e-04
2026-08-10 20:24:46,564 INFO    round  18       H3  train_loss=0.4860  lr=2.36e-04
2026-08-10 20:25:20,492 INFO    round  18       H4  train_loss=0.5077  lr=2.36e-04
2026-08-10 20:26:03,362 INFO    round  18  eval  H1  WT=0.8724 TC=0.8128 ET=0.7718
2026-08-10 20:26:44,207 INFO    round  18  eval  H2  WT=0.8801 TC=0.8594 ET=0.8208
2026-08-10 20:27:26,417 INFO    round  18  eval  H3  WT=0.8661 TC=0.8515 ET=0.8027
2026-08-10 20:28:10,944 INFO    round  18  eval  H4  WT=0.8180 TC=0.8073 ET=0.7544
2026-08-10 20:29:01,330 INFO    round  18  VAL mean WT=0.8290
2026-08-10 20:29:36,317 INFO    round  19       H1  train_loss=0.4854  lr=1.89e-04
2026-08-10 20:30:12,283 INFO    round  19       H2  train_loss=0.4614  lr=1.89e-04
2026-08-10 20:30:49,767 INFO    round  19       H3  train_loss=0.4931  lr=1.89e-04
2026-08-10 20:31:27,692 INFO    round  19       H4  train_loss=0.5294  lr=1.89e-04
2026-08-10 20:32:20,974 INFO    round  19  eval  H1  WT=0.8744 TC=0.8231 ET=0.7819
2026-08-10 20:33:03,732 INFO    round  19  eval  H2  WT=0.8525 TC=0.8396 ET=0.8033
2026-08-10 20:33:44,981 INFO    round  19  eval  H3  WT=0.8657 TC=0.8548 ET=0.8105
2026-08-10 20:34:22,595 INFO    round  19  eval  H4  WT=0.8313 TC=0.8052 ET=0.7454
2026-08-10 20:35:13,034 INFO    round  19  VAL mean WT=0.8310
2026-08-10 20:35:43,954 INFO    round  20       H1  train_loss=0.4606  lr=1.48e-04
2026-08-10 20:36:17,964 INFO    round  20       H2  train_loss=0.4840  lr=1.48e-04
2026-08-10 20:36:50,539 INFO    round  20       H3  train_loss=0.4708  lr=1.48e-04
2026-08-10 20:37:25,002 INFO    round  20       H4  train_loss=0.5100  lr=1.48e-04
2026-08-10 20:38:08,570 INFO    round  20  eval  H1  WT=0.8691 TC=0.8219 ET=0.7789
2026-08-10 20:38:49,550 INFO    round  20  eval  H2  WT=0.8786 TC=0.8604 ET=0.8206
2026-08-10 20:39:31,585 INFO    round  20  eval  H3  WT=0.8715 TC=0.8452 ET=0.8041
2026-08-10 20:40:11,867 INFO    round  20  eval  H4  WT=0.8282 TC=0.8047 ET=0.7509
2026-08-10 20:41:02,160 INFO    round  20  VAL mean WT=0.8343
2026-08-10 20:41:32,932 INFO    round  21       H1  train_loss=0.4707  lr=1.14e-04
2026-08-10 20:42:05,585 INFO    round  21       H2  train_loss=0.4865  lr=1.14e-04
2026-08-10 20:42:38,918 INFO    round  21       H3  train_loss=0.4797  lr=1.14e-04
2026-08-10 20:43:10,302 INFO    round  21       H4  train_loss=0.4821  lr=1.14e-04
2026-08-10 20:43:53,387 INFO    round  21  eval  H1  WT=0.8783 TC=0.8226 ET=0.7817
2026-08-10 20:44:34,250 INFO    round  21  eval  H2  WT=0.8684 TC=0.8582 ET=0.8179
2026-08-10 20:45:17,681 INFO    round  21  eval  H3  WT=0.8706 TC=0.8536 ET=0.8111
2026-08-10 20:46:04,778 INFO    round  21  eval  H4  WT=0.8244 TC=0.8091 ET=0.7522
2026-08-10 20:46:55,486 INFO    round  21  VAL mean WT=0.8309
2026-08-10 20:47:26,750 INFO    round  22       H1  train_loss=0.4734  lr=8.62e-05
2026-08-10 20:48:00,204 INFO    round  22       H2  train_loss=0.4753  lr=8.62e-05
2026-08-10 20:48:34,118 INFO    round  22       H3  train_loss=0.4850  lr=8.62e-05
2026-08-10 20:49:09,120 INFO    round  22       H4  train_loss=0.5120  lr=8.62e-05
2026-08-10 20:49:54,431 INFO    round  22  eval  H1  WT=0.8783 TC=0.8231 ET=0.7878
2026-08-10 20:50:34,554 INFO    round  22  eval  H2  WT=0.8768 TC=0.8607 ET=0.8197
2026-08-10 20:51:15,443 INFO    round  22  eval  H3  WT=0.8634 TC=0.8511 ET=0.8075
2026-08-10 20:51:55,167 INFO    round  22  eval  H4  WT=0.8259 TC=0.8129 ET=0.7576
2026-08-10 20:52:45,020 INFO    round  22  VAL mean WT=0.8315
2026-08-10 20:53:17,449 INFO    round  23       H1  train_loss=0.4783  lr=6.62e-05
2026-08-10 20:53:49,981 INFO    round  23       H2  train_loss=0.4725  lr=6.62e-05
2026-08-10 20:54:22,891 INFO    round  23       H3  train_loss=0.4968  lr=6.62e-05
2026-08-10 20:54:57,280 INFO    round  23       H4  train_loss=0.5005  lr=6.62e-05
2026-08-10 20:55:39,154 INFO    round  23  eval  H1  WT=0.8806 TC=0.8324 ET=0.7892
2026-08-10 20:56:19,924 INFO    round  23  eval  H2  WT=0.8710 TC=0.8636 ET=0.8262
2026-08-10 20:57:01,776 INFO    round  23  eval  H3  WT=0.8610 TC=0.8498 ET=0.8085
2026-08-10 20:57:41,485 INFO    round  23  eval  H4  WT=0.8273 TC=0.8115 ET=0.7550
2026-08-10 20:58:31,658 INFO    round  23  VAL mean WT=0.8329
2026-08-10 20:59:01,955 INFO    round  24       H1  train_loss=0.4718  lr=5.41e-05
2026-08-10 20:59:35,507 INFO    round  24       H2  train_loss=0.4665  lr=5.41e-05
2026-08-10 21:00:07,667 INFO    round  24       H3  train_loss=0.4862  lr=5.41e-05
2026-08-10 21:00:38,468 INFO    round  24       H4  train_loss=0.4948  lr=5.41e-05
2026-08-10 21:01:21,845 INFO    round  24  eval  H1  WT=0.8768 TC=0.8280 ET=0.7866
2026-08-10 21:02:02,765 INFO    round  24  eval  H2  WT=0.8817 TC=0.8650 ET=0.8270
2026-08-10 21:02:44,615 INFO    round  24  eval  H3  WT=0.8704 TC=0.8568 ET=0.8154
2026-08-10 21:03:25,390 INFO    round  24  eval  H4  WT=0.8167 TC=0.8082 ET=0.7534
2026-08-10 21:04:22,380 INFO    round  24  VAL mean WT=0.8287
2026-08-10 21:04:56,184 INFO    round  25       H1  train_loss=0.4653  lr=5.00e-05
2026-08-10 21:05:32,547 INFO    round  25       H2  train_loss=0.4536  lr=5.00e-05
2026-08-10 21:06:08,101 INFO    round  25       H3  train_loss=0.4794  lr=5.00e-05
2026-08-10 21:06:43,192 INFO    round  25       H4  train_loss=0.5045  lr=5.00e-05
2026-08-10 21:07:29,932 INFO    round  25  eval  H1  WT=0.8799 TC=0.8293 ET=0.7917
2026-08-10 21:08:13,646 INFO    round  25  eval  H2  WT=0.8723 TC=0.8590 ET=0.8220
2026-08-10 21:08:56,255 INFO    round  25  eval  H3  WT=0.8689 TC=0.8549 ET=0.8131
2026-08-10 21:09:38,799 INFO    round  25  eval  H4  WT=0.8265 TC=0.8127 ET=0.7555
2026-08-10 21:10:31,150 INFO    round  25  VAL mean WT=0.8358  <- best so far
2026-08-10 21:10:31,300 INFO    selected round 25 by validation WT=0.8358 (of 25 rounds)
2026-08-10 21:10:31,302 INFO    final evaluation at round 25 (tta=True)
2026-08-10 21:11:47,021 INFO      final H1  WT=0.8841 TC=0.8315 ET=0.7952
2026-08-10 21:13:04,912 INFO      final H2  WT=0.8779 TC=0.8645 ET=0.8284
2026-08-10 21:14:23,838 INFO      final H3  WT=0.8724 TC=0.8539 ET=0.8143
2026-08-10 21:15:39,062 INFO      final H4  WT=0.8313 TC=0.8181 ET=0.7607
2026-08-10 21:15:39,219 INFO    done -> D:\capstone\artifacts\runs\v2\fedbn_2d_42
