2026-08-12 22:27:52,016 INFO    run_id=fedavg_2d_42 method=fedavg dim=2d device=cuda
2026-08-12 22:27:52,017 INFO    tag=v3 -> D:\capstone\artifacts\runs\v3\fedavg_2d_42
2026-08-12 22:27:52,017 INFO    R=25 E=1 -> 25 total local epochs/hospital
2026-08-12 22:27:52,017 INFO    lr=0.001 schedule=cosine augment=True tta=True postproc_min_voxels=50 select_by=best_val
2026-08-12 22:27:52,017 INFO      H1: 230 train / 20 val / 62 test cases
2026-08-12 22:27:52,017 INFO      H2: 230 train / 20 val / 62 test cases
2026-08-12 22:27:52,017 INFO      H3: 230 train / 20 val / 62 test cases
2026-08-12 22:27:52,017 INFO      H4: 230 train / 20 val / 62 test cases
2026-08-12 22:28:29,518 INFO    round   1       H1  train_loss=1.5032  lr=1.00e-03
2026-08-12 22:29:06,595 INFO    round   1       H2  train_loss=1.4874  lr=1.00e-03
2026-08-12 22:29:45,102 INFO    round   1       H3  train_loss=1.5094  lr=1.00e-03
2026-08-12 22:30:24,434 INFO    round   1       H4  train_loss=1.5003  lr=1.00e-03
2026-08-12 22:31:03,286 INFO    round   1  eval  H1  WT=0.7723 TC=0.5424 ET=0.6041
2026-08-12 22:31:40,991 INFO    round   1  eval  H2  WT=0.7602 TC=0.5762 ET=0.6295
2026-08-12 22:32:18,740 INFO    round   1  eval  H3  WT=0.7267 TC=0.5540 ET=0.5831
2026-08-12 22:32:55,151 INFO    round   1  eval  H4  WT=0.6510 TC=0.4542 ET=0.4925
2026-08-12 22:33:42,483 INFO    round   1  VAL mean WT=0.7204  <- best so far
2026-08-12 22:34:26,571 INFO    round   2       H1  train_loss=0.8866  lr=9.96e-04
2026-08-12 22:35:10,942 INFO    round   2       H2  train_loss=0.8833  lr=9.96e-04
2026-08-12 22:35:53,854 INFO    round   2       H3  train_loss=0.8903  lr=9.96e-04
2026-08-12 22:36:39,430 INFO    round   2       H4  train_loss=0.9043  lr=9.96e-04
2026-08-12 22:37:17,159 INFO    round   2  eval  H1  WT=0.8124 TC=0.6528 ET=0.6733
2026-08-12 22:37:54,117 INFO    round   2  eval  H2  WT=0.8032 TC=0.7050 ET=0.7160
2026-08-12 22:38:32,024 INFO    round   2  eval  H3  WT=0.7709 TC=0.6878 ET=0.6914
2026-08-12 22:39:08,010 INFO    round   2  eval  H4  WT=0.7060 TC=0.6283 ET=0.6196
2026-08-12 22:39:54,945 INFO    round   2  VAL mean WT=0.7677  <- best so far
2026-08-12 22:40:38,792 INFO    round   3       H1  train_loss=0.6196  lr=9.84e-04
2026-08-12 22:41:22,833 INFO    round   3       H2  train_loss=0.6095  lr=9.84e-04
2026-08-12 22:42:06,841 INFO    round   3       H3  train_loss=0.6231  lr=9.84e-04
2026-08-12 22:42:51,769 INFO    round   3       H4  train_loss=0.6412  lr=9.84e-04
2026-08-12 22:43:30,186 INFO    round   3  eval  H1  WT=0.8316 TC=0.6831 ET=0.7096
2026-08-12 22:44:06,774 INFO    round   3  eval  H2  WT=0.8227 TC=0.7291 ET=0.7519
2026-08-12 22:44:44,330 INFO    round   3  eval  H3  WT=0.7825 TC=0.7170 ET=0.7240
2026-08-12 22:45:20,260 INFO    round   3  eval  H4  WT=0.7025 TC=0.6395 ET=0.6316
2026-08-12 22:46:07,180 INFO    round   3  VAL mean WT=0.7683  <- best so far
2026-08-12 22:46:50,742 INFO    round   4       H1  train_loss=0.5759  lr=9.64e-04
2026-08-12 22:47:34,970 INFO    round   4       H2  train_loss=0.5676  lr=9.64e-04
2026-08-12 22:48:18,954 INFO    round   4       H3  train_loss=0.5740  lr=9.64e-04
2026-08-12 22:49:03,623 INFO    round   4       H4  train_loss=0.6014  lr=9.64e-04
2026-08-12 22:49:41,692 INFO    round   4  eval  H1  WT=0.8481 TC=0.7057 ET=0.7364
2026-08-12 22:50:19,147 INFO    round   4  eval  H2  WT=0.8387 TC=0.7342 ET=0.7771
2026-08-12 22:50:56,415 INFO    round   4  eval  H3  WT=0.7896 TC=0.6956 ET=0.7421
2026-08-12 22:51:32,935 INFO    round   4  eval  H4  WT=0.7060 TC=0.6080 ET=0.6447
2026-08-12 22:52:20,550 INFO    round   4  VAL mean WT=0.7821  <- best so far
2026-08-12 22:53:04,303 INFO    round   5       H1  train_loss=0.5557  lr=9.36e-04
2026-08-12 22:53:48,147 INFO    round   5       H2  train_loss=0.5660  lr=9.36e-04
2026-08-12 22:54:32,284 INFO    round   5       H3  train_loss=0.5702  lr=9.36e-04
2026-08-12 22:55:17,820 INFO    round   5       H4  train_loss=0.5914  lr=9.36e-04
2026-08-12 22:55:55,571 INFO    round   5  eval  H1  WT=0.8408 TC=0.7259 ET=0.7328
2026-08-12 22:56:32,124 INFO    round   5  eval  H2  WT=0.8425 TC=0.7731 ET=0.7866
2026-08-12 22:57:09,426 INFO    round   5  eval  H3  WT=0.8132 TC=0.7701 ET=0.7635
2026-08-12 22:57:45,337 INFO    round   5  eval  H4  WT=0.7288 TC=0.6960 ET=0.6759
2026-08-12 22:58:32,108 INFO    round   5  VAL mean WT=0.7784
2026-08-12 22:59:16,147 INFO    round   6       H1  train_loss=0.5403  lr=9.02e-04
2026-08-12 23:00:00,302 INFO    round   6       H2  train_loss=0.5512  lr=9.02e-04
2026-08-12 23:00:42,826 INFO    round   6       H3  train_loss=0.5487  lr=9.02e-04
2026-08-12 23:01:27,700 INFO    round   6       H4  train_loss=0.5656  lr=9.02e-04
2026-08-12 23:02:05,772 INFO    round   6  eval  H1  WT=0.8510 TC=0.7683 ET=0.7519
2026-08-12 23:02:42,376 INFO    round   6  eval  H2  WT=0.8543 TC=0.8002 ET=0.7923
2026-08-12 23:03:19,636 INFO    round   6  eval  H3  WT=0.8246 TC=0.7800 ET=0.7678
2026-08-12 23:03:55,988 INFO    round   6  eval  H4  WT=0.7495 TC=0.7083 ET=0.6844
2026-08-12 23:04:42,933 INFO    round   6  VAL mean WT=0.7923  <- best so far
2026-08-12 23:05:27,797 INFO    round   7       H1  train_loss=0.5387  lr=8.61e-04
2026-08-12 23:06:12,446 INFO    round   7       H2  train_loss=0.5249  lr=8.61e-04
2026-08-12 23:06:55,728 INFO    round   7       H3  train_loss=0.5604  lr=8.61e-04
2026-08-12 23:07:40,183 INFO    round   7       H4  train_loss=0.5562  lr=8.61e-04
2026-08-12 23:08:18,409 INFO    round   7  eval  H1  WT=0.8662 TC=0.7841 ET=0.7676
2026-08-12 23:08:54,957 INFO    round   7  eval  H2  WT=0.8598 TC=0.8177 ET=0.8010
2026-08-12 23:09:32,728 INFO    round   7  eval  H3  WT=0.8146 TC=0.8069 ET=0.7827
2026-08-12 23:10:08,578 INFO    round   7  eval  H4  WT=0.7250 TC=0.7341 ET=0.7055
2026-08-12 23:10:55,351 INFO    round   7  VAL mean WT=0.8009  <- best so far
2026-08-12 23:11:38,302 INFO    round   8       H1  train_loss=0.5313  lr=8.14e-04
2026-08-12 23:12:23,315 INFO    round   8       H2  train_loss=0.5346  lr=8.14e-04
2026-08-12 23:13:06,503 INFO    round   8       H3  train_loss=0.5380  lr=8.14e-04
2026-08-12 23:13:51,112 INFO    round   8       H4  train_loss=0.5402  lr=8.14e-04
2026-08-12 23:14:28,714 INFO    round   8  eval  H1  WT=0.8651 TC=0.8035 ET=0.7649
2026-08-12 23:15:05,230 INFO    round   8  eval  H2  WT=0.8667 TC=0.8246 ET=0.8034
2026-08-12 23:15:42,387 INFO    round   8  eval  H3  WT=0.8349 TC=0.8114 ET=0.7794
2026-08-12 23:16:18,309 INFO    round   8  eval  H4  WT=0.7431 TC=0.7287 ET=0.6888
2026-08-12 23:17:05,238 INFO    round   8  VAL mean WT=0.8000
2026-08-12 23:17:50,208 INFO    round   9       H1  train_loss=0.5063  lr=7.63e-04
2026-08-12 23:18:32,926 INFO    round   9       H2  train_loss=0.5207  lr=7.63e-04
2026-08-12 23:19:16,812 INFO    round   9       H3  train_loss=0.5379  lr=7.63e-04
2026-08-12 23:20:08,143 INFO    round   9       H4  train_loss=0.5529  lr=7.63e-04
2026-08-12 23:20:47,395 INFO    round   9  eval  H1  WT=0.8759 TC=0.8081 ET=0.7635
2026-08-12 23:21:25,748 INFO    round   9  eval  H2  WT=0.8719 TC=0.8306 ET=0.8093
2026-08-12 23:22:03,302 INFO    round   9  eval  H3  WT=0.8322 TC=0.8002 ET=0.7870
2026-08-12 23:22:39,669 INFO    round   9  eval  H4  WT=0.7434 TC=0.7251 ET=0.6964
2026-08-12 23:23:27,010 INFO    round   9  VAL mean WT=0.8076  <- best so far
2026-08-12 23:24:13,135 INFO    round  10       H1  train_loss=0.5317  lr=7.07e-04
2026-08-12 23:24:58,984 INFO    round  10       H2  train_loss=0.5028  lr=7.07e-04
2026-08-12 23:25:43,451 INFO    round  10       H3  train_loss=0.5306  lr=7.07e-04
2026-08-12 23:26:27,765 INFO    round  10       H4  train_loss=0.5598  lr=7.07e-04
2026-08-12 23:27:06,567 INFO    round  10  eval  H1  WT=0.8638 TC=0.8152 ET=0.7704
2026-08-12 23:27:43,295 INFO    round  10  eval  H2  WT=0.8692 TC=0.8431 ET=0.8119
2026-08-12 23:28:20,600 INFO    round  10  eval  H3  WT=0.8436 TC=0.8263 ET=0.7861
2026-08-12 23:28:56,538 INFO    round  10  eval  H4  WT=0.7621 TC=0.7355 ET=0.6868
2026-08-12 23:29:43,075 INFO    round  10  VAL mean WT=0.8046
2026-08-12 23:30:24,633 INFO    round  11       H1  train_loss=0.5159  lr=6.48e-04
2026-08-12 23:31:09,613 INFO    round  11       H2  train_loss=0.5127  lr=6.48e-04
2026-08-12 23:31:54,619 INFO    round  11       H3  train_loss=0.5049  lr=6.48e-04
2026-08-12 23:32:38,863 INFO    round  11       H4  train_loss=0.5365  lr=6.48e-04
2026-08-12 23:33:17,007 INFO    round  11  eval  H1  WT=0.8784 TC=0.8181 ET=0.7779
2026-08-12 23:33:53,127 INFO    round  11  eval  H2  WT=0.8788 TC=0.8477 ET=0.8188
2026-08-12 23:34:29,962 INFO    round  11  eval  H3  WT=0.8466 TC=0.8389 ET=0.7959
2026-08-12 23:35:05,171 INFO    round  11  eval  H4  WT=0.7584 TC=0.7528 ET=0.7027
2026-08-12 23:35:51,218 INFO    round  11  VAL mean WT=0.8159  <- best so far
2026-08-12 23:36:33,796 INFO    round  12       H1  train_loss=0.5293  lr=5.87e-04
2026-08-12 23:37:18,760 INFO    round  12       H2  train_loss=0.5148  lr=5.87e-04
2026-08-12 23:38:02,751 INFO    round  12       H3  train_loss=0.5243  lr=5.87e-04
2026-08-12 23:38:47,445 INFO    round  12       H4  train_loss=0.5529  lr=5.87e-04
2026-08-12 23:39:24,878 INFO    round  12  eval  H1  WT=0.8745 TC=0.8218 ET=0.7743
2026-08-12 23:40:01,004 INFO    round  12  eval  H2  WT=0.8763 TC=0.8446 ET=0.8154
2026-08-12 23:40:37,693 INFO    round  12  eval  H3  WT=0.8351 TC=0.8265 ET=0.7898
2026-08-12 23:41:13,164 INFO    round  12  eval  H4  WT=0.7545 TC=0.7431 ET=0.6871
2026-08-12 23:41:59,340 INFO    round  12  VAL mean WT=0.8079
2026-08-12 23:42:42,687 INFO    round  13       H1  train_loss=0.5124  lr=5.25e-04
2026-08-12 23:43:27,664 INFO    round  13       H2  train_loss=0.5103  lr=5.25e-04
2026-08-12 23:44:10,980 INFO    round  13       H3  train_loss=0.5181  lr=5.25e-04
2026-08-12 23:44:55,444 INFO    round  13       H4  train_loss=0.5373  lr=5.25e-04
2026-08-12 23:45:32,528 INFO    round  13  eval  H1  WT=0.8747 TC=0.8219 ET=0.7701
2026-08-12 23:46:08,366 INFO    round  13  eval  H2  WT=0.8807 TC=0.8504 ET=0.8138
2026-08-12 23:46:44,731 INFO    round  13  eval  H3  WT=0.8488 TC=0.8434 ET=0.7910
2026-08-12 23:47:20,182 INFO    round  13  eval  H4  WT=0.7593 TC=0.7516 ET=0.6970
2026-08-12 23:48:06,334 INFO    round  13  VAL mean WT=0.8125
2026-08-12 23:48:53,453 INFO    round  14       H1  train_loss=0.5110  lr=4.63e-04
2026-08-12 23:49:38,114 INFO    round  14       H2  train_loss=0.5041  lr=4.63e-04
2026-08-12 23:50:22,700 INFO    round  14       H3  train_loss=0.5051  lr=4.63e-04
2026-08-12 23:51:07,109 INFO    round  14       H4  train_loss=0.5293  lr=4.63e-04
2026-08-12 23:51:45,127 INFO    round  14  eval  H1  WT=0.8819 TC=0.8318 ET=0.7822
2026-08-12 23:52:22,441 INFO    round  14  eval  H2  WT=0.8870 TC=0.8591 ET=0.8233
2026-08-12 23:52:59,944 INFO    round  14  eval  H3  WT=0.8622 TC=0.8448 ET=0.7988
2026-08-12 23:53:35,361 INFO    round  14  eval  H4  WT=0.7764 TC=0.7640 ET=0.7060
2026-08-12 23:54:21,687 INFO    round  14  VAL mean WT=0.8183  <- best so far
2026-08-12 23:55:04,737 INFO    round  15       H1  train_loss=0.5012  lr=4.02e-04
2026-08-12 23:55:47,566 INFO    round  15       H2  train_loss=0.5043  lr=4.02e-04
2026-08-12 23:56:33,521 INFO    round  15       H3  train_loss=0.5117  lr=4.02e-04
2026-08-12 23:57:17,751 INFO    round  15       H4  train_loss=0.5253  lr=4.02e-04
2026-08-12 23:57:55,437 INFO    round  15  eval  H1  WT=0.8814 TC=0.8348 ET=0.7832
2026-08-12 23:58:32,089 INFO    round  15  eval  H2  WT=0.8869 TC=0.8619 ET=0.8223
2026-08-12 23:59:08,955 INFO    round  15  eval  H3  WT=0.8607 TC=0.8532 ET=0.7996
2026-08-12 23:59:44,664 INFO    round  15  eval  H4  WT=0.7629 TC=0.7532 ET=0.6970
2026-08-13 00:00:30,494 INFO    round  15  VAL mean WT=0.8160
2026-08-13 00:01:12,804 INFO    round  16       H1  train_loss=0.4982  lr=3.43e-04
2026-08-13 00:01:57,241 INFO    round  16       H2  train_loss=0.4936  lr=3.43e-04
2026-08-13 00:02:41,257 INFO    round  16       H3  train_loss=0.5029  lr=3.43e-04
2026-08-13 00:03:24,788 INFO    round  16       H4  train_loss=0.5258  lr=3.43e-04
2026-08-13 00:04:01,709 INFO    round  16  eval  H1  WT=0.8816 TC=0.8316 ET=0.7770
2026-08-13 00:04:37,703 INFO    round  16  eval  H2  WT=0.8874 TC=0.8593 ET=0.8183
2026-08-13 00:05:14,122 INFO    round  16  eval  H3  WT=0.8612 TC=0.8592 ET=0.8038
2026-08-13 00:05:49,151 INFO    round  16  eval  H4  WT=0.7627 TC=0.7688 ET=0.7090
2026-08-13 00:06:34,850 INFO    round  16  VAL mean WT=0.8202  <- best so far
2026-08-13 00:07:18,162 INFO    round  17       H1  train_loss=0.5232  lr=2.88e-04
2026-08-13 00:08:02,167 INFO    round  17       H2  train_loss=0.4824  lr=2.88e-04
2026-08-13 00:08:46,573 INFO    round  17       H3  train_loss=0.4983  lr=2.88e-04
2026-08-13 00:09:31,421 INFO    round  17       H4  train_loss=0.5169  lr=2.88e-04
2026-08-13 00:10:08,643 INFO    round  17  eval  H1  WT=0.8854 TC=0.8391 ET=0.7809
2026-08-13 00:10:44,302 INFO    round  17  eval  H2  WT=0.8875 TC=0.8572 ET=0.8204
2026-08-13 00:11:20,842 INFO    round  17  eval  H3  WT=0.8530 TC=0.8461 ET=0.7975
2026-08-13 00:11:55,809 INFO    round  17  eval  H4  WT=0.7502 TC=0.7553 ET=0.7011
2026-08-13 00:12:41,213 INFO    round  17  VAL mean WT=0.8150
2026-08-13 00:13:26,911 INFO    round  18       H1  train_loss=0.4888  lr=2.36e-04
2026-08-13 00:14:11,679 INFO    round  18       H2  train_loss=0.4912  lr=2.36e-04
2026-08-13 00:14:55,441 INFO    round  18       H3  train_loss=0.5096  lr=2.36e-04
2026-08-13 00:15:40,250 INFO    round  18       H4  train_loss=0.5152  lr=2.36e-04
2026-08-13 00:16:18,198 INFO    round  18  eval  H1  WT=0.8842 TC=0.8377 ET=0.7868
2026-08-13 00:16:54,311 INFO    round  18  eval  H2  WT=0.8906 TC=0.8605 ET=0.8251
2026-08-13 00:17:31,257 INFO    round  18  eval  H3  WT=0.8677 TC=0.8550 ET=0.8048
2026-08-13 00:18:07,063 INFO    round  18  eval  H4  WT=0.7749 TC=0.7723 ET=0.7122
2026-08-13 00:18:53,117 INFO    round  18  VAL mean WT=0.8176
2026-08-13 00:19:38,274 INFO    round  19       H1  train_loss=0.5059  lr=1.89e-04
2026-08-13 00:20:23,399 INFO    round  19       H2  train_loss=0.4879  lr=1.89e-04
2026-08-13 00:21:08,572 INFO    round  19       H3  train_loss=0.4977  lr=1.89e-04
2026-08-13 00:21:55,809 INFO    round  19       H4  train_loss=0.5194  lr=1.89e-04
2026-08-13 00:22:33,217 INFO    round  19  eval  H1  WT=0.8862 TC=0.8435 ET=0.7946
2026-08-13 00:23:09,499 INFO    round  19  eval  H2  WT=0.8855 TC=0.8541 ET=0.8206
2026-08-13 00:23:47,713 INFO    round  19  eval  H3  WT=0.8521 TC=0.8408 ET=0.8007
2026-08-13 00:24:23,205 INFO    round  19  eval  H4  WT=0.7414 TC=0.7456 ET=0.6950
2026-08-13 00:25:09,728 INFO    round  19  VAL mean WT=0.8091
2026-08-13 00:25:52,713 INFO    round  20       H1  train_loss=0.4920  lr=1.48e-04
2026-08-13 00:26:35,754 INFO    round  20       H2  train_loss=0.4816  lr=1.48e-04
2026-08-13 00:27:19,666 INFO    round  20       H3  train_loss=0.4997  lr=1.48e-04
2026-08-13 00:28:05,019 INFO    round  20       H4  train_loss=0.5132  lr=1.48e-04
2026-08-13 00:28:43,071 INFO    round  20  eval  H1  WT=0.8870 TC=0.8411 ET=0.7909
2026-08-13 00:29:19,282 INFO    round  20  eval  H2  WT=0.8912 TC=0.8647 ET=0.8299
2026-08-13 00:29:59,575 INFO    round  20  eval  H3  WT=0.8625 TC=0.8579 ET=0.8106
2026-08-13 00:30:38,447 INFO    round  20  eval  H4  WT=0.7706 TC=0.7798 ET=0.7225
2026-08-13 00:31:28,387 INFO    round  20  VAL mean WT=0.8219  <- best so far
2026-08-13 00:32:13,464 INFO    round  21       H1  train_loss=0.4999  lr=1.14e-04
2026-08-13 00:33:02,051 INFO    round  21       H2  train_loss=0.4760  lr=1.14e-04
2026-08-13 00:33:48,291 INFO    round  21       H3  train_loss=0.5002  lr=1.14e-04
2026-08-13 00:34:36,470 INFO    round  21       H4  train_loss=0.5083  lr=1.14e-04
2026-08-13 00:35:17,609 INFO    round  21  eval  H1  WT=0.8873 TC=0.8377 ET=0.7895
2026-08-13 00:35:57,318 INFO    round  21  eval  H2  WT=0.8914 TC=0.8609 ET=0.8258
2026-08-13 00:36:37,125 INFO    round  21  eval  H3  WT=0.8638 TC=0.8504 ET=0.8049
2026-08-13 00:37:16,003 INFO    round  21  eval  H4  WT=0.7626 TC=0.7685 ET=0.7130
2026-08-13 00:38:05,653 INFO    round  21  VAL mean WT=0.8173
2026-08-13 00:38:50,190 INFO    round  22       H1  train_loss=0.5071  lr=8.62e-05
2026-08-13 00:39:36,551 INFO    round  22       H2  train_loss=0.4918  lr=8.62e-05
2026-08-13 00:40:21,892 INFO    round  22       H3  train_loss=0.4860  lr=8.62e-05
2026-08-13 00:41:09,107 INFO    round  22       H4  train_loss=0.5073  lr=8.62e-05
2026-08-13 00:41:50,093 INFO    round  22  eval  H1  WT=0.8883 TC=0.8439 ET=0.7970
2026-08-13 00:42:29,266 INFO    round  22  eval  H2  WT=0.8888 TC=0.8565 ET=0.8260
2026-08-13 00:43:09,548 INFO    round  22  eval  H3  WT=0.8583 TC=0.8550 ET=0.8092
2026-08-13 00:43:45,943 INFO    round  22  eval  H4  WT=0.7633 TC=0.7778 ET=0.7200
2026-08-13 00:44:32,816 INFO    round  22  VAL mean WT=0.8167
2026-08-13 00:45:17,484 INFO    round  23       H1  train_loss=0.4885  lr=6.62e-05
2026-08-13 00:46:02,782 INFO    round  23       H2  train_loss=0.4866  lr=6.62e-05
2026-08-13 00:46:47,462 INFO    round  23       H3  train_loss=0.4979  lr=6.62e-05
2026-08-13 00:47:32,465 INFO    round  23       H4  train_loss=0.4998  lr=6.62e-05
2026-08-13 00:48:11,914 INFO    round  23  eval  H1  WT=0.8885 TC=0.8408 ET=0.7944
2026-08-13 00:48:50,588 INFO    round  23  eval  H2  WT=0.8942 TC=0.8645 ET=0.8301
2026-08-13 00:49:29,265 INFO    round  23  eval  H3  WT=0.8644 TC=0.8589 ET=0.8119
2026-08-13 00:50:06,964 INFO    round  23  eval  H4  WT=0.7728 TC=0.7842 ET=0.7252
2026-08-13 00:50:54,924 INFO    round  23  VAL mean WT=0.8262  <- best so far
2026-08-13 00:51:38,972 INFO    round  24       H1  train_loss=0.4965  lr=5.41e-05
2026-08-13 00:52:21,982 INFO    round  24       H2  train_loss=0.4917  lr=5.41e-05
2026-08-13 00:53:06,901 INFO    round  24       H3  train_loss=0.4917  lr=5.41e-05
2026-08-13 00:53:50,910 INFO    round  24       H4  train_loss=0.5100  lr=5.41e-05
2026-08-13 00:54:29,416 INFO    round  24  eval  H1  WT=0.8886 TC=0.8390 ET=0.7946
2026-08-13 00:55:06,150 INFO    round  24  eval  H2  WT=0.8946 TC=0.8637 ET=0.8315
2026-08-13 00:55:42,873 INFO    round  24  eval  H3  WT=0.8688 TC=0.8563 ET=0.8119
2026-08-13 00:56:18,104 INFO    round  24  eval  H4  WT=0.7779 TC=0.7793 ET=0.7214
2026-08-13 00:57:03,780 INFO    round  24  VAL mean WT=0.8255
2026-08-13 00:57:45,615 INFO    round  25       H1  train_loss=0.4974  lr=5.00e-05
2026-08-13 00:58:28,982 INFO    round  25       H2  train_loss=0.4931  lr=5.00e-05
2026-08-13 00:59:12,570 INFO    round  25       H3  train_loss=0.4731  lr=5.00e-05
2026-08-13 00:59:56,742 INFO    round  25       H4  train_loss=0.5261  lr=5.00e-05
2026-08-13 01:00:33,505 INFO    round  25  eval  H1  WT=0.8877 TC=0.8393 ET=0.7926
2026-08-13 01:01:09,244 INFO    round  25  eval  H2  WT=0.8934 TC=0.8614 ET=0.8268
2026-08-13 01:01:45,668 INFO    round  25  eval  H3  WT=0.8655 TC=0.8548 ET=0.8068
2026-08-13 01:02:20,455 INFO    round  25  eval  H4  WT=0.7651 TC=0.7635 ET=0.7068
2026-08-13 01:03:05,960 INFO    round  25  VAL mean WT=0.8214
2026-08-13 01:03:05,980 INFO    selected round 23 by validation WT=0.8262 (of 25 rounds)
2026-08-13 01:03:05,981 INFO    final evaluation at round 23 (tta=True)
2026-08-13 01:04:13,815 INFO      final H1  WT=0.8903 TC=0.8467 ET=0.7991
2026-08-13 01:05:19,575 INFO      final H2  WT=0.8981 TC=0.8679 ET=0.8343
2026-08-13 01:06:27,364 INFO      final H3  WT=0.8686 TC=0.8604 ET=0.8144
2026-08-13 01:07:32,223 INFO      final H4  WT=0.7767 TC=0.7884 ET=0.7278
2026-08-13 01:07:32,337 INFO    done -> D:\capstone\artifacts\runs\v3\fedavg_2d_42
