2026-08-11 12:23:29,505 INFO    run_id=fedbn_2d_123 method=fedbn dim=2d device=cuda
2026-08-11 12:23:29,506 INFO    tag=v2 -> D:\capstone\artifacts\runs\v2\fedbn_2d_123
2026-08-11 12:23:29,507 INFO    R=25 E=1 -> 25 total local epochs/hospital
2026-08-11 12:23:29,507 INFO    lr=0.001 schedule=cosine augment=True tta=True postproc_min_voxels=50 select_by=best_val
2026-08-11 12:23:29,507 INFO      H1: 150 train / 20 val / 62 test cases
2026-08-11 12:23:29,507 INFO      H2: 150 train / 20 val / 62 test cases
2026-08-11 12:23:29,507 INFO      H3: 150 train / 20 val / 62 test cases
2026-08-11 12:23:29,507 INFO      H4: 150 train / 20 val / 62 test cases
2026-08-11 12:23:29,545 INFO      FedBN: keeping 65 BatchNorm keys local
2026-08-11 12:23:58,740 INFO    round   1       H1  train_loss=1.4836  lr=1.00e-03
2026-08-11 12:24:28,018 INFO    round   1       H2  train_loss=1.4863  lr=1.00e-03
2026-08-11 12:24:56,771 INFO    round   1       H3  train_loss=1.4896  lr=1.00e-03
2026-08-11 12:25:26,451 INFO    round   1       H4  train_loss=1.4809  lr=1.00e-03
2026-08-11 12:26:05,396 INFO    round   1  eval  H1  WT=0.4929 TC=0.2289 ET=0.2018
2026-08-11 12:26:42,913 INFO    round   1  eval  H2  WT=0.3974 TC=0.1866 ET=0.1377
2026-08-11 12:27:20,834 INFO    round   1  eval  H3  WT=0.4246 TC=0.2009 ET=0.2304
2026-08-11 12:27:57,446 INFO    round   1  eval  H4  WT=0.4239 TC=0.1726 ET=0.1276
2026-08-11 12:28:43,662 INFO    round   1  VAL mean WT=0.4064  <- best so far
2026-08-11 12:29:13,090 INFO    round   2       H1  train_loss=0.9737  lr=9.96e-04
2026-08-11 12:29:42,733 INFO    round   2       H2  train_loss=0.9961  lr=9.96e-04
2026-08-11 12:30:11,978 INFO    round   2       H3  train_loss=0.9838  lr=9.96e-04
2026-08-11 12:30:41,840 INFO    round   2       H4  train_loss=0.9907  lr=9.96e-04
2026-08-11 12:31:20,395 INFO    round   2  eval  H1  WT=0.7855 TC=0.4814 ET=0.3483
2026-08-11 12:31:56,430 INFO    round   2  eval  H2  WT=0.7589 TC=0.4838 ET=0.3959
2026-08-11 12:32:33,116 INFO    round   2  eval  H3  WT=0.7665 TC=0.5380 ET=0.4332
2026-08-11 12:33:08,667 INFO    round   2  eval  H4  WT=0.7030 TC=0.4548 ET=0.3886
2026-08-11 12:33:54,457 INFO    round   2  VAL mean WT=0.7107  <- best so far
2026-08-11 12:34:22,562 INFO    round   3       H1  train_loss=0.7062  lr=9.84e-04
2026-08-11 12:34:51,841 INFO    round   3       H2  train_loss=0.7052  lr=9.84e-04
2026-08-11 12:35:21,916 INFO    round   3       H3  train_loss=0.7017  lr=9.84e-04
2026-08-11 12:35:48,122 INFO    round   3       H4  train_loss=0.7156  lr=9.84e-04
2026-08-11 12:36:26,590 INFO    round   3  eval  H1  WT=0.7820 TC=0.6129 ET=0.6128
2026-08-11 12:37:02,806 INFO    round   3  eval  H2  WT=0.7848 TC=0.6394 ET=0.6494
2026-08-11 12:37:39,689 INFO    round   3  eval  H3  WT=0.7112 TC=0.6013 ET=0.6297
2026-08-11 12:38:15,414 INFO    round   3  eval  H4  WT=0.6554 TC=0.5724 ET=0.5682
2026-08-11 12:39:00,088 INFO    round   3  VAL mean WT=0.7124  <- best so far
2026-08-11 12:39:29,313 INFO    round   4       H1  train_loss=0.5871  lr=9.64e-04
2026-08-11 12:39:55,630 INFO    round   4       H2  train_loss=0.5868  lr=9.64e-04
2026-08-11 12:40:23,006 INFO    round   4       H3  train_loss=0.5963  lr=9.64e-04
2026-08-11 12:40:52,088 INFO    round   4       H4  train_loss=0.6255  lr=9.64e-04
2026-08-11 12:41:29,232 INFO    round   4  eval  H1  WT=0.8308 TC=0.6750 ET=0.6824
2026-08-11 12:42:05,216 INFO    round   4  eval  H2  WT=0.8076 TC=0.6962 ET=0.7213
2026-08-11 12:42:42,110 INFO    round   4  eval  H3  WT=0.8101 TC=0.6988 ET=0.7066
2026-08-11 12:43:17,883 INFO    round   4  eval  H4  WT=0.7297 TC=0.6634 ET=0.6466
2026-08-11 12:44:02,827 INFO    round   4  VAL mean WT=0.7576  <- best so far
2026-08-11 12:44:25,772 INFO    round   5       H1  train_loss=0.5589  lr=9.36e-04
2026-08-11 12:44:55,938 INFO    round   5       H2  train_loss=0.5806  lr=9.36e-04
2026-08-11 12:45:24,395 INFO    round   5       H3  train_loss=0.5717  lr=9.36e-04
2026-08-11 12:45:53,195 INFO    round   5       H4  train_loss=0.5926  lr=9.36e-04
2026-08-11 12:46:31,123 INFO    round   5  eval  H1  WT=0.8506 TC=0.6981 ET=0.7148
2026-08-11 12:47:07,066 INFO    round   5  eval  H2  WT=0.8217 TC=0.7069 ET=0.7445
2026-08-11 12:47:43,834 INFO    round   5  eval  H3  WT=0.8121 TC=0.7093 ET=0.7309
2026-08-11 12:48:19,481 INFO    round   5  eval  H4  WT=0.6917 TC=0.6491 ET=0.6405
2026-08-11 12:49:04,188 INFO    round   5  VAL mean WT=0.7550
2026-08-11 12:49:33,008 INFO    round   6       H1  train_loss=0.5586  lr=9.02e-04
2026-08-11 12:50:01,610 INFO    round   6       H2  train_loss=0.5489  lr=9.02e-04
2026-08-11 12:50:31,965 INFO    round   6       H3  train_loss=0.5731  lr=9.02e-04
2026-08-11 12:51:01,525 INFO    round   6       H4  train_loss=0.5770  lr=9.02e-04
2026-08-11 12:51:38,552 INFO    round   6  eval  H1  WT=0.8450 TC=0.6773 ET=0.7177
2026-08-11 12:52:14,584 INFO    round   6  eval  H2  WT=0.8418 TC=0.7299 ET=0.7623
2026-08-11 12:52:51,202 INFO    round   6  eval  H3  WT=0.8143 TC=0.7266 ET=0.7367
2026-08-11 12:53:26,788 INFO    round   6  eval  H4  WT=0.7207 TC=0.6964 ET=0.6830
2026-08-11 12:54:11,486 INFO    round   6  VAL mean WT=0.7689  <- best so far
2026-08-11 12:54:35,985 INFO    round   7       H1  train_loss=0.5449  lr=8.61e-04
2026-08-11 12:55:05,680 INFO    round   7       H2  train_loss=0.5332  lr=8.61e-04
2026-08-11 12:55:35,425 INFO    round   7       H3  train_loss=0.5649  lr=8.61e-04
2026-08-11 12:55:59,858 INFO    round   7       H4  train_loss=0.5615  lr=8.61e-04
2026-08-11 12:56:37,395 INFO    round   7  eval  H1  WT=0.8408 TC=0.7029 ET=0.7266
2026-08-11 12:57:13,647 INFO    round   7  eval  H2  WT=0.7870 TC=0.7242 ET=0.7483
2026-08-11 12:57:50,382 INFO    round   7  eval  H3  WT=0.8113 TC=0.7331 ET=0.7541
2026-08-11 12:58:25,844 INFO    round   7  eval  H4  WT=0.7327 TC=0.7037 ET=0.6833
2026-08-11 12:59:10,388 INFO    round   7  VAL mean WT=0.7527
2026-08-11 12:59:39,185 INFO    round   8       H1  train_loss=0.5279  lr=8.14e-04
2026-08-11 13:00:09,203 INFO    round   8       H2  train_loss=0.5258  lr=8.14e-04
2026-08-11 13:00:37,049 INFO    round   8       H3  train_loss=0.5592  lr=8.14e-04
2026-08-11 13:01:06,396 INFO    round   8       H4  train_loss=0.5680  lr=8.14e-04
2026-08-11 13:01:44,530 INFO    round   8  eval  H1  WT=0.8537 TC=0.7337 ET=0.7262
2026-08-11 13:02:20,522 INFO    round   8  eval  H2  WT=0.8282 TC=0.7608 ET=0.7617
2026-08-11 13:02:57,208 INFO    round   8  eval  H3  WT=0.8193 TC=0.7656 ET=0.7545
2026-08-11 13:03:32,941 INFO    round   8  eval  H4  WT=0.7799 TC=0.7303 ET=0.7015
2026-08-11 13:04:17,813 INFO    round   8  VAL mean WT=0.7854  <- best so far
2026-08-11 13:04:46,839 INFO    round   9       H1  train_loss=0.5240  lr=7.63e-04
2026-08-11 13:05:16,747 INFO    round   9       H2  train_loss=0.5239  lr=7.63e-04
2026-08-11 13:05:43,789 INFO    round   9       H3  train_loss=0.5289  lr=7.63e-04
2026-08-11 13:06:14,032 INFO    round   9       H4  train_loss=0.5627  lr=7.63e-04
2026-08-11 13:06:51,328 INFO    round   9  eval  H1  WT=0.8482 TC=0.7236 ET=0.7250
2026-08-11 13:07:27,752 INFO    round   9  eval  H2  WT=0.8190 TC=0.7791 ET=0.7765
2026-08-11 13:08:05,297 INFO    round   9  eval  H3  WT=0.8126 TC=0.7782 ET=0.7660
2026-08-11 13:08:40,916 INFO    round   9  eval  H4  WT=0.7624 TC=0.7363 ET=0.7082
2026-08-11 13:09:26,025 INFO    round   9  VAL mean WT=0.7777
2026-08-11 13:09:54,307 INFO    round  10       H1  train_loss=0.5063  lr=7.07e-04
2026-08-11 13:10:26,595 INFO    round  10       H2  train_loss=0.4867  lr=7.07e-04
2026-08-11 13:10:55,946 INFO    round  10       H3  train_loss=0.5313  lr=7.07e-04
2026-08-11 13:11:25,691 INFO    round  10       H4  train_loss=0.5473  lr=7.07e-04
2026-08-11 13:12:02,988 INFO    round  10  eval  H1  WT=0.8659 TC=0.7873 ET=0.7457
2026-08-11 13:12:38,867 INFO    round  10  eval  H2  WT=0.8552 TC=0.8073 ET=0.7883
2026-08-11 13:13:15,605 INFO    round  10  eval  H3  WT=0.8418 TC=0.7994 ET=0.7729
2026-08-11 13:13:51,235 INFO    round  10  eval  H4  WT=0.7866 TC=0.7485 ET=0.7155
2026-08-11 13:14:35,887 INFO    round  10  VAL mean WT=0.8060  <- best so far
2026-08-11 13:15:04,756 INFO    round  11       H1  train_loss=0.5034  lr=6.48e-04
2026-08-11 13:15:35,049 INFO    round  11       H2  train_loss=0.5142  lr=6.48e-04
2026-08-11 13:16:05,265 INFO    round  11       H3  train_loss=0.5384  lr=6.48e-04
2026-08-11 13:16:36,872 INFO    round  11       H4  train_loss=0.5295  lr=6.48e-04
2026-08-11 13:17:14,520 INFO    round  11  eval  H1  WT=0.8615 TC=0.7666 ET=0.7443
2026-08-11 13:17:50,799 INFO    round  11  eval  H2  WT=0.8503 TC=0.8002 ET=0.7953
2026-08-11 13:18:29,133 INFO    round  11  eval  H3  WT=0.8528 TC=0.8092 ET=0.7776
2026-08-11 13:19:08,670 INFO    round  11  eval  H4  WT=0.7015 TC=0.6813 ET=0.6419
2026-08-11 13:19:57,310 INFO    round  11  VAL mean WT=0.7735
2026-08-11 13:20:27,318 INFO    round  12       H1  train_loss=0.4939  lr=5.87e-04
2026-08-11 13:20:58,375 INFO    round  12       H2  train_loss=0.4963  lr=5.87e-04
2026-08-11 13:21:28,672 INFO    round  12       H3  train_loss=0.4984  lr=5.87e-04
2026-08-11 13:22:02,392 INFO    round  12       H4  train_loss=0.5182  lr=5.87e-04
2026-08-11 13:22:41,016 INFO    round  12  eval  H1  WT=0.8656 TC=0.8015 ET=0.7540
2026-08-11 13:23:17,953 INFO    round  12  eval  H2  WT=0.8360 TC=0.8226 ET=0.7940
2026-08-11 13:23:55,462 INFO    round  12  eval  H3  WT=0.8290 TC=0.8194 ET=0.7801
2026-08-11 13:24:31,186 INFO    round  12  eval  H4  WT=0.7925 TC=0.7910 ET=0.7550
2026-08-11 13:25:15,981 INFO    round  12  VAL mean WT=0.7934
2026-08-11 13:25:44,052 INFO    round  13       H1  train_loss=0.5235  lr=5.25e-04
2026-08-11 13:26:14,403 INFO    round  13       H2  train_loss=0.5019  lr=5.25e-04
2026-08-11 13:26:43,729 INFO    round  13       H3  train_loss=0.5271  lr=5.25e-04
2026-08-11 13:27:12,588 INFO    round  13       H4  train_loss=0.5035  lr=5.25e-04
2026-08-11 13:27:50,140 INFO    round  13  eval  H1  WT=0.8729 TC=0.7842 ET=0.7725
2026-08-11 13:28:26,261 INFO    round  13  eval  H2  WT=0.8646 TC=0.8269 ET=0.7985
2026-08-11 13:29:02,947 INFO    round  13  eval  H3  WT=0.8553 TC=0.8218 ET=0.7789
2026-08-11 13:29:38,377 INFO    round  13  eval  H4  WT=0.7903 TC=0.7554 ET=0.7073
2026-08-11 13:30:22,904 INFO    round  13  VAL mean WT=0.8110  <- best so far
2026-08-11 13:30:51,374 INFO    round  14       H1  train_loss=0.4945  lr=4.63e-04
2026-08-11 13:31:20,646 INFO    round  14       H2  train_loss=0.5089  lr=4.63e-04
2026-08-11 13:31:49,798 INFO    round  14       H3  train_loss=0.5216  lr=4.63e-04
2026-08-11 13:32:19,828 INFO    round  14       H4  train_loss=0.5379  lr=4.63e-04
2026-08-11 13:32:58,370 INFO    round  14  eval  H1  WT=0.8541 TC=0.7980 ET=0.7570
2026-08-11 13:33:34,490 INFO    round  14  eval  H2  WT=0.8538 TC=0.8263 ET=0.8007
2026-08-11 13:34:11,627 INFO    round  14  eval  H3  WT=0.8166 TC=0.7760 ET=0.7618
2026-08-11 13:34:47,128 INFO    round  14  eval  H4  WT=0.7751 TC=0.7363 ET=0.6934
2026-08-11 13:35:31,746 INFO    round  14  VAL mean WT=0.7943
2026-08-11 13:36:01,168 INFO    round  15       H1  train_loss=0.4973  lr=4.02e-04
2026-08-11 13:36:32,322 INFO    round  15       H2  train_loss=0.5100  lr=4.02e-04
2026-08-11 13:37:01,853 INFO    round  15       H3  train_loss=0.4941  lr=4.02e-04
2026-08-11 13:37:32,933 INFO    round  15       H4  train_loss=0.5183  lr=4.02e-04
2026-08-11 13:38:10,292 INFO    round  15  eval  H1  WT=0.8701 TC=0.8038 ET=0.7665
2026-08-11 13:38:46,387 INFO    round  15  eval  H2  WT=0.8626 TC=0.8257 ET=0.7939
2026-08-11 13:39:23,165 INFO    round  15  eval  H3  WT=0.8360 TC=0.7931 ET=0.7627
2026-08-11 13:39:58,814 INFO    round  15  eval  H4  WT=0.7661 TC=0.7131 ET=0.6712
2026-08-11 13:40:43,502 INFO    round  15  VAL mean WT=0.8018
2026-08-11 13:41:12,896 INFO    round  16       H1  train_loss=0.4863  lr=3.43e-04
2026-08-11 13:41:43,043 INFO    round  16       H2  train_loss=0.5130  lr=3.43e-04
2026-08-11 13:42:13,493 INFO    round  16       H3  train_loss=0.4856  lr=3.43e-04
2026-08-11 13:42:43,819 INFO    round  16       H4  train_loss=0.5106  lr=3.43e-04
2026-08-11 13:43:21,025 INFO    round  16  eval  H1  WT=0.8711 TC=0.8099 ET=0.7659
2026-08-11 13:43:57,170 INFO    round  16  eval  H2  WT=0.8603 TC=0.8383 ET=0.8080
2026-08-11 13:44:34,090 INFO    round  16  eval  H3  WT=0.8411 TC=0.8309 ET=0.7853
2026-08-11 13:45:09,725 INFO    round  16  eval  H4  WT=0.8083 TC=0.7942 ET=0.7404
2026-08-11 13:45:54,179 INFO    round  16  VAL mean WT=0.8136  <- best so far
2026-08-11 13:46:23,398 INFO    round  17       H1  train_loss=0.4771  lr=2.88e-04
2026-08-11 13:46:54,092 INFO    round  17       H2  train_loss=0.4843  lr=2.88e-04
2026-08-11 13:47:23,766 INFO    round  17       H3  train_loss=0.4914  lr=2.88e-04
2026-08-11 13:47:53,267 INFO    round  17       H4  train_loss=0.5089  lr=2.88e-04
2026-08-11 13:48:30,787 INFO    round  17  eval  H1  WT=0.8671 TC=0.7923 ET=0.7569
2026-08-11 13:49:07,047 INFO    round  17  eval  H2  WT=0.8790 TC=0.8467 ET=0.8137
2026-08-11 13:49:43,735 INFO    round  17  eval  H3  WT=0.8590 TC=0.8345 ET=0.7916
2026-08-11 13:50:19,160 INFO    round  17  eval  H4  WT=0.7925 TC=0.7729 ET=0.7219
2026-08-11 13:51:03,947 INFO    round  17  VAL mean WT=0.8103
2026-08-11 13:51:32,578 INFO    round  18       H1  train_loss=0.4683  lr=2.36e-04
2026-08-11 13:52:02,269 INFO    round  18       H2  train_loss=0.4774  lr=2.36e-04
2026-08-11 13:52:31,905 INFO    round  18       H3  train_loss=0.5052  lr=2.36e-04
2026-08-11 13:53:01,681 INFO    round  18       H4  train_loss=0.4941  lr=2.36e-04
2026-08-11 13:53:39,152 INFO    round  18  eval  H1  WT=0.8778 TC=0.8122 ET=0.7694
2026-08-11 13:54:15,356 INFO    round  18  eval  H2  WT=0.8711 TC=0.8463 ET=0.8126
2026-08-11 13:54:52,154 INFO    round  18  eval  H3  WT=0.8593 TC=0.8446 ET=0.7994
2026-08-11 13:55:28,201 INFO    round  18  eval  H4  WT=0.7908 TC=0.7483 ET=0.7045
2026-08-11 13:56:12,858 INFO    round  18  VAL mean WT=0.8126
2026-08-11 13:56:41,364 INFO    round  19       H1  train_loss=0.4967  lr=1.89e-04
2026-08-11 13:57:11,325 INFO    round  19       H2  train_loss=0.4919  lr=1.89e-04
2026-08-11 13:57:41,443 INFO    round  19       H3  train_loss=0.4958  lr=1.89e-04
2026-08-11 13:58:11,746 INFO    round  19       H4  train_loss=0.4989  lr=1.89e-04
2026-08-11 13:58:49,098 INFO    round  19  eval  H1  WT=0.8793 TC=0.8150 ET=0.7780
2026-08-11 13:59:25,238 INFO    round  19  eval  H2  WT=0.8761 TC=0.8491 ET=0.8178
2026-08-11 14:00:01,954 INFO    round  19  eval  H3  WT=0.8363 TC=0.8312 ET=0.7878
2026-08-11 14:00:37,517 INFO    round  19  eval  H4  WT=0.8178 TC=0.7899 ET=0.7369
2026-08-11 14:01:22,172 INFO    round  19  VAL mean WT=0.8249  <- best so far
2026-08-11 14:01:50,776 INFO    round  20       H1  train_loss=0.4809  lr=1.48e-04
2026-08-11 14:02:20,388 INFO    round  20       H2  train_loss=0.4911  lr=1.48e-04
2026-08-11 14:02:50,028 INFO    round  20       H3  train_loss=0.4885  lr=1.48e-04
2026-08-11 14:03:19,448 INFO    round  20       H4  train_loss=0.5147  lr=1.48e-04
2026-08-11 14:03:57,071 INFO    round  20  eval  H1  WT=0.8772 TC=0.8139 ET=0.7746
2026-08-11 14:04:33,493 INFO    round  20  eval  H2  WT=0.8638 TC=0.8411 ET=0.8043
2026-08-11 14:05:10,356 INFO    round  20  eval  H3  WT=0.8238 TC=0.8087 ET=0.7681
2026-08-11 14:05:45,929 INFO    round  20  eval  H4  WT=0.8176 TC=0.7954 ET=0.7394
2026-08-11 14:06:30,932 INFO    round  20  VAL mean WT=0.8211
2026-08-11 14:07:00,539 INFO    round  21       H1  train_loss=0.4726  lr=1.14e-04
2026-08-11 14:07:30,202 INFO    round  21       H2  train_loss=0.4834  lr=1.14e-04
2026-08-11 14:08:00,756 INFO    round  21       H3  train_loss=0.4877  lr=1.14e-04
2026-08-11 14:08:30,315 INFO    round  21       H4  train_loss=0.5078  lr=1.14e-04
2026-08-11 14:09:07,755 INFO    round  21  eval  H1  WT=0.8732 TC=0.8184 ET=0.7771
2026-08-11 14:09:44,144 INFO    round  21  eval  H2  WT=0.8766 TC=0.8485 ET=0.8139
2026-08-11 14:10:21,090 INFO    round  21  eval  H3  WT=0.8548 TC=0.8332 ET=0.7881
2026-08-11 14:10:56,439 INFO    round  21  eval  H4  WT=0.7914 TC=0.7685 ET=0.7169
2026-08-11 14:11:41,212 INFO    round  21  VAL mean WT=0.8150
2026-08-11 14:12:10,288 INFO    round  22       H1  train_loss=0.5021  lr=8.62e-05
2026-08-11 14:12:39,944 INFO    round  22       H2  train_loss=0.4677  lr=8.62e-05
2026-08-11 14:13:10,111 INFO    round  22       H3  train_loss=0.4944  lr=8.62e-05
2026-08-11 14:13:39,585 INFO    round  22       H4  train_loss=0.4934  lr=8.62e-05
2026-08-11 14:14:16,785 INFO    round  22  eval  H1  WT=0.8757 TC=0.8157 ET=0.7749
2026-08-11 14:14:52,825 INFO    round  22  eval  H2  WT=0.8783 TC=0.8486 ET=0.8153
2026-08-11 14:15:30,427 INFO    round  22  eval  H3  WT=0.8543 TC=0.8409 ET=0.7977
2026-08-11 14:16:06,094 INFO    round  22  eval  H4  WT=0.8330 TC=0.8202 ET=0.7632
2026-08-11 14:16:50,853 INFO    round  22  VAL mean WT=0.8325  <- best so far
2026-08-11 14:17:20,576 INFO    round  23       H1  train_loss=0.4780  lr=6.62e-05
2026-08-11 14:17:50,606 INFO    round  23       H2  train_loss=0.4722  lr=6.62e-05
2026-08-11 14:18:21,285 INFO    round  23       H3  train_loss=0.4955  lr=6.62e-05
2026-08-11 14:18:51,184 INFO    round  23       H4  train_loss=0.4988  lr=6.62e-05
2026-08-11 14:19:28,945 INFO    round  23  eval  H1  WT=0.8788 TC=0.8114 ET=0.7764
2026-08-11 14:20:05,152 INFO    round  23  eval  H2  WT=0.8651 TC=0.8464 ET=0.8096
2026-08-11 14:20:42,379 INFO    round  23  eval  H3  WT=0.8528 TC=0.8422 ET=0.7992
2026-08-11 14:21:18,013 INFO    round  23  eval  H4  WT=0.8151 TC=0.7996 ET=0.7452
2026-08-11 14:22:02,897 INFO    round  23  VAL mean WT=0.8219
2026-08-11 14:22:31,550 INFO    round  24       H1  train_loss=0.4768  lr=5.41e-05
2026-08-11 14:23:00,771 INFO    round  24       H2  train_loss=0.4557  lr=5.41e-05
2026-08-11 14:23:31,093 INFO    round  24       H3  train_loss=0.4825  lr=5.41e-05
2026-08-11 14:24:01,997 INFO    round  24       H4  train_loss=0.4947  lr=5.41e-05
2026-08-11 14:24:39,183 INFO    round  24  eval  H1  WT=0.8781 TC=0.8096 ET=0.7699
2026-08-11 14:25:15,095 INFO    round  24  eval  H2  WT=0.8709 TC=0.8508 ET=0.8152
2026-08-11 14:25:51,755 INFO    round  24  eval  H3  WT=0.8666 TC=0.8435 ET=0.8006
2026-08-11 14:26:27,310 INFO    round  24  eval  H4  WT=0.8181 TC=0.7959 ET=0.7417
2026-08-11 14:27:12,334 INFO    round  24  VAL mean WT=0.8249
2026-08-11 14:27:40,359 INFO    round  25       H1  train_loss=0.4719  lr=5.00e-05
2026-08-11 14:28:11,819 INFO    round  25       H2  train_loss=0.4810  lr=5.00e-05
2026-08-11 14:28:40,833 INFO    round  25       H3  train_loss=0.4936  lr=5.00e-05
2026-08-11 14:29:10,945 INFO    round  25       H4  train_loss=0.5126  lr=5.00e-05
2026-08-11 14:29:48,260 INFO    round  25  eval  H1  WT=0.8746 TC=0.8216 ET=0.7809
2026-08-11 14:30:24,381 INFO    round  25  eval  H2  WT=0.8747 TC=0.8505 ET=0.8176
2026-08-11 14:31:01,426 INFO    round  25  eval  H3  WT=0.8599 TC=0.8446 ET=0.8015
2026-08-11 14:31:36,903 INFO    round  25  eval  H4  WT=0.8287 TC=0.8065 ET=0.7511
2026-08-11 14:32:21,853 INFO    round  25  VAL mean WT=0.8322
2026-08-11 14:32:21,883 INFO    selected round 22 by validation WT=0.8325 (of 25 rounds)
2026-08-11 14:32:21,885 INFO    final evaluation at round 22 (tta=True)
2026-08-11 14:33:29,844 INFO      final H1  WT=0.8784 TC=0.8186 ET=0.7801
2026-08-11 14:34:36,631 INFO      final H2  WT=0.8813 TC=0.8543 ET=0.8226
2026-08-11 14:35:44,769 INFO      final H3  WT=0.8569 TC=0.8447 ET=0.8022
2026-08-11 14:36:50,997 INFO      final H4  WT=0.8343 TC=0.8240 ET=0.7667
2026-08-11 14:36:51,106 INFO    done -> D:\capstone\artifacts\runs\v2\fedbn_2d_123
