2026-08-11 07:35:43,695 INFO    run_id=local_2d_123 method=local dim=2d device=cuda
2026-08-11 07:35:43,697 INFO    tag=v2 -> D:\capstone\artifacts\runs\v2\local_2d_123
2026-08-11 07:35:43,697 INFO    R=25 E=1 -> 25 total local epochs/hospital
2026-08-11 07:35:43,698 INFO    lr=0.001 schedule=cosine augment=True tta=True postproc_min_voxels=50 select_by=best_val
2026-08-11 07:35:43,698 INFO      H1: 150 train / 20 val / 62 test cases
2026-08-11 07:35:43,698 INFO      H2: 150 train / 20 val / 62 test cases
2026-08-11 07:35:43,698 INFO      H3: 150 train / 20 val / 62 test cases
2026-08-11 07:35:43,699 INFO      H4: 150 train / 20 val / 62 test cases
2026-08-11 07:36:13,764 INFO    round   1       H1  train_loss=1.4837  lr=1.00e-03
2026-08-11 07:36:43,106 INFO    round   1       H2  train_loss=1.4866  lr=1.00e-03
2026-08-11 07:37:12,725 INFO    round   1       H3  train_loss=1.4896  lr=1.00e-03
2026-08-11 07:37:42,218 INFO    round   1       H4  train_loss=1.4810  lr=1.00e-03
2026-08-11 07:38:23,890 INFO    round   1  eval  H1  WT=0.3014 TC=0.1297 ET=0.0775
2026-08-11 07:39:02,185 INFO    round   1  eval  H2  WT=0.7068 TC=0.4288 ET=0.3621
2026-08-11 07:39:42,601 INFO    round   1  eval  H3  WT=0.2448 TC=0.1028 ET=0.0678
2026-08-11 07:40:20,624 INFO    round   1  eval  H4  WT=0.6328 TC=0.3169 ET=0.2831
2026-08-11 07:41:09,466 INFO    round   1  VAL mean WT=0.4413  <- best so far
2026-08-11 07:41:39,527 INFO    round   2       H1  train_loss=0.9979  lr=9.96e-04
2026-08-11 07:42:09,130 INFO    round   2       H2  train_loss=0.9570  lr=9.96e-04
2026-08-11 07:42:34,986 INFO    round   2       H3  train_loss=1.0031  lr=9.96e-04
2026-08-11 07:43:05,817 INFO    round   2       H4  train_loss=0.9761  lr=9.96e-04
2026-08-11 07:43:44,251 INFO    round   2  eval  H1  WT=0.7241 TC=0.4814 ET=0.3365
2026-08-11 07:44:21,278 INFO    round   2  eval  H2  WT=0.7610 TC=0.5547 ET=0.5607
2026-08-11 07:44:58,691 INFO    round   2  eval  H3  WT=0.7773 TC=0.5136 ET=0.4457
2026-08-11 07:45:34,877 INFO    round   2  eval  H4  WT=0.6325 TC=0.3983 ET=0.3877
2026-08-11 07:46:20,538 INFO    round   2  VAL mean WT=0.6529  <- best so far
2026-08-11 07:46:48,321 INFO    round   3       H1  train_loss=0.7034  lr=9.84e-04
2026-08-11 07:47:19,681 INFO    round   3       H2  train_loss=0.6784  lr=9.84e-04
2026-08-11 07:47:49,335 INFO    round   3       H3  train_loss=0.7041  lr=9.84e-04
2026-08-11 07:48:17,396 INFO    round   3       H4  train_loss=0.7120  lr=9.84e-04
2026-08-11 07:48:57,794 INFO    round   3  eval  H1  WT=0.7694 TC=0.6147 ET=0.5789
2026-08-11 07:49:34,605 INFO    round   3  eval  H2  WT=0.7539 TC=0.6690 ET=0.6871
2026-08-11 07:50:11,874 INFO    round   3  eval  H3  WT=0.7911 TC=0.6833 ET=0.6483
2026-08-11 07:50:47,820 INFO    round   3  eval  H4  WT=0.7103 TC=0.6366 ET=0.6201
2026-08-11 07:51:33,358 INFO    round   3  VAL mean WT=0.7058  <- best so far
2026-08-11 07:52:02,246 INFO    round   4       H1  train_loss=0.5894  lr=9.64e-04
2026-08-11 07:52:30,163 INFO    round   4       H2  train_loss=0.5724  lr=9.64e-04
2026-08-11 07:53:01,229 INFO    round   4       H3  train_loss=0.6011  lr=9.64e-04
2026-08-11 07:53:31,035 INFO    round   4       H4  train_loss=0.6218  lr=9.64e-04
2026-08-11 07:54:08,864 INFO    round   4  eval  H1  WT=0.7599 TC=0.6514 ET=0.6412
2026-08-11 07:54:45,607 INFO    round   4  eval  H2  WT=0.8131 TC=0.7013 ET=0.7252
2026-08-11 07:55:23,044 INFO    round   4  eval  H3  WT=0.8062 TC=0.6956 ET=0.6751
2026-08-11 07:55:59,046 INFO    round   4  eval  H4  WT=0.7504 TC=0.6461 ET=0.6406
2026-08-11 07:56:44,402 INFO    round   4  VAL mean WT=0.7421  <- best so far
2026-08-11 07:57:13,545 INFO    round   5       H1  train_loss=0.5591  lr=9.36e-04
2026-08-11 07:57:44,103 INFO    round   5       H2  train_loss=0.5704  lr=9.36e-04
2026-08-11 07:58:14,085 INFO    round   5       H3  train_loss=0.5727  lr=9.36e-04
2026-08-11 07:58:44,782 INFO    round   5       H4  train_loss=0.5922  lr=9.36e-04
2026-08-11 07:59:22,781 INFO    round   5  eval  H1  WT=0.8292 TC=0.6842 ET=0.6986
2026-08-11 07:59:59,435 INFO    round   5  eval  H2  WT=0.8395 TC=0.7442 ET=0.7537
2026-08-11 08:00:36,759 INFO    round   5  eval  H3  WT=0.7686 TC=0.6486 ET=0.6730
2026-08-11 08:01:13,027 INFO    round   5  eval  H4  WT=0.7389 TC=0.6771 ET=0.6861
2026-08-11 08:01:58,342 INFO    round   5  VAL mean WT=0.7617  <- best so far
2026-08-11 08:02:27,108 INFO    round   6       H1  train_loss=0.5588  lr=9.02e-04
2026-08-11 08:02:54,448 INFO    round   6       H2  train_loss=0.5430  lr=9.02e-04
2026-08-11 08:03:26,994 INFO    round   6       H3  train_loss=0.5698  lr=9.02e-04
2026-08-11 08:03:56,284 INFO    round   6       H4  train_loss=0.5775  lr=9.02e-04
2026-08-11 08:04:34,027 INFO    round   6  eval  H1  WT=0.7618 TC=0.6692 ET=0.6847
2026-08-11 08:05:10,808 INFO    round   6  eval  H2  WT=0.8106 TC=0.7273 ET=0.7458
2026-08-11 08:05:47,949 INFO    round   6  eval  H3  WT=0.8247 TC=0.7090 ET=0.7380
2026-08-11 08:06:24,006 INFO    round   6  eval  H4  WT=0.7510 TC=0.6921 ET=0.6942
2026-08-11 08:07:09,438 INFO    round   6  VAL mean WT=0.7461
2026-08-11 08:07:37,676 INFO    round   7       H1  train_loss=0.5454  lr=8.61e-04
2026-08-11 08:08:07,908 INFO    round   7       H2  train_loss=0.5273  lr=8.61e-04
2026-08-11 08:08:34,578 INFO    round   7       H3  train_loss=0.5626  lr=8.61e-04
2026-08-11 08:09:04,835 INFO    round   7       H4  train_loss=0.5599  lr=8.61e-04
2026-08-11 08:09:43,369 INFO    round   7  eval  H1  WT=0.7588 TC=0.6738 ET=0.7029
2026-08-11 08:10:20,109 INFO    round   7  eval  H2  WT=0.8249 TC=0.7181 ET=0.7485
2026-08-11 08:10:58,071 INFO    round   7  eval  H3  WT=0.8007 TC=0.7135 ET=0.7196
2026-08-11 08:11:34,273 INFO    round   7  eval  H4  WT=0.8017 TC=0.7217 ET=0.7259
2026-08-11 08:12:20,105 INFO    round   7  VAL mean WT=0.7681  <- best so far
2026-08-11 08:12:47,015 INFO    round   8       H1  train_loss=0.5261  lr=8.14e-04
2026-08-11 08:13:13,209 INFO    round   8       H2  train_loss=0.5219  lr=8.14e-04
2026-08-11 08:13:42,882 INFO    round   8       H3  train_loss=0.5607  lr=8.14e-04
2026-08-11 08:13:56,070 INFO    round   8       H4  train_loss=0.5679  lr=8.14e-04
2026-08-11 08:14:34,385 INFO    round   8  eval  H1  WT=0.8049 TC=0.7200 ET=0.7152
2026-08-11 08:15:11,226 INFO    round   8  eval  H2  WT=0.8392 TC=0.7653 ET=0.7523
2026-08-11 08:15:48,831 INFO    round   8  eval  H3  WT=0.8146 TC=0.7479 ET=0.7340
2026-08-11 08:16:24,937 INFO    round   8  eval  H4  WT=0.8108 TC=0.7434 ET=0.7370
2026-08-11 08:17:10,337 INFO    round   8  VAL mean WT=0.8018  <- best so far
2026-08-11 08:17:39,457 INFO    round   9       H1  train_loss=0.5230  lr=7.63e-04
2026-08-11 08:18:05,575 INFO    round   9       H2  train_loss=0.5161  lr=7.63e-04
2026-08-11 08:18:38,793 INFO    round   9       H3  train_loss=0.5288  lr=7.63e-04
2026-08-11 08:19:09,504 INFO    round   9       H4  train_loss=0.5623  lr=7.63e-04
2026-08-11 08:19:47,298 INFO    round   9  eval  H1  WT=0.8064 TC=0.7294 ET=0.7109
2026-08-11 08:20:23,920 INFO    round   9  eval  H2  WT=0.8378 TC=0.7634 ET=0.7662
2026-08-11 08:21:01,258 INFO    round   9  eval  H3  WT=0.8370 TC=0.7500 ET=0.7405
2026-08-11 08:21:37,267 INFO    round   9  eval  H4  WT=0.7228 TC=0.6790 ET=0.7172
2026-08-11 08:22:22,718 INFO    round   9  VAL mean WT=0.7642
2026-08-11 08:22:51,708 INFO    round  10       H1  train_loss=0.5096  lr=7.07e-04
2026-08-11 08:23:21,850 INFO    round  10       H2  train_loss=0.4825  lr=7.07e-04
2026-08-11 08:23:52,580 INFO    round  10       H3  train_loss=0.5309  lr=7.07e-04
2026-08-11 08:24:23,716 INFO    round  10       H4  train_loss=0.5456  lr=7.07e-04
2026-08-11 08:25:02,546 INFO    round  10  eval  H1  WT=0.8361 TC=0.7559 ET=0.7301
2026-08-11 08:25:39,528 INFO    round  10  eval  H2  WT=0.8253 TC=0.7628 ET=0.7545
2026-08-11 08:26:17,086 INFO    round  10  eval  H3  WT=0.8525 TC=0.8035 ET=0.7781
2026-08-11 08:26:53,138 INFO    round  10  eval  H4  WT=0.7561 TC=0.7016 ET=0.7162
2026-08-11 08:27:38,529 INFO    round  10  VAL mean WT=0.7755
2026-08-11 08:28:07,394 INFO    round  11       H1  train_loss=0.5056  lr=6.48e-04
2026-08-11 08:28:37,875 INFO    round  11       H2  train_loss=0.5105  lr=6.48e-04
2026-08-11 08:29:07,816 INFO    round  11       H3  train_loss=0.5363  lr=6.48e-04
2026-08-11 08:29:37,995 INFO    round  11       H4  train_loss=0.5327  lr=6.48e-04
2026-08-11 08:30:16,859 INFO    round  11  eval  H1  WT=0.8059 TC=0.7352 ET=0.7198
2026-08-11 08:30:53,444 INFO    round  11  eval  H2  WT=0.8527 TC=0.7562 ET=0.7724
2026-08-11 08:31:30,690 INFO    round  11  eval  H3  WT=0.8364 TC=0.7744 ET=0.7578
2026-08-11 08:32:06,744 INFO    round  11  eval  H4  WT=0.7735 TC=0.7401 ET=0.7179
2026-08-11 08:32:52,357 INFO    round  11  VAL mean WT=0.7948
2026-08-11 08:33:20,782 INFO    round  12       H1  train_loss=0.4982  lr=5.87e-04
2026-08-11 08:33:52,138 INFO    round  12       H2  train_loss=0.4930  lr=5.87e-04
2026-08-11 08:34:21,834 INFO    round  12       H3  train_loss=0.4934  lr=5.87e-04
2026-08-11 08:34:53,149 INFO    round  12       H4  train_loss=0.5177  lr=5.87e-04
2026-08-11 08:35:31,277 INFO    round  12  eval  H1  WT=0.8280 TC=0.7673 ET=0.7572
2026-08-11 08:36:08,209 INFO    round  12  eval  H2  WT=0.8629 TC=0.7863 ET=0.7984
2026-08-11 08:36:45,902 INFO    round  12  eval  H3  WT=0.8471 TC=0.8192 ET=0.7756
2026-08-11 08:37:22,137 INFO    round  12  eval  H4  WT=0.8044 TC=0.7450 ET=0.7340
2026-08-11 08:38:07,862 INFO    round  12  VAL mean WT=0.7819
2026-08-11 08:38:36,638 INFO    round  13       H1  train_loss=0.5229  lr=5.25e-04
2026-08-11 08:39:07,275 INFO    round  13       H2  train_loss=0.5004  lr=5.25e-04
2026-08-11 08:39:37,080 INFO    round  13       H3  train_loss=0.5250  lr=5.25e-04
2026-08-11 08:40:07,867 INFO    round  13       H4  train_loss=0.5062  lr=5.25e-04
2026-08-11 08:40:47,585 INFO    round  13  eval  H1  WT=0.8589 TC=0.7851 ET=0.7529
2026-08-11 08:41:24,458 INFO    round  13  eval  H2  WT=0.8562 TC=0.7962 ET=0.7913
2026-08-11 08:42:02,118 INFO    round  13  eval  H3  WT=0.8310 TC=0.8003 ET=0.7667
2026-08-11 08:42:38,975 INFO    round  13  eval  H4  WT=0.7919 TC=0.7096 ET=0.7067
2026-08-11 08:43:25,056 INFO    round  13  VAL mean WT=0.8015
2026-08-11 08:43:54,318 INFO    round  14       H1  train_loss=0.4947  lr=4.63e-04
2026-08-11 08:44:23,862 INFO    round  14       H2  train_loss=0.5071  lr=4.63e-04
2026-08-11 08:44:55,289 INFO    round  14       H3  train_loss=0.5194  lr=4.63e-04
2026-08-11 08:45:24,784 INFO    round  14       H4  train_loss=0.5416  lr=4.63e-04
2026-08-11 08:46:02,942 INFO    round  14  eval  H1  WT=0.8294 TC=0.7497 ET=0.7348
2026-08-11 08:46:39,546 INFO    round  14  eval  H2  WT=0.8422 TC=0.7814 ET=0.7712
2026-08-11 08:47:17,036 INFO    round  14  eval  H3  WT=0.8377 TC=0.8085 ET=0.7807
2026-08-11 08:47:53,293 INFO    round  14  eval  H4  WT=0.8302 TC=0.7661 ET=0.7444
2026-08-11 08:48:38,865 INFO    round  14  VAL mean WT=0.8103  <- best so far
2026-08-11 08:49:08,809 INFO    round  15       H1  train_loss=0.4986  lr=4.02e-04
2026-08-11 08:49:39,585 INFO    round  15       H2  train_loss=0.5096  lr=4.02e-04
2026-08-11 08:50:08,804 INFO    round  15       H3  train_loss=0.4903  lr=4.02e-04
2026-08-11 08:50:39,039 INFO    round  15       H4  train_loss=0.5185  lr=4.02e-04
2026-08-11 08:51:17,307 INFO    round  15  eval  H1  WT=0.8625 TC=0.7857 ET=0.7621
2026-08-11 08:51:54,352 INFO    round  15  eval  H2  WT=0.8626 TC=0.7990 ET=0.7919
2026-08-11 08:52:32,074 INFO    round  15  eval  H3  WT=0.8351 TC=0.7961 ET=0.7647
2026-08-11 08:53:08,408 INFO    round  15  eval  H4  WT=0.7948 TC=0.7112 ET=0.7033
2026-08-11 08:53:54,341 INFO    round  15  VAL mean WT=0.8108  <- best so far
2026-08-11 08:54:23,560 INFO    round  16       H1  train_loss=0.4867  lr=3.43e-04
2026-08-11 08:54:52,192 INFO    round  16       H2  train_loss=0.5131  lr=3.43e-04
2026-08-11 08:55:22,544 INFO    round  16       H3  train_loss=0.4835  lr=3.43e-04
2026-08-11 08:55:51,858 INFO    round  16       H4  train_loss=0.5110  lr=3.43e-04
2026-08-11 08:56:30,381 INFO    round  16  eval  H1  WT=0.8549 TC=0.7950 ET=0.7519
2026-08-11 08:57:07,125 INFO    round  16  eval  H2  WT=0.8701 TC=0.8119 ET=0.8066
2026-08-11 08:57:44,907 INFO    round  16  eval  H3  WT=0.8455 TC=0.8056 ET=0.7679
2026-08-11 08:58:21,877 INFO    round  16  eval  H4  WT=0.8285 TC=0.7943 ET=0.7511
2026-08-11 08:59:07,507 INFO    round  16  VAL mean WT=0.8303  <- best so far
2026-08-11 08:59:37,431 INFO    round  17       H1  train_loss=0.4777  lr=2.88e-04
2026-08-11 09:00:07,587 INFO    round  17       H2  train_loss=0.4830  lr=2.88e-04
2026-08-11 09:00:38,119 INFO    round  17       H3  train_loss=0.4875  lr=2.88e-04
2026-08-11 09:01:08,216 INFO    round  17       H4  train_loss=0.5078  lr=2.88e-04
2026-08-11 09:01:46,455 INFO    round  17  eval  H1  WT=0.8651 TC=0.8015 ET=0.7574
2026-08-11 09:02:23,213 INFO    round  17  eval  H2  WT=0.8330 TC=0.8103 ET=0.7866
2026-08-11 09:03:00,719 INFO    round  17  eval  H3  WT=0.8480 TC=0.8163 ET=0.7798
2026-08-11 09:03:37,486 INFO    round  17  eval  H4  WT=0.8215 TC=0.7787 ET=0.7400
2026-08-11 09:04:23,230 INFO    round  17  VAL mean WT=0.8108
2026-08-11 09:04:52,595 INFO    round  18       H1  train_loss=0.4676  lr=2.36e-04
2026-08-11 09:05:22,934 INFO    round  18       H2  train_loss=0.4744  lr=2.36e-04
2026-08-11 09:05:52,422 INFO    round  18       H3  train_loss=0.5014  lr=2.36e-04
2026-08-11 09:06:23,502 INFO    round  18       H4  train_loss=0.4938  lr=2.36e-04
2026-08-11 09:07:01,661 INFO    round  18  eval  H1  WT=0.8550 TC=0.7898 ET=0.7580
2026-08-11 09:07:38,679 INFO    round  18  eval  H2  WT=0.8574 TC=0.8139 ET=0.7940
2026-08-11 09:08:16,583 INFO    round  18  eval  H3  WT=0.8478 TC=0.8305 ET=0.7914
2026-08-11 09:08:53,218 INFO    round  18  eval  H4  WT=0.8329 TC=0.7795 ET=0.7433
2026-08-11 09:09:39,227 INFO    round  18  VAL mean WT=0.8247
2026-08-11 09:10:07,896 INFO    round  19       H1  train_loss=0.4974  lr=1.89e-04
2026-08-11 09:10:35,145 INFO    round  19       H2  train_loss=0.4912  lr=1.89e-04
2026-08-11 09:11:04,638 INFO    round  19       H3  train_loss=0.4920  lr=1.89e-04
2026-08-11 09:11:35,005 INFO    round  19       H4  train_loss=0.4979  lr=1.89e-04
2026-08-11 09:12:14,616 INFO    round  19  eval  H1  WT=0.8664 TC=0.8055 ET=0.7690
2026-08-11 09:12:52,088 INFO    round  19  eval  H2  WT=0.8684 TC=0.8375 ET=0.8129
2026-08-11 09:13:29,893 INFO    round  19  eval  H3  WT=0.8524 TC=0.8316 ET=0.7954
2026-08-11 09:14:06,178 INFO    round  19  eval  H4  WT=0.8436 TC=0.7999 ET=0.7622
2026-08-11 09:14:51,773 INFO    round  19  VAL mean WT=0.8352  <- best so far
2026-08-11 09:15:20,253 INFO    round  20       H1  train_loss=0.4829  lr=1.48e-04
2026-08-11 09:15:48,788 INFO    round  20       H2  train_loss=0.4898  lr=1.48e-04
2026-08-11 09:16:19,185 INFO    round  20       H3  train_loss=0.4857  lr=1.48e-04
2026-08-11 09:16:49,210 INFO    round  20       H4  train_loss=0.5116  lr=1.48e-04
2026-08-11 09:17:27,374 INFO    round  20  eval  H1  WT=0.8718 TC=0.8038 ET=0.7707
2026-08-11 09:18:04,547 INFO    round  20  eval  H2  WT=0.8644 TC=0.8404 ET=0.8141
2026-08-11 09:18:42,136 INFO    round  20  eval  H3  WT=0.8365 TC=0.8121 ET=0.7675
2026-08-11 09:19:18,766 INFO    round  20  eval  H4  WT=0.8420 TC=0.8063 ET=0.7632
2026-08-11 09:20:04,827 INFO    round  20  VAL mean WT=0.8359  <- best so far
2026-08-11 09:20:34,612 INFO    round  21       H1  train_loss=0.4698  lr=1.14e-04
2026-08-11 09:21:04,843 INFO    round  21       H2  train_loss=0.4825  lr=1.14e-04
2026-08-11 09:21:35,752 INFO    round  21       H3  train_loss=0.4843  lr=1.14e-04
2026-08-11 09:22:06,008 INFO    round  21       H4  train_loss=0.5058  lr=1.14e-04
2026-08-11 09:22:44,097 INFO    round  21  eval  H1  WT=0.8535 TC=0.8061 ET=0.7650
2026-08-11 09:23:20,947 INFO    round  21  eval  H2  WT=0.8678 TC=0.8312 ET=0.8097
2026-08-11 09:23:58,577 INFO    round  21  eval  H3  WT=0.8485 TC=0.8179 ET=0.7816
2026-08-11 09:24:35,027 INFO    round  21  eval  H4  WT=0.8340 TC=0.8013 ET=0.7562
2026-08-11 09:25:20,836 INFO    round  21  VAL mean WT=0.8256
2026-08-11 09:25:49,691 INFO    round  22       H1  train_loss=0.5023  lr=8.62e-05
2026-08-11 09:26:20,188 INFO    round  22       H2  train_loss=0.4671  lr=8.62e-05
2026-08-11 09:26:50,189 INFO    round  22       H3  train_loss=0.4897  lr=8.62e-05
2026-08-11 09:27:20,051 INFO    round  22       H4  train_loss=0.4886  lr=8.62e-05
2026-08-11 09:27:59,708 INFO    round  22  eval  H1  WT=0.8684 TC=0.8141 ET=0.7679
2026-08-11 09:28:45,984 INFO    round  22  eval  H2  WT=0.8663 TC=0.8352 ET=0.8094
2026-08-11 09:29:24,761 INFO    round  22  eval  H3  WT=0.8534 TC=0.8192 ET=0.7871
2026-08-11 09:30:01,472 INFO    round  22  eval  H4  WT=0.8441 TC=0.8137 ET=0.7638
2026-08-11 09:30:47,025 INFO    round  22  VAL mean WT=0.8342
2026-08-11 09:31:14,862 INFO    round  23       H1  train_loss=0.4761  lr=6.62e-05
2026-08-11 09:31:44,036 INFO    round  23       H2  train_loss=0.4682  lr=6.62e-05
2026-08-11 09:32:12,995 INFO    round  23       H3  train_loss=0.4919  lr=6.62e-05
2026-08-11 09:32:41,885 INFO    round  23       H4  train_loss=0.4946  lr=6.62e-05
2026-08-11 09:33:19,924 INFO    round  23  eval  H1  WT=0.8617 TC=0.8127 ET=0.7780
2026-08-11 09:33:56,554 INFO    round  23  eval  H2  WT=0.8612 TC=0.8342 ET=0.8058
2026-08-11 09:34:34,453 INFO    round  23  eval  H3  WT=0.8461 TC=0.8262 ET=0.7866
2026-08-11 09:35:12,218 INFO    round  23  eval  H4  WT=0.8400 TC=0.8089 ET=0.7596
2026-08-11 09:36:19,484 INFO    round  23  VAL mean WT=0.8248
2026-08-11 09:36:50,818 INFO    round  24       H1  train_loss=0.4762  lr=5.41e-05
2026-08-11 09:37:20,838 INFO    round  24       H2  train_loss=0.4534  lr=5.41e-05
2026-08-11 09:37:52,874 INFO    round  24       H3  train_loss=0.4798  lr=5.41e-05
2026-08-11 09:38:29,031 INFO    round  24       H4  train_loss=0.4917  lr=5.41e-05
2026-08-11 09:39:10,387 INFO    round  24  eval  H1  WT=0.8693 TC=0.8094 ET=0.7731
2026-08-11 09:39:47,825 INFO    round  24  eval  H2  WT=0.8632 TC=0.8339 ET=0.8102
2026-08-11 09:40:25,857 INFO    round  24  eval  H3  WT=0.8507 TC=0.8243 ET=0.7862
2026-08-11 09:41:02,658 INFO    round  24  eval  H4  WT=0.8419 TC=0.8092 ET=0.7592
2026-08-11 09:41:48,897 INFO    round  24  VAL mean WT=0.8327
2026-08-11 09:42:18,356 INFO    round  25       H1  train_loss=0.4701  lr=5.00e-05
2026-08-11 09:42:49,169 INFO    round  25       H2  train_loss=0.4811  lr=5.00e-05
2026-08-11 09:43:19,755 INFO    round  25       H3  train_loss=0.4894  lr=5.00e-05
2026-08-11 09:43:55,655 INFO    round  25       H4  train_loss=0.5099  lr=5.00e-05
2026-08-11 09:44:34,590 INFO    round  25  eval  H1  WT=0.8650 TC=0.8098 ET=0.7732
2026-08-11 09:45:11,617 INFO    round  25  eval  H2  WT=0.8686 TC=0.8346 ET=0.8121
2026-08-11 09:45:49,208 INFO    round  25  eval  H3  WT=0.8425 TC=0.8112 ET=0.7787
2026-08-11 09:46:25,145 INFO    round  25  eval  H4  WT=0.8457 TC=0.8114 ET=0.7639
2026-08-11 09:47:10,807 INFO    round  25  VAL mean WT=0.8365  <- best so far
2026-08-11 09:47:10,940 INFO    selected round 25 by validation WT=0.8365 (of 25 rounds)
2026-08-11 09:47:10,941 INFO    final evaluation at round 25 (tta=True)
2026-08-11 09:48:19,754 INFO      final H1  WT=0.8680 TC=0.8133 ET=0.7782
2026-08-11 09:49:27,873 INFO      final H2  WT=0.8718 TC=0.8394 ET=0.8167
2026-08-11 09:50:40,123 INFO      final H3  WT=0.8473 TC=0.8173 ET=0.7842
2026-08-11 09:51:50,511 INFO      final H4  WT=0.8508 TC=0.8170 ET=0.7695
2026-08-11 09:51:50,514 INFO    final cross-hospital matrix (local-only)
2026-08-11 09:52:59,469 INFO      cross H1 -> H2  WT=0.8422
2026-08-11 09:54:09,739 INFO      cross H1 -> H3  WT=0.7744
2026-08-11 09:55:16,548 INFO      cross H1 -> H4  WT=0.6403
2026-08-11 09:56:25,887 INFO      cross H2 -> H1  WT=0.8821
2026-08-11 09:57:37,454 INFO      cross H2 -> H3  WT=0.8557
2026-08-11 09:58:50,205 INFO      cross H2 -> H4  WT=0.7335
2026-08-11 10:00:09,256 INFO      cross H3 -> H1  WT=0.8759
2026-08-11 10:01:22,432 INFO      cross H3 -> H2  WT=0.8809
2026-08-11 10:02:34,119 INFO      cross H3 -> H4  WT=0.7397
2026-08-11 10:03:49,665 INFO      cross H4 -> H1  WT=0.7746
2026-08-11 10:05:02,976 INFO      cross H4 -> H2  WT=0.7877
2026-08-11 10:06:17,942 INFO      cross H4 -> H3  WT=0.8273
2026-08-11 10:06:18,073 INFO    done -> D:\capstone\artifacts\runs\v2\local_2d_123
