2026-07-09 08:58:31,286 INFO    run_id=centralized_2d_42 method=centralized dim=2d device=cuda
2026-07-09 08:58:31,286 INFO    R=25 E=1 -> 25 total local epochs/hospital
2026-07-09 08:58:31,286 INFO      H1: 150 train / 62 test cases
2026-07-09 08:58:31,286 INFO      H2: 150 train / 62 test cases
2026-07-09 08:58:31,286 INFO      H3: 150 train / 62 test cases
2026-07-09 08:58:31,286 INFO      H4: 150 train / 62 test cases
2026-07-09 08:58:31,286 INFO      pooled: 600 train cases (centralized ceiling)
2026-07-09 09:02:08,198 INFO    round   1   global  train_loss=1.0365
2026-07-09 09:02:38,049 INFO    round   1  eval  global -> H1  WT=0.8142 TC=0.6591 ET=0.6815
2026-07-09 09:03:06,142 INFO    round   1  eval  global -> H2  WT=0.8056 TC=0.7052 ET=0.7332
2026-07-09 09:03:33,354 INFO    round   1  eval  global -> H3  WT=0.7923 TC=0.6937 ET=0.7061
2026-07-09 09:04:00,203 INFO    round   1  eval  global -> H4  WT=0.7285 TC=0.6500 ET=0.6601
2026-07-09 09:06:55,078 INFO    round   2   global  train_loss=0.5623
2026-07-09 09:07:24,443 INFO    round   2  eval  global -> H1  WT=0.8107 TC=0.6309 ET=0.6573
2026-07-09 09:07:55,245 INFO    round   2  eval  global -> H2  WT=0.8194 TC=0.7369 ET=0.7455
2026-07-09 09:08:25,890 INFO    round   2  eval  global -> H3  WT=0.8132 TC=0.7157 ET=0.7205
2026-07-09 09:08:52,799 INFO    round   2  eval  global -> H4  WT=0.7755 TC=0.7372 ET=0.7130
2026-07-09 09:11:50,848 INFO    round   3   global  train_loss=0.5276
2026-07-09 09:12:18,802 INFO    round   3  eval  global -> H1  WT=0.8345 TC=0.7798 ET=0.7420
2026-07-09 09:12:45,778 INFO    round   3  eval  global -> H2  WT=0.8323 TC=0.8310 ET=0.7963
2026-07-09 09:13:13,427 INFO    round   3  eval  global -> H3  WT=0.8036 TC=0.8109 ET=0.7649
2026-07-09 09:13:39,938 INFO    round   3  eval  global -> H4  WT=0.8064 TC=0.7736 ET=0.7259
2026-07-09 09:16:38,900 INFO    round   4   global  train_loss=0.5147
2026-07-09 09:17:07,493 INFO    round   4  eval  global -> H1  WT=0.8622 TC=0.7780 ET=0.7517
2026-07-09 09:17:34,827 INFO    round   4  eval  global -> H2  WT=0.8642 TC=0.8093 ET=0.7942
2026-07-09 09:18:03,287 INFO    round   4  eval  global -> H3  WT=0.8163 TC=0.7790 ET=0.7622
2026-07-09 09:18:30,561 INFO    round   4  eval  global -> H4  WT=0.8080 TC=0.7727 ET=0.7254
2026-07-09 09:21:11,673 INFO    round   5   global  train_loss=0.4982
2026-07-09 09:21:41,135 INFO    round   5  eval  global -> H1  WT=0.8663 TC=0.7910 ET=0.7680
2026-07-09 09:22:08,500 INFO    round   5  eval  global -> H2  WT=0.8616 TC=0.8337 ET=0.8004
2026-07-09 09:22:36,453 INFO    round   5  eval  global -> H3  WT=0.8278 TC=0.8154 ET=0.7719
2026-07-09 09:23:03,112 INFO    round   5  eval  global -> H4  WT=0.7607 TC=0.7444 ET=0.6835
2026-07-09 09:25:41,713 INFO    round   6   global  train_loss=0.4893
2026-07-09 09:26:10,742 INFO    round   6  eval  global -> H1  WT=0.8662 TC=0.8272 ET=0.7720
2026-07-09 09:26:38,294 INFO    round   6  eval  global -> H2  WT=0.8641 TC=0.8496 ET=0.8094
2026-07-09 09:27:06,117 INFO    round   6  eval  global -> H3  WT=0.8483 TC=0.8599 ET=0.8026
2026-07-09 09:27:32,532 INFO    round   6  eval  global -> H4  WT=0.8114 TC=0.8079 ET=0.7414
2026-07-09 09:30:13,381 INFO    round   7   global  train_loss=0.4956
2026-07-09 09:30:42,254 INFO    round   7  eval  global -> H1  WT=0.8527 TC=0.7932 ET=0.7498
2026-07-09 09:31:09,326 INFO    round   7  eval  global -> H2  WT=0.8553 TC=0.8352 ET=0.7824
2026-07-09 09:31:36,358 INFO    round   7  eval  global -> H3  WT=0.8116 TC=0.8189 ET=0.7628
2026-07-09 09:32:02,907 INFO    round   7  eval  global -> H4  WT=0.8123 TC=0.7981 ET=0.7427
2026-07-09 09:34:47,205 INFO    round   8   global  train_loss=0.4941
2026-07-09 09:35:15,825 INFO    round   8  eval  global -> H1  WT=0.8640 TC=0.8004 ET=0.7582
2026-07-09 09:35:42,880 INFO    round   8  eval  global -> H2  WT=0.8680 TC=0.8373 ET=0.7875
2026-07-09 09:36:09,938 INFO    round   8  eval  global -> H3  WT=0.8342 TC=0.8206 ET=0.7581
2026-07-09 09:36:36,346 INFO    round   8  eval  global -> H4  WT=0.8161 TC=0.7768 ET=0.7069
2026-07-09 09:39:20,223 INFO    round   9   global  train_loss=0.4902
2026-07-09 09:39:49,435 INFO    round   9  eval  global -> H1  WT=0.8811 TC=0.8135 ET=0.7834
2026-07-09 09:40:16,781 INFO    round   9  eval  global -> H2  WT=0.8857 TC=0.8571 ET=0.8231
2026-07-09 09:40:44,724 INFO    round   9  eval  global -> H3  WT=0.8632 TC=0.8519 ET=0.8098
2026-07-09 09:41:11,117 INFO    round   9  eval  global -> H4  WT=0.8384 TC=0.8109 ET=0.7480
2026-07-09 09:43:44,653 INFO    round  10   global  train_loss=0.4920
2026-07-09 09:44:13,397 INFO    round  10  eval  global -> H1  WT=0.8828 TC=0.8382 ET=0.7924
2026-07-09 09:44:40,712 INFO    round  10  eval  global -> H2  WT=0.8833 TC=0.8576 ET=0.8187
2026-07-09 09:45:08,085 INFO    round  10  eval  global -> H3  WT=0.8508 TC=0.8499 ET=0.8057
2026-07-09 09:45:34,482 INFO    round  10  eval  global -> H4  WT=0.8275 TC=0.8174 ET=0.7574
2026-07-09 09:48:22,611 INFO    round  11   global  train_loss=0.4797
2026-07-09 09:48:51,006 INFO    round  11  eval  global -> H1  WT=0.8763 TC=0.8071 ET=0.7737
2026-07-09 09:49:18,386 INFO    round  11  eval  global -> H2  WT=0.8847 TC=0.8570 ET=0.8151
2026-07-09 09:49:46,180 INFO    round  11  eval  global -> H3  WT=0.8556 TC=0.8428 ET=0.7984
2026-07-09 09:50:12,726 INFO    round  11  eval  global -> H4  WT=0.8456 TC=0.8000 ET=0.7383
2026-07-09 09:52:38,611 INFO    round  12   global  train_loss=0.4848
2026-07-09 09:53:07,562 INFO    round  12  eval  global -> H1  WT=0.8675 TC=0.8336 ET=0.7910
2026-07-09 09:53:34,983 INFO    round  12  eval  global -> H2  WT=0.8703 TC=0.8667 ET=0.8254
2026-07-09 09:54:02,956 INFO    round  12  eval  global -> H3  WT=0.8288 TC=0.8566 ET=0.8059
2026-07-09 09:54:29,647 INFO    round  12  eval  global -> H4  WT=0.8144 TC=0.8067 ET=0.7474
2026-07-09 09:56:54,318 INFO    round  13   global  train_loss=0.4738
2026-07-09 09:57:24,529 INFO    round  13  eval  global -> H1  WT=0.8750 TC=0.8223 ET=0.7840
2026-07-09 09:57:56,873 INFO    round  13  eval  global -> H2  WT=0.8744 TC=0.8463 ET=0.8019
2026-07-09 09:58:27,919 INFO    round  13  eval  global -> H3  WT=0.8404 TC=0.8358 ET=0.7877
2026-07-09 09:58:57,625 INFO    round  13  eval  global -> H4  WT=0.8190 TC=0.7823 ET=0.7160
2026-07-09 10:01:39,774 INFO    round  14   global  train_loss=0.4859
2026-07-09 10:02:10,751 INFO    round  14  eval  global -> H1  WT=0.8775 TC=0.8314 ET=0.8114
2026-07-09 10:02:38,853 INFO    round  14  eval  global -> H2  WT=0.8727 TC=0.8644 ET=0.8242
2026-07-09 10:03:06,565 INFO    round  14  eval  global -> H3  WT=0.8691 TC=0.8661 ET=0.8204
2026-07-09 10:03:32,752 INFO    round  14  eval  global -> H4  WT=0.8604 TC=0.8251 ET=0.7638
2026-07-09 10:06:24,949 INFO    round  15   global  train_loss=0.4791
2026-07-09 10:06:53,053 INFO    round  15  eval  global -> H1  WT=0.8783 TC=0.8068 ET=0.7808
2026-07-09 10:07:19,720 INFO    round  15  eval  global -> H2  WT=0.8825 TC=0.8595 ET=0.8145
2026-07-09 10:07:46,855 INFO    round  15  eval  global -> H3  WT=0.8525 TC=0.8281 ET=0.7804
2026-07-09 10:08:13,200 INFO    round  15  eval  global -> H4  WT=0.8132 TC=0.7718 ET=0.7071
2026-07-09 10:11:11,182 INFO    round  16   global  train_loss=0.4732
2026-07-09 10:11:39,375 INFO    round  16  eval  global -> H1  WT=0.8835 TC=0.8364 ET=0.8000
2026-07-09 10:12:06,327 INFO    round  16  eval  global -> H2  WT=0.8932 TC=0.8631 ET=0.8267
2026-07-09 10:12:33,802 INFO    round  16  eval  global -> H3  WT=0.8696 TC=0.8614 ET=0.8149
2026-07-09 10:13:00,084 INFO    round  16  eval  global -> H4  WT=0.8287 TC=0.8217 ET=0.7594
2026-07-09 10:15:36,341 INFO    round  17   global  train_loss=0.4735
2026-07-09 10:16:04,854 INFO    round  17  eval  global -> H1  WT=0.8740 TC=0.8239 ET=0.7870
2026-07-09 10:16:32,072 INFO    round  17  eval  global -> H2  WT=0.8833 TC=0.8520 ET=0.8182
2026-07-09 10:16:59,669 INFO    round  17  eval  global -> H3  WT=0.8422 TC=0.8421 ET=0.7900
2026-07-09 10:17:25,990 INFO    round  17  eval  global -> H4  WT=0.8232 TC=0.8014 ET=0.7373
2026-07-09 10:19:57,114 INFO    round  18   global  train_loss=0.3266
2026-07-09 10:20:26,000 INFO    round  18  eval  global -> H1  WT=0.8643 TC=0.7224 ET=0.7003
2026-07-09 10:20:53,066 INFO    round  18  eval  global -> H2  WT=0.8636 TC=0.7998 ET=0.7617
2026-07-09 10:21:20,709 INFO    round  18  eval  global -> H3  WT=0.8391 TC=0.7607 ET=0.7182
2026-07-09 10:21:47,632 INFO    round  18  eval  global -> H4  WT=0.8118 TC=0.7692 ET=0.7249
2026-07-09 10:24:19,431 INFO    round  19   global  train_loss=0.2330
2026-07-09 10:24:47,897 INFO    round  19  eval  global -> H1  WT=0.8553 TC=0.7910 ET=0.7778
2026-07-09 10:25:14,977 INFO    round  19  eval  global -> H2  WT=0.8679 TC=0.8459 ET=0.8164
2026-07-09 10:25:42,564 INFO    round  19  eval  global -> H3  WT=0.8571 TC=0.8369 ET=0.7991
2026-07-09 10:26:08,983 INFO    round  19  eval  global -> H4  WT=0.8480 TC=0.8120 ET=0.7690
2026-07-09 10:28:58,403 INFO    round  20   global  train_loss=0.2297
2026-07-09 10:29:27,110 INFO    round  20  eval  global -> H1  WT=0.8470 TC=0.7245 ET=0.6999
2026-07-09 10:29:53,785 INFO    round  20  eval  global -> H2  WT=0.8425 TC=0.7869 ET=0.7683
2026-07-09 10:30:20,780 INFO    round  20  eval  global -> H3  WT=0.8358 TC=0.7676 ET=0.7274
2026-07-09 10:30:47,283 INFO    round  20  eval  global -> H4  WT=0.8385 TC=0.7608 ET=0.7301
2026-07-09 10:33:36,289 INFO    round  21   global  train_loss=0.2387
2026-07-09 10:34:10,486 INFO    round  21  eval  global -> H1  WT=0.8848 TC=0.8303 ET=0.8046
2026-07-09 10:34:41,155 INFO    round  21  eval  global -> H2  WT=0.8906 TC=0.8622 ET=0.8188
2026-07-09 10:35:08,997 INFO    round  21  eval  global -> H3  WT=0.8548 TC=0.8447 ET=0.7972
2026-07-09 10:35:35,204 INFO    round  21  eval  global -> H4  WT=0.8315 TC=0.7961 ET=0.7519
2026-07-09 10:38:43,702 INFO    round  22   global  train_loss=0.2332
2026-07-09 10:39:12,281 INFO    round  22  eval  global -> H1  WT=0.8694 TC=0.8317 ET=0.8059
2026-07-09 10:39:42,932 INFO    round  22  eval  global -> H2  WT=0.8730 TC=0.8732 ET=0.8352
2026-07-09 10:40:15,225 INFO    round  22  eval  global -> H3  WT=0.8508 TC=0.8559 ET=0.8175
2026-07-09 10:40:45,279 INFO    round  22  eval  global -> H4  WT=0.8479 TC=0.8229 ET=0.7931
2026-07-09 10:43:37,583 INFO    round  23   global  train_loss=0.2294
2026-07-09 10:44:10,640 INFO    round  23  eval  global -> H1  WT=0.8793 TC=0.8191 ET=0.7986
2026-07-09 10:44:37,888 INFO    round  23  eval  global -> H2  WT=0.8877 TC=0.8754 ET=0.8364
2026-07-09 10:45:05,782 INFO    round  23  eval  global -> H3  WT=0.8623 TC=0.8378 ET=0.8020
2026-07-09 10:45:32,509 INFO    round  23  eval  global -> H4  WT=0.8451 TC=0.7939 ET=0.7430
2026-07-09 10:48:17,023 INFO    round  24   global  train_loss=0.2294
2026-07-09 10:48:45,264 INFO    round  24  eval  global -> H1  WT=0.8678 TC=0.8166 ET=0.8023
2026-07-09 10:49:12,625 INFO    round  24  eval  global -> H2  WT=0.8703 TC=0.8521 ET=0.8138
2026-07-09 10:49:40,341 INFO    round  24  eval  global -> H3  WT=0.8456 TC=0.8463 ET=0.7992
2026-07-09 10:50:07,119 INFO    round  24  eval  global -> H4  WT=0.7969 TC=0.7859 ET=0.7242
2026-07-09 10:53:17,120 INFO    round  25   global  train_loss=0.2320
2026-07-09 10:53:48,573 INFO    round  25  eval  global -> H1  WT=0.8660 TC=0.8147 ET=0.8008
2026-07-09 10:54:20,100 INFO    round  25  eval  global -> H2  WT=0.8683 TC=0.8659 ET=0.8268
2026-07-09 10:54:52,382 INFO    round  25  eval  global -> H3  WT=0.8444 TC=0.8560 ET=0.8094
2026-07-09 10:55:19,311 INFO    round  25  eval  global -> H4  WT=0.8282 TC=0.8019 ET=0.7381
2026-07-09 10:55:19,422 INFO    done -> D:\capstone\artifacts\runs\centralized_2d_42
