2026-08-11 16:34:58,056 INFO    run_id=centralized_3d_42 method=centralized dim=3d device=cuda
2026-08-11 16:34:58,061 INFO    tag=v2 -> D:\capstone\artifacts\runs\v2\centralized_3d_42
2026-08-11 16:34:58,068 INFO    R=25 E=1 -> 25 total local epochs/hospital
2026-08-11 16:34:58,073 INFO    lr=0.001 schedule=cosine augment=True tta=True postproc_min_voxels=50 select_by=best_val
2026-08-11 16:34:58,079 INFO      H1: 150 train / 20 val / 62 test cases
2026-08-11 16:34:58,085 INFO      H2: 150 train / 20 val / 62 test cases
2026-08-11 16:34:58,090 INFO      H3: 150 train / 20 val / 62 test cases
2026-08-11 16:34:58,096 INFO      H4: 150 train / 20 val / 62 test cases
2026-08-11 16:34:58,096 INFO      pooled: 600 train cases (centralized ceiling)
2026-08-11 16:41:51,935 INFO    round   1   global  train_loss=0.5002  lr=1.00e-03
2026-08-11 16:42:21,089 INFO    round   1  eval  H1  WT=0.7187 TC=0.5488 ET=0.5951
2026-08-11 16:42:49,119 INFO    round   1  eval  H2  WT=0.7532 TC=0.6517 ET=0.6793
2026-08-11 16:43:20,412 INFO    round   1  eval  H3  WT=0.7682 TC=0.6409 ET=0.6569
2026-08-11 16:43:48,188 INFO    round   1  eval  H4  WT=0.7442 TC=0.6232 ET=0.5958
2026-08-11 16:44:24,283 INFO    round   1  VAL mean WT=0.7109  <- best so far
2026-08-11 16:50:30,850 INFO    round   2   global  train_loss=0.3564  lr=9.96e-04
2026-08-11 16:51:03,895 INFO    round   2  eval  H1  WT=0.8052 TC=0.6122 ET=0.6245
2026-08-11 16:51:36,484 INFO    round   2  eval  H2  WT=0.8132 TC=0.6890 ET=0.7065
2026-08-11 16:52:10,632 INFO    round   2  eval  H3  WT=0.8136 TC=0.6853 ET=0.6725
2026-08-11 16:52:41,837 INFO    round   2  eval  H4  WT=0.7877 TC=0.6534 ET=0.6513
2026-08-11 16:53:22,173 INFO    round   2  VAL mean WT=0.7703  <- best so far
2026-08-11 16:59:10,392 INFO    round   3   global  train_loss=0.3253  lr=9.84e-04
2026-08-11 16:59:43,721 INFO    round   3  eval  H1  WT=0.8301 TC=0.7077 ET=0.7202
2026-08-11 17:00:16,448 INFO    round   3  eval  H2  WT=0.8268 TC=0.7258 ET=0.7333
2026-08-11 17:00:49,990 INFO    round   3  eval  H3  WT=0.8182 TC=0.7252 ET=0.7089
2026-08-11 17:01:21,977 INFO    round   3  eval  H4  WT=0.7742 TC=0.6686 ET=0.6473
2026-08-11 17:02:02,545 INFO    round   3  VAL mean WT=0.7827  <- best so far
2026-08-11 17:07:48,534 INFO    round   4   global  train_loss=0.2968  lr=9.64e-04
2026-08-11 17:08:21,981 INFO    round   4  eval  H1  WT=0.8349 TC=0.6701 ET=0.6994
2026-08-11 17:08:54,742 INFO    round   4  eval  H2  WT=0.8353 TC=0.7214 ET=0.7284
2026-08-11 17:09:29,195 INFO    round   4  eval  H3  WT=0.8072 TC=0.7223 ET=0.7203
2026-08-11 17:10:00,919 INFO    round   4  eval  H4  WT=0.7599 TC=0.7070 ET=0.6628
2026-08-11 17:10:41,363 INFO    round   4  VAL mean WT=0.7800
2026-08-11 17:16:28,690 INFO    round   5   global  train_loss=0.2816  lr=9.36e-04
2026-08-11 17:17:02,155 INFO    round   5  eval  H1  WT=0.8553 TC=0.7625 ET=0.7404
2026-08-11 17:17:34,596 INFO    round   5  eval  H2  WT=0.8479 TC=0.7656 ET=0.7526
2026-08-11 17:18:08,554 INFO    round   5  eval  H3  WT=0.8196 TC=0.7818 ET=0.7452
2026-08-11 17:18:39,909 INFO    round   5  eval  H4  WT=0.7747 TC=0.7257 ET=0.7066
2026-08-11 17:19:20,190 INFO    round   5  VAL mean WT=0.7779
2026-08-11 17:25:01,045 INFO    round   6   global  train_loss=0.2603  lr=9.02e-04
2026-08-11 17:25:34,131 INFO    round   6  eval  H1  WT=0.8580 TC=0.7432 ET=0.7022
2026-08-11 17:26:06,239 INFO    round   6  eval  H2  WT=0.8445 TC=0.7864 ET=0.7427
2026-08-11 17:26:39,886 INFO    round   6  eval  H3  WT=0.8325 TC=0.7640 ET=0.7015
2026-08-11 17:27:11,394 INFO    round   6  eval  H4  WT=0.7904 TC=0.7524 ET=0.7252
2026-08-11 17:27:51,670 INFO    round   6  VAL mean WT=0.7960  <- best so far
2026-08-11 17:33:28,996 INFO    round   7   global  train_loss=0.2568  lr=8.61e-04
2026-08-11 17:34:02,721 INFO    round   7  eval  H1  WT=0.8403 TC=0.7869 ET=0.7571
2026-08-11 17:34:34,840 INFO    round   7  eval  H2  WT=0.8399 TC=0.8003 ET=0.7672
2026-08-11 17:35:08,474 INFO    round   7  eval  H3  WT=0.8365 TC=0.7926 ET=0.7515
2026-08-11 17:35:40,083 INFO    round   7  eval  H4  WT=0.8057 TC=0.7511 ET=0.7073
2026-08-11 17:36:20,264 INFO    round   7  VAL mean WT=0.8047  <- best so far
2026-08-11 17:42:02,804 INFO    round   8   global  train_loss=0.2436  lr=8.14e-04
2026-08-11 17:42:36,273 INFO    round   8  eval  H1  WT=0.8434 TC=0.7597 ET=0.7421
2026-08-11 17:43:08,750 INFO    round   8  eval  H2  WT=0.8430 TC=0.8026 ET=0.7738
2026-08-11 17:43:41,978 INFO    round   8  eval  H3  WT=0.8410 TC=0.7919 ET=0.7589
2026-08-11 17:44:13,671 INFO    round   8  eval  H4  WT=0.8111 TC=0.7444 ET=0.6887
2026-08-11 17:44:54,328 INFO    round   8  VAL mean WT=0.7979
2026-08-11 17:50:37,381 INFO    round   9   global  train_loss=0.2333  lr=7.63e-04
2026-08-11 17:51:10,307 INFO    round   9  eval  H1  WT=0.8666 TC=0.7684 ET=0.7568
2026-08-11 17:51:42,425 INFO    round   9  eval  H2  WT=0.8628 TC=0.8033 ET=0.7771
2026-08-11 17:52:15,995 INFO    round   9  eval  H3  WT=0.8611 TC=0.8128 ET=0.7720
2026-08-11 17:52:48,206 INFO    round   9  eval  H4  WT=0.8055 TC=0.7669 ET=0.7099
2026-08-11 17:53:27,578 INFO    round   9  VAL mean WT=0.8246  <- best so far
2026-08-11 17:59:11,609 INFO    round  10   global  train_loss=0.2279  lr=7.07e-04
2026-08-11 17:59:45,089 INFO    round  10  eval  H1  WT=0.8191 TC=0.6802 ET=0.6686
2026-08-11 18:00:17,156 INFO    round  10  eval  H2  WT=0.8259 TC=0.7699 ET=0.7400
2026-08-11 18:00:50,544 INFO    round  10  eval  H3  WT=0.8334 TC=0.7499 ET=0.7254
2026-08-11 18:01:22,289 INFO    round  10  eval  H4  WT=0.8253 TC=0.7426 ET=0.7023
2026-08-11 18:02:02,599 INFO    round  10  VAL mean WT=0.7851
2026-08-11 18:07:42,566 INFO    round  11   global  train_loss=0.2217  lr=6.48e-04
2026-08-11 18:08:15,248 INFO    round  11  eval  H1  WT=0.8628 TC=0.7659 ET=0.7378
2026-08-11 18:08:47,422 INFO    round  11  eval  H2  WT=0.8491 TC=0.8311 ET=0.7939
2026-08-11 18:09:20,926 INFO    round  11  eval  H3  WT=0.8463 TC=0.8064 ET=0.7745
2026-08-11 18:09:52,288 INFO    round  11  eval  H4  WT=0.8342 TC=0.7662 ET=0.7242
2026-08-11 18:10:32,732 INFO    round  11  VAL mean WT=0.8047
2026-08-11 18:16:15,390 INFO    round  12   global  train_loss=0.2130  lr=5.87e-04
2026-08-11 18:16:47,898 INFO    round  12  eval  H1  WT=0.8778 TC=0.7940 ET=0.7538
2026-08-11 18:17:20,455 INFO    round  12  eval  H2  WT=0.8791 TC=0.8457 ET=0.7996
2026-08-11 18:17:53,837 INFO    round  12  eval  H3  WT=0.8624 TC=0.8392 ET=0.7880
2026-08-11 18:18:24,830 INFO    round  12  eval  H4  WT=0.8184 TC=0.7850 ET=0.7467
2026-08-11 18:19:04,800 INFO    round  12  VAL mean WT=0.8255  <- best so far
2026-08-11 18:24:42,790 INFO    round  13   global  train_loss=0.2116  lr=5.25e-04
2026-08-11 18:25:15,951 INFO    round  13  eval  H1  WT=0.8792 TC=0.7587 ET=0.7186
2026-08-11 18:25:48,421 INFO    round  13  eval  H2  WT=0.8663 TC=0.8136 ET=0.7795
2026-08-11 18:26:22,260 INFO    round  13  eval  H3  WT=0.8710 TC=0.8106 ET=0.7711
2026-08-11 18:26:54,290 INFO    round  13  eval  H4  WT=0.8347 TC=0.7848 ET=0.7445
2026-08-11 18:27:35,428 INFO    round  13  VAL mean WT=0.8297  <- best so far
2026-08-11 18:33:11,358 INFO    round  14   global  train_loss=0.2005  lr=4.63e-04
2026-08-11 18:33:44,394 INFO    round  14  eval  H1  WT=0.8662 TC=0.8208 ET=0.7846
2026-08-11 18:34:16,431 INFO    round  14  eval  H2  WT=0.8623 TC=0.8399 ET=0.8140
2026-08-11 18:34:50,247 INFO    round  14  eval  H3  WT=0.8670 TC=0.8458 ET=0.7979
2026-08-11 18:35:22,273 INFO    round  14  eval  H4  WT=0.8293 TC=0.7740 ET=0.7229
2026-08-11 18:36:02,319 INFO    round  14  VAL mean WT=0.8268
2026-08-11 18:41:43,674 INFO    round  15   global  train_loss=0.1984  lr=4.02e-04
2026-08-11 18:42:16,567 INFO    round  15  eval  H1  WT=0.8675 TC=0.7658 ET=0.7210
2026-08-11 18:42:48,893 INFO    round  15  eval  H2  WT=0.8596 TC=0.8251 ET=0.7899
2026-08-11 18:43:22,449 INFO    round  15  eval  H3  WT=0.8634 TC=0.8104 ET=0.7605
2026-08-11 18:43:53,529 INFO    round  15  eval  H4  WT=0.8416 TC=0.7909 ET=0.7448
2026-08-11 18:44:35,424 INFO    round  15  VAL mean WT=0.8209
2026-08-11 18:50:22,600 INFO    round  16   global  train_loss=0.1963  lr=3.43e-04
2026-08-11 18:50:57,003 INFO    round  16  eval  H1  WT=0.8825 TC=0.8101 ET=0.7747
2026-08-11 18:51:30,562 INFO    round  16  eval  H2  WT=0.8727 TC=0.8388 ET=0.8071
2026-08-11 18:52:05,639 INFO    round  16  eval  H3  WT=0.8787 TC=0.8488 ET=0.7950
2026-08-11 18:52:38,422 INFO    round  16  eval  H4  WT=0.8329 TC=0.7815 ET=0.7412
2026-08-11 18:53:19,827 INFO    round  16  VAL mean WT=0.8401  <- best so far
2026-08-11 18:59:01,103 INFO    round  17   global  train_loss=0.1993  lr=2.88e-04
2026-08-11 18:59:34,145 INFO    round  17  eval  H1  WT=0.8814 TC=0.8157 ET=0.7812
2026-08-11 19:00:07,019 INFO    round  17  eval  H2  WT=0.8720 TC=0.8566 ET=0.8303
2026-08-11 19:00:40,717 INFO    round  17  eval  H3  WT=0.8750 TC=0.8443 ET=0.7915
2026-08-11 19:01:12,175 INFO    round  17  eval  H4  WT=0.8390 TC=0.7928 ET=0.7435
2026-08-11 19:01:52,806 INFO    round  17  VAL mean WT=0.8344
2026-08-11 19:07:28,851 INFO    round  18   global  train_loss=0.1853  lr=2.36e-04
2026-08-11 19:08:02,438 INFO    round  18  eval  H1  WT=0.8850 TC=0.7919 ET=0.7602
2026-08-11 19:08:34,698 INFO    round  18  eval  H2  WT=0.8732 TC=0.8369 ET=0.8046
2026-08-11 19:09:08,200 INFO    round  18  eval  H3  WT=0.8780 TC=0.8354 ET=0.7953
2026-08-11 19:09:40,369 INFO    round  18  eval  H4  WT=0.8342 TC=0.7875 ET=0.7276
2026-08-11 19:10:20,399 INFO    round  18  VAL mean WT=0.8335
2026-08-11 19:15:56,755 INFO    round  19   global  train_loss=0.1798  lr=1.89e-04
2026-08-11 19:16:29,885 INFO    round  19  eval  H1  WT=0.8877 TC=0.8025 ET=0.7780
2026-08-11 19:17:01,904 INFO    round  19  eval  H2  WT=0.8797 TC=0.8443 ET=0.8195
2026-08-11 19:17:35,435 INFO    round  19  eval  H3  WT=0.8749 TC=0.8471 ET=0.8058
2026-08-11 19:18:06,046 INFO    round  19  eval  H4  WT=0.8330 TC=0.7886 ET=0.7408
2026-08-11 19:18:46,724 INFO    round  19  VAL mean WT=0.8407  <- best so far
2026-08-11 19:24:23,687 INFO    round  20   global  train_loss=0.1760  lr=1.48e-04
2026-08-11 19:24:56,963 INFO    round  20  eval  H1  WT=0.8910 TC=0.8049 ET=0.7770
2026-08-11 19:25:28,622 INFO    round  20  eval  H2  WT=0.8873 TC=0.8417 ET=0.8084
2026-08-11 19:26:02,304 INFO    round  20  eval  H3  WT=0.8867 TC=0.8449 ET=0.8030
2026-08-11 19:26:34,017 INFO    round  20  eval  H4  WT=0.8330 TC=0.7890 ET=0.7271
2026-08-11 19:27:14,452 INFO    round  20  VAL mean WT=0.8485  <- best so far
2026-08-11 19:32:47,145 INFO    round  21   global  train_loss=0.1766  lr=1.14e-04
2026-08-11 19:33:19,574 INFO    round  21  eval  H1  WT=0.8875 TC=0.8044 ET=0.7763
2026-08-11 19:33:51,811 INFO    round  21  eval  H2  WT=0.8854 TC=0.8493 ET=0.8222
2026-08-11 19:34:24,873 INFO    round  21  eval  H3  WT=0.8789 TC=0.8480 ET=0.8075
2026-08-11 19:34:55,788 INFO    round  21  eval  H4  WT=0.8501 TC=0.7990 ET=0.7473
2026-08-11 19:35:35,803 INFO    round  21  VAL mean WT=0.8358
2026-08-11 19:41:08,732 INFO    round  22   global  train_loss=0.1743  lr=8.62e-05
2026-08-11 19:41:41,551 INFO    round  22  eval  H1  WT=0.8959 TC=0.8228 ET=0.7924
2026-08-11 19:42:13,467 INFO    round  22  eval  H2  WT=0.8923 TC=0.8527 ET=0.8156
2026-08-11 19:42:47,017 INFO    round  22  eval  H3  WT=0.8847 TC=0.8585 ET=0.8144
2026-08-11 19:43:18,508 INFO    round  22  eval  H4  WT=0.8425 TC=0.7927 ET=0.7403
2026-08-11 19:43:59,124 INFO    round  22  VAL mean WT=0.8471
2026-08-11 19:49:31,678 INFO    round  23   global  train_loss=0.1767  lr=6.62e-05
2026-08-11 19:50:04,234 INFO    round  23  eval  H1  WT=0.8925 TC=0.8066 ET=0.7747
2026-08-11 19:50:36,180 INFO    round  23  eval  H2  WT=0.8872 TC=0.8501 ET=0.8103
2026-08-11 19:51:09,793 INFO    round  23  eval  H3  WT=0.8818 TC=0.8504 ET=0.8146
2026-08-11 19:51:41,231 INFO    round  23  eval  H4  WT=0.8451 TC=0.7979 ET=0.7498
2026-08-11 19:52:19,343 INFO    round  23  VAL mean WT=0.8420
2026-08-11 19:58:02,113 INFO    round  24   global  train_loss=0.1727  lr=5.41e-05
2026-08-11 19:58:35,323 INFO    round  24  eval  H1  WT=0.8943 TC=0.8193 ET=0.7816
2026-08-11 19:59:07,201 INFO    round  24  eval  H2  WT=0.8892 TC=0.8502 ET=0.8116
2026-08-11 19:59:40,645 INFO    round  24  eval  H3  WT=0.8777 TC=0.8577 ET=0.8111
2026-08-11 20:00:12,067 INFO    round  24  eval  H4  WT=0.8471 TC=0.7982 ET=0.7486
2026-08-11 20:00:51,804 INFO    round  24  VAL mean WT=0.8334
2026-08-11 20:06:28,787 INFO    round  25   global  train_loss=0.1721  lr=5.00e-05
2026-08-11 20:07:01,821 INFO    round  25  eval  H1  WT=0.8912 TC=0.8087 ET=0.7805
2026-08-11 20:07:34,287 INFO    round  25  eval  H2  WT=0.8893 TC=0.8495 ET=0.8257
2026-08-11 20:08:07,844 INFO    round  25  eval  H3  WT=0.8818 TC=0.8501 ET=0.8152
2026-08-11 20:08:39,545 INFO    round  25  eval  H4  WT=0.8456 TC=0.7959 ET=0.7473
2026-08-11 20:09:19,576 INFO    round  25  VAL mean WT=0.8373
2026-08-11 20:09:19,584 INFO    selected round 20 by validation WT=0.8485 (of 25 rounds)
2026-08-11 20:09:19,584 INFO    final evaluation at round 20 (tta=True)
2026-08-11 20:10:22,463 INFO      final H1  WT=0.8940 TC=0.8084 ET=0.7823
2026-08-11 20:11:23,926 INFO      final H2  WT=0.8916 TC=0.8461 ET=0.7975
2026-08-11 20:12:28,447 INFO      final H3  WT=0.8891 TC=0.8500 ET=0.8090
2026-08-11 20:13:29,209 INFO      final H4  WT=0.8369 TC=0.7935 ET=0.7320
2026-08-11 20:13:29,310 INFO    done -> D:\capstone\artifacts\runs\v2\centralized_3d_42
