2026-07-09 20:29:56,540 INFO    run_id=fedavg_2d_123 method=fedavg dim=2d device=cuda
2026-07-09 20:29:56,540 INFO    R=25 E=1 -> 25 total local epochs/hospital
2026-07-09 20:29:56,540 INFO      H1: 150 train / 62 test cases
2026-07-09 20:29:56,540 INFO      H2: 150 train / 62 test cases
2026-07-09 20:29:56,541 INFO      H3: 150 train / 62 test cases
2026-07-09 20:29:56,541 INFO      H4: 150 train / 62 test cases
2026-07-09 20:30:21,478 INFO    round   1       H1  train_loss=1.4820
2026-07-09 20:30:45,320 INFO    round   1       H2  train_loss=1.4885
2026-07-09 20:31:10,298 INFO    round   1       H3  train_loss=1.4879
2026-07-09 20:31:36,000 INFO    round   1       H4  train_loss=1.4835
2026-07-09 20:32:07,340 INFO    round   1  eval  global -> H1  WT=0.5958 TC=0.1189 ET=0.1964
2026-07-09 20:32:37,327 INFO    round   1  eval  global -> H2  WT=0.5875 TC=0.1231 ET=0.2211
2026-07-09 20:33:07,514 INFO    round   1  eval  global -> H3  WT=0.5690 TC=0.1119 ET=0.2038
2026-07-09 20:33:36,617 INFO    round   1  eval  global -> H4  WT=0.5240 TC=0.1006 ET=0.1706
2026-07-09 20:34:09,226 INFO    round   2       H1  train_loss=0.9771
2026-07-09 20:34:35,920 INFO    round   2       H2  train_loss=0.9775
2026-07-09 20:35:05,154 INFO    round   2       H3  train_loss=0.9815
2026-07-09 20:35:33,874 INFO    round   2       H4  train_loss=0.9931
2026-07-09 20:36:04,272 INFO    round   2  eval  global -> H1  WT=0.7886 TC=0.5052 ET=0.3697
2026-07-09 20:36:34,460 INFO    round   2  eval  global -> H2  WT=0.7747 TC=0.5196 ET=0.4238
2026-07-09 20:37:04,539 INFO    round   2  eval  global -> H3  WT=0.7765 TC=0.5154 ET=0.4047
2026-07-09 20:37:37,837 INFO    round   2  eval  global -> H4  WT=0.7027 TC=0.4248 ET=0.3534
2026-07-09 20:38:10,531 INFO    round   3       H1  train_loss=0.6968
2026-07-09 20:38:46,812 INFO    round   3       H2  train_loss=0.6940
2026-07-09 20:39:23,787 INFO    round   3       H3  train_loss=0.6893
2026-07-09 20:39:58,939 INFO    round   3       H4  train_loss=0.7049
2026-07-09 20:40:34,380 INFO    round   3  eval  global -> H1  WT=0.8083 TC=0.6437 ET=0.6568
2026-07-09 20:41:09,919 INFO    round   3  eval  global -> H2  WT=0.7923 TC=0.6629 ET=0.6789
2026-07-09 20:41:45,682 INFO    round   3  eval  global -> H3  WT=0.7844 TC=0.6696 ET=0.6673
2026-07-09 20:42:19,471 INFO    round   3  eval  global -> H4  WT=0.6880 TC=0.6007 ET=0.5780
2026-07-09 20:42:54,635 INFO    round   4       H1  train_loss=0.5771
2026-07-09 20:43:28,535 INFO    round   4       H2  train_loss=0.5804
2026-07-09 20:44:03,421 INFO    round   4       H3  train_loss=0.5887
2026-07-09 20:44:39,355 INFO    round   4       H4  train_loss=0.6124
2026-07-09 20:45:19,524 INFO    round   4  eval  global -> H1  WT=0.8371 TC=0.6708 ET=0.6963
2026-07-09 20:45:59,248 INFO    round   4  eval  global -> H2  WT=0.8272 TC=0.6981 ET=0.7250
2026-07-09 20:46:40,614 INFO    round   4  eval  global -> H3  WT=0.8024 TC=0.6946 ET=0.7051
2026-07-09 20:47:20,501 INFO    round   4  eval  global -> H4  WT=0.6995 TC=0.6248 ET=0.6101
2026-07-09 20:47:53,063 INFO    round   5       H1  train_loss=0.5492
2026-07-09 20:48:27,244 INFO    round   5       H2  train_loss=0.5709
2026-07-09 20:49:00,379 INFO    round   5       H3  train_loss=0.5646
2026-07-09 20:49:32,968 INFO    round   5       H4  train_loss=0.5843
2026-07-09 20:50:09,775 INFO    round   5  eval  global -> H1  WT=0.8544 TC=0.6990 ET=0.7259
2026-07-09 20:50:45,254 INFO    round   5  eval  global -> H2  WT=0.8434 TC=0.7297 ET=0.7652
2026-07-09 20:51:19,251 INFO    round   5  eval  global -> H3  WT=0.8171 TC=0.7155 ET=0.7319
2026-07-09 20:51:52,905 INFO    round   5  eval  global -> H4  WT=0.7285 TC=0.6389 ET=0.6253
2026-07-09 20:52:27,499 INFO    round   6       H1  train_loss=0.5536
2026-07-09 20:53:06,580 INFO    round   6       H2  train_loss=0.5443
2026-07-09 20:53:41,069 INFO    round   6       H3  train_loss=0.5655
2026-07-09 20:54:17,119 INFO    round   6       H4  train_loss=0.5677
2026-07-09 20:54:58,056 INFO    round   6  eval  global -> H1  WT=0.8542 TC=0.6972 ET=0.7221
2026-07-09 20:55:35,480 INFO    round   6  eval  global -> H2  WT=0.8441 TC=0.7329 ET=0.7649
2026-07-09 20:56:10,640 INFO    round   6  eval  global -> H3  WT=0.8202 TC=0.7394 ET=0.7505
2026-07-09 20:56:43,987 INFO    round   6  eval  global -> H4  WT=0.7452 TC=0.7021 ET=0.6796
2026-07-09 20:57:17,775 INFO    round   7       H1  train_loss=0.5366
2026-07-09 20:57:52,866 INFO    round   7       H2  train_loss=0.5293
2026-07-09 20:58:25,795 INFO    round   7       H3  train_loss=0.5553
2026-07-09 20:59:01,517 INFO    round   7       H4  train_loss=0.5527
2026-07-09 20:59:41,320 INFO    round   7  eval  global -> H1  WT=0.8651 TC=0.7152 ET=0.7380
2026-07-09 21:00:18,265 INFO    round   7  eval  global -> H2  WT=0.8556 TC=0.7419 ET=0.7739
2026-07-09 21:00:56,420 INFO    round   7  eval  global -> H3  WT=0.8229 TC=0.7371 ET=0.7520
2026-07-09 21:01:35,692 INFO    round   7  eval  global -> H4  WT=0.7347 TC=0.6725 ET=0.6600
2026-07-09 21:02:12,527 INFO    round   8       H1  train_loss=0.5215
2026-07-09 21:02:52,305 INFO    round   8       H2  train_loss=0.5259
2026-07-09 21:03:28,419 INFO    round   8       H3  train_loss=0.5560
2026-07-09 21:04:05,229 INFO    round   8       H4  train_loss=0.5611
2026-07-09 21:04:46,427 INFO    round   8  eval  global -> H1  WT=0.8615 TC=0.7351 ET=0.7382
2026-07-09 21:05:27,008 INFO    round   8  eval  global -> H2  WT=0.8565 TC=0.7653 ET=0.7803
2026-07-09 21:06:08,049 INFO    round   8  eval  global -> H3  WT=0.8434 TC=0.7703 ET=0.7633
2026-07-09 21:06:47,715 INFO    round   8  eval  global -> H4  WT=0.7619 TC=0.7032 ET=0.6761
2026-07-09 21:07:23,510 INFO    round   9       H1  train_loss=0.5187
2026-07-09 21:08:03,499 INFO    round   9       H2  train_loss=0.5172
2026-07-09 21:08:40,408 INFO    round   9       H3  train_loss=0.5219
2026-07-09 21:09:18,441 INFO    round   9       H4  train_loss=0.5619
2026-07-09 21:09:59,138 INFO    round   9  eval  global -> H1  WT=0.8599 TC=0.7484 ET=0.7394
2026-07-09 21:10:40,453 INFO    round   9  eval  global -> H2  WT=0.8535 TC=0.7737 ET=0.7858
2026-07-09 21:11:21,790 INFO    round   9  eval  global -> H3  WT=0.8215 TC=0.7725 ET=0.7647
2026-07-09 21:12:01,853 INFO    round   9  eval  global -> H4  WT=0.7238 TC=0.7023 ET=0.6803
2026-07-09 21:12:36,974 INFO    round  10       H1  train_loss=0.5050
2026-07-09 21:13:15,773 INFO    round  10       H2  train_loss=0.4838
2026-07-09 21:13:51,992 INFO    round  10       H3  train_loss=0.5311
2026-07-09 21:14:24,522 INFO    round  10       H4  train_loss=0.5431
2026-07-09 21:15:05,624 INFO    round  10  eval  global -> H1  WT=0.8670 TC=0.7714 ET=0.7457
2026-07-09 21:15:43,503 INFO    round  10  eval  global -> H2  WT=0.8632 TC=0.7924 ET=0.7883
2026-07-09 21:16:22,528 INFO    round  10  eval  global -> H3  WT=0.8355 TC=0.7900 ET=0.7724
2026-07-09 21:16:59,834 INFO    round  10  eval  global -> H4  WT=0.7491 TC=0.7229 ET=0.6971
2026-07-09 21:17:35,604 INFO    round  11       H1  train_loss=0.5034
2026-07-09 21:18:11,411 INFO    round  11       H2  train_loss=0.5129
2026-07-09 21:18:49,163 INFO    round  11       H3  train_loss=0.5353
2026-07-09 21:19:26,896 INFO    round  11       H4  train_loss=0.5295
2026-07-09 21:20:09,416 INFO    round  11  eval  global -> H1  WT=0.8711 TC=0.7640 ET=0.7466
2026-07-09 21:20:49,762 INFO    round  11  eval  global -> H2  WT=0.8663 TC=0.7956 ET=0.7942
2026-07-09 21:21:30,160 INFO    round  11  eval  global -> H3  WT=0.8386 TC=0.7981 ET=0.7777
2026-07-09 21:22:09,211 INFO    round  11  eval  global -> H4  WT=0.7385 TC=0.7137 ET=0.6854
2026-07-09 21:22:44,784 INFO    round  12       H1  train_loss=0.4936
2026-07-09 21:23:19,539 INFO    round  12       H2  train_loss=0.4983
2026-07-09 21:23:51,842 INFO    round  12       H3  train_loss=0.4939
2026-07-09 21:24:21,359 INFO    round  12       H4  train_loss=0.5193
2026-07-09 21:25:00,855 INFO    round  12  eval  global -> H1  WT=0.8764 TC=0.7962 ET=0.7510
2026-07-09 21:25:38,534 INFO    round  12  eval  global -> H2  WT=0.8754 TC=0.8244 ET=0.7979
2026-07-09 21:26:18,460 INFO    round  12  eval  global -> H3  WT=0.8507 TC=0.8241 ET=0.7838
2026-07-09 21:26:56,830 INFO    round  12  eval  global -> H4  WT=0.7641 TC=0.7644 ET=0.7207
2026-07-09 21:27:33,725 INFO    round  13       H1  train_loss=0.5226
2026-07-09 21:28:07,485 INFO    round  13       H2  train_loss=0.5045
2026-07-09 21:28:40,973 INFO    round  13       H3  train_loss=0.5257
2026-07-09 21:29:13,048 INFO    round  13       H4  train_loss=0.5041
2026-07-09 21:29:46,700 INFO    round  13  eval  global -> H1  WT=0.8753 TC=0.7968 ET=0.7557
2026-07-09 21:30:21,447 INFO    round  13  eval  global -> H2  WT=0.8673 TC=0.8198 ET=0.7933
2026-07-09 21:30:56,884 INFO    round  13  eval  global -> H3  WT=0.8440 TC=0.8123 ET=0.7693
2026-07-09 21:31:31,837 INFO    round  13  eval  global -> H4  WT=0.7432 TC=0.7300 ET=0.6913
2026-07-09 21:32:07,345 INFO    round  14       H1  train_loss=0.4965
2026-07-09 21:32:43,434 INFO    round  14       H2  train_loss=0.5110
2026-07-09 21:33:16,075 INFO    round  14       H3  train_loss=0.5227
2026-07-09 21:33:49,870 INFO    round  14       H4  train_loss=0.5391
2026-07-09 21:34:30,477 INFO    round  14  eval  global -> H1  WT=0.8719 TC=0.8056 ET=0.7602
2026-07-09 21:35:07,748 INFO    round  14  eval  global -> H2  WT=0.8650 TC=0.8183 ET=0.7960
2026-07-09 21:35:44,634 INFO    round  14  eval  global -> H3  WT=0.8395 TC=0.8041 ET=0.7664
2026-07-09 21:36:18,505 INFO    round  14  eval  global -> H4  WT=0.7369 TC=0.7091 ET=0.6660
2026-07-09 21:36:52,483 INFO    round  15       H1  train_loss=0.4990
2026-07-09 21:37:21,142 INFO    round  15       H2  train_loss=0.5133
2026-07-09 21:37:51,873 INFO    round  15       H3  train_loss=0.4976
2026-07-09 21:38:10,561 INFO    round  15       H4  train_loss=0.5219
2026-07-09 21:38:44,891 INFO    round  15  eval  global -> H1  WT=0.8788 TC=0.8133 ET=0.7703
2026-07-09 21:39:18,338 INFO    round  15  eval  global -> H2  WT=0.8736 TC=0.8260 ET=0.7967
2026-07-09 21:39:52,587 INFO    round  15  eval  global -> H3  WT=0.8359 TC=0.8051 ET=0.7662
2026-07-09 21:40:25,336 INFO    round  15  eval  global -> H4  WT=0.7189 TC=0.6935 ET=0.6507
2026-07-09 21:40:59,877 INFO    round  16       H1  train_loss=0.4868
2026-07-09 21:41:17,501 INFO    round  16       H2  train_loss=0.5202
2026-07-09 21:41:44,217 INFO    round  16       H3  train_loss=0.4885
2026-07-09 21:42:17,529 INFO    round  16       H4  train_loss=0.5126
2026-07-09 21:42:51,727 INFO    round  16  eval  global -> H1  WT=0.8792 TC=0.8081 ET=0.7623
2026-07-09 21:43:25,108 INFO    round  16  eval  global -> H2  WT=0.8795 TC=0.8483 ET=0.8145
2026-07-09 21:43:59,312 INFO    round  16  eval  global -> H3  WT=0.8727 TC=0.8379 ET=0.7937
2026-07-09 21:44:35,088 INFO    round  16  eval  global -> H4  WT=0.7845 TC=0.7695 ET=0.7224
2026-07-09 21:44:55,322 INFO    round  17       H1  train_loss=0.4813
2026-07-09 21:45:22,044 INFO    round  17       H2  train_loss=0.4927
2026-07-09 21:45:56,645 INFO    round  17       H3  train_loss=0.4937
2026-07-09 21:46:22,677 INFO    round  17       H4  train_loss=0.5109
2026-07-09 21:47:01,341 INFO    round  17  eval  global -> H1  WT=0.8826 TC=0.7931 ET=0.7541
2026-07-09 21:47:38,036 INFO    round  17  eval  global -> H2  WT=0.8841 TC=0.8489 ET=0.8165
2026-07-09 21:48:14,106 INFO    round  17  eval  global -> H3  WT=0.8570 TC=0.8297 ET=0.7899
2026-07-09 21:48:49,566 INFO    round  17  eval  global -> H4  WT=0.7660 TC=0.7708 ET=0.7189
2026-07-09 21:49:23,236 INFO    round  18       H1  train_loss=0.4727
2026-07-09 21:49:46,749 INFO    round  18       H2  train_loss=0.4818
2026-07-09 21:50:15,571 INFO    round  18       H3  train_loss=0.5125
2026-07-09 21:50:48,351 INFO    round  18       H4  train_loss=0.4979
2026-07-09 21:51:23,617 INFO    round  18  eval  global -> H1  WT=0.8858 TC=0.8118 ET=0.7692
2026-07-09 21:51:57,363 INFO    round  18  eval  global -> H2  WT=0.8847 TC=0.8358 ET=0.8061
2026-07-09 21:52:30,812 INFO    round  18  eval  global -> H3  WT=0.8532 TC=0.8078 ET=0.7690
2026-07-09 21:53:03,981 INFO    round  18  eval  global -> H4  WT=0.7408 TC=0.6998 ET=0.6568
2026-07-09 21:53:28,178 INFO    round  19       H1  train_loss=0.5007
2026-07-09 21:54:00,794 INFO    round  19       H2  train_loss=0.4960
2026-07-09 21:54:32,555 INFO    round  19       H3  train_loss=0.4998
2026-07-09 21:55:05,397 INFO    round  19       H4  train_loss=0.4999
2026-07-09 21:55:40,266 INFO    round  19  eval  global -> H1  WT=0.8802 TC=0.8240 ET=0.7799
2026-07-09 21:56:17,292 INFO    round  19  eval  global -> H2  WT=0.8730 TC=0.8485 ET=0.8119
2026-07-09 21:56:51,328 INFO    round  19  eval  global -> H3  WT=0.8404 TC=0.8198 ET=0.7744
2026-07-09 21:57:24,474 INFO    round  19  eval  global -> H4  WT=0.7161 TC=0.7264 ET=0.6760
2026-07-09 21:57:58,413 INFO    round  20       H1  train_loss=0.4836
2026-07-09 21:58:31,510 INFO    round  20       H2  train_loss=0.4981
2026-07-09 21:59:03,504 INFO    round  20       H3  train_loss=0.4937
2026-07-09 21:59:34,612 INFO    round  20       H4  train_loss=0.5182
2026-07-09 22:00:09,805 INFO    round  20  eval  global -> H1  WT=0.8807 TC=0.8131 ET=0.7684
2026-07-09 22:00:44,938 INFO    round  20  eval  global -> H2  WT=0.8825 TC=0.8580 ET=0.8200
2026-07-09 22:01:19,588 INFO    round  20  eval  global -> H3  WT=0.8593 TC=0.8386 ET=0.7924
2026-07-09 22:01:53,263 INFO    round  20  eval  global -> H4  WT=0.7551 TC=0.7518 ET=0.6950
2026-07-09 22:02:28,305 INFO    round  21       H1  train_loss=0.4773
2026-07-09 22:03:01,073 INFO    round  21       H2  train_loss=0.4876
2026-07-09 22:03:34,526 INFO    round  21       H3  train_loss=0.4921
2026-07-09 22:04:07,339 INFO    round  21       H4  train_loss=0.5126
2026-07-09 22:04:42,658 INFO    round  21  eval  global -> H1  WT=0.8850 TC=0.8201 ET=0.7742
2026-07-09 22:05:18,154 INFO    round  21  eval  global -> H2  WT=0.8870 TC=0.8515 ET=0.8124
2026-07-09 22:05:52,710 INFO    round  21  eval  global -> H3  WT=0.8590 TC=0.8316 ET=0.7816
2026-07-09 22:06:25,300 INFO    round  21  eval  global -> H4  WT=0.7563 TC=0.7363 ET=0.6834
2026-07-09 22:06:59,856 INFO    round  22       H1  train_loss=0.5029
2026-07-09 22:07:34,860 INFO    round  22       H2  train_loss=0.4721
2026-07-09 22:08:07,233 INFO    round  22       H3  train_loss=0.4995
2026-07-09 22:08:41,101 INFO    round  22       H4  train_loss=0.4964
2026-07-09 22:09:15,852 INFO    round  22  eval  global -> H1  WT=0.8873 TC=0.8138 ET=0.7797
2026-07-09 22:09:49,470 INFO    round  22  eval  global -> H2  WT=0.8856 TC=0.8562 ET=0.8202
2026-07-09 22:10:23,822 INFO    round  22  eval  global -> H3  WT=0.8713 TC=0.8332 ET=0.7921
2026-07-09 22:10:57,017 INFO    round  22  eval  global -> H4  WT=0.7609 TC=0.7547 ET=0.6986
2026-07-09 22:11:33,500 INFO    round  23       H1  train_loss=0.4779
2026-07-09 22:12:05,504 INFO    round  23       H2  train_loss=0.4761
2026-07-09 22:12:38,113 INFO    round  23       H3  train_loss=0.4951
2026-07-09 22:13:11,864 INFO    round  23       H4  train_loss=0.5030
2026-07-09 22:13:46,090 INFO    round  23  eval  global -> H1  WT=0.8873 TC=0.8187 ET=0.7774
2026-07-09 22:14:19,562 INFO    round  23  eval  global -> H2  WT=0.8888 TC=0.8613 ET=0.8197
2026-07-09 22:14:55,278 INFO    round  23  eval  global -> H3  WT=0.8715 TC=0.8377 ET=0.7934
2026-07-09 22:15:29,459 INFO    round  23  eval  global -> H4  WT=0.7617 TC=0.7401 ET=0.6825
2026-07-09 22:16:04,042 INFO    round  24       H1  train_loss=0.4788
2026-07-09 22:16:36,664 INFO    round  24       H2  train_loss=0.4614
2026-07-09 22:17:10,617 INFO    round  24       H3  train_loss=0.4820
2026-07-09 22:17:47,041 INFO    round  24       H4  train_loss=0.4982
2026-07-09 22:18:25,472 INFO    round  24  eval  global -> H1  WT=0.8883 TC=0.8302 ET=0.7846
2026-07-09 22:19:00,387 INFO    round  24  eval  global -> H2  WT=0.8860 TC=0.8658 ET=0.8267
2026-07-09 22:19:35,838 INFO    round  24  eval  global -> H3  WT=0.8535 TC=0.8391 ET=0.7908
2026-07-09 22:20:10,278 INFO    round  24  eval  global -> H4  WT=0.7282 TC=0.7417 ET=0.6869
2026-07-09 22:20:43,564 INFO    round  25       H1  train_loss=0.4704
2026-07-09 22:21:18,153 INFO    round  25       H2  train_loss=0.4818
2026-07-09 22:21:50,613 INFO    round  25       H3  train_loss=0.4930
2026-07-09 22:22:23,798 INFO    round  25       H4  train_loss=0.5145
2026-07-09 22:22:59,856 INFO    round  25  eval  global -> H1  WT=0.8852 TC=0.8185 ET=0.7740
2026-07-09 22:23:35,381 INFO    round  25  eval  global -> H2  WT=0.8914 TC=0.8675 ET=0.8274
2026-07-09 22:24:11,010 INFO    round  25  eval  global -> H3  WT=0.8685 TC=0.8395 ET=0.7907
2026-07-09 22:24:45,446 INFO    round  25  eval  global -> H4  WT=0.7734 TC=0.7550 ET=0.6899
2026-07-09 22:24:45,578 INFO    done -> D:\capstone\artifacts\runs\fedavg_2d_123
