2026-08-11 03:06:55,857 INFO    run_id=fedavg_2d_7 method=fedavg dim=2d device=cuda
2026-08-11 03:06:55,858 INFO    tag=v2 -> D:\capstone\artifacts\runs\v2\fedavg_2d_7
2026-08-11 03:06:55,858 INFO    R=25 E=1 -> 25 total local epochs/hospital
2026-08-11 03:06:55,858 INFO    lr=0.001 schedule=cosine augment=True tta=True postproc_min_voxels=50 select_by=best_val
2026-08-11 03:06:55,859 INFO      H1: 150 train / 20 val / 62 test cases
2026-08-11 03:06:55,859 INFO      H2: 150 train / 20 val / 62 test cases
2026-08-11 03:06:55,859 INFO      H3: 150 train / 20 val / 62 test cases
2026-08-11 03:06:55,859 INFO      H4: 150 train / 20 val / 62 test cases
2026-08-11 03:07:21,692 INFO    round   1       H1  train_loss=1.4662  lr=1.00e-03
2026-08-11 03:07:47,724 INFO    round   1       H2  train_loss=1.4697  lr=1.00e-03
2026-08-11 03:08:14,256 INFO    round   1       H3  train_loss=1.4621  lr=1.00e-03
2026-08-11 03:08:40,746 INFO    round   1       H4  train_loss=1.4608  lr=1.00e-03
2026-08-11 03:09:20,332 INFO    round   1  eval  H1  WT=0.6820 TC=0.3891 ET=0.5326
2026-08-11 03:09:57,855 INFO    round   1  eval  H2  WT=0.6797 TC=0.4044 ET=0.5652
2026-08-11 03:10:35,922 INFO    round   1  eval  H3  WT=0.6483 TC=0.3958 ET=0.5593
2026-08-11 03:11:12,566 INFO    round   1  eval  H4  WT=0.6185 TC=0.3343 ET=0.5281
2026-08-11 03:11:58,845 INFO    round   1  VAL mean WT=0.6020  <- best so far
2026-08-11 03:12:29,183 INFO    round   2       H1  train_loss=1.0796  lr=9.96e-04
2026-08-11 03:12:58,758 INFO    round   2       H2  train_loss=1.0801  lr=9.96e-04
2026-08-11 03:13:23,636 INFO    round   2       H3  train_loss=1.0897  lr=9.96e-04
2026-08-11 03:13:55,078 INFO    round   2       H4  train_loss=1.0852  lr=9.96e-04
2026-08-11 03:14:33,569 INFO    round   2  eval  H1  WT=0.7181 TC=0.6493 ET=0.6548
2026-08-11 03:15:10,124 INFO    round   2  eval  H2  WT=0.7048 TC=0.6776 ET=0.6842
2026-08-11 03:15:47,453 INFO    round   2  eval  H3  WT=0.6546 TC=0.6606 ET=0.6450
2026-08-11 03:16:23,427 INFO    round   2  eval  H4  WT=0.6227 TC=0.5926 ET=0.5840
2026-08-11 03:17:08,716 INFO    round   2  VAL mean WT=0.6299  <- best so far
2026-08-11 03:17:31,634 INFO    round   3       H1  train_loss=0.7566  lr=9.84e-04
2026-08-11 03:17:57,103 INFO    round   3       H2  train_loss=0.7683  lr=9.84e-04
2026-08-11 03:18:27,223 INFO    round   3       H3  train_loss=0.7633  lr=9.84e-04
2026-08-11 03:18:42,294 INFO    round   3       H4  train_loss=0.7721  lr=9.84e-04
2026-08-11 03:19:20,282 INFO    round   3  eval  H1  WT=0.8108 TC=0.6504 ET=0.6871
2026-08-11 03:19:56,719 INFO    round   3  eval  H2  WT=0.7915 TC=0.6542 ET=0.6994
2026-08-11 03:20:33,982 INFO    round   3  eval  H3  WT=0.7435 TC=0.6334 ET=0.6629
2026-08-11 03:21:10,002 INFO    round   3  eval  H4  WT=0.6801 TC=0.5354 ET=0.5639
2026-08-11 03:21:55,253 INFO    round   3  VAL mean WT=0.7240  <- best so far
2026-08-11 03:22:24,952 INFO    round   4       H1  train_loss=0.5727  lr=9.64e-04
2026-08-11 03:22:54,939 INFO    round   4       H2  train_loss=0.6082  lr=9.64e-04
2026-08-11 03:23:24,361 INFO    round   4       H3  train_loss=0.6048  lr=9.64e-04
2026-08-11 03:23:55,552 INFO    round   4       H4  train_loss=0.6192  lr=9.64e-04
2026-08-11 03:24:33,431 INFO    round   4  eval  H1  WT=0.8390 TC=0.7085 ET=0.7288
2026-08-11 03:25:09,800 INFO    round   4  eval  H2  WT=0.8211 TC=0.7348 ET=0.7660
2026-08-11 03:25:46,692 INFO    round   4  eval  H3  WT=0.7575 TC=0.7086 ET=0.7235
2026-08-11 03:26:22,245 INFO    round   4  eval  H4  WT=0.7037 TC=0.6471 ET=0.6417
2026-08-11 03:27:07,180 INFO    round   4  VAL mean WT=0.7563  <- best so far
2026-08-11 03:27:36,775 INFO    round   5       H1  train_loss=0.5508  lr=9.36e-04
2026-08-11 03:28:04,627 INFO    round   5       H2  train_loss=0.5434  lr=9.36e-04
2026-08-11 03:28:35,626 INFO    round   5       H3  train_loss=0.5596  lr=9.36e-04
2026-08-11 03:29:05,272 INFO    round   5       H4  train_loss=0.5562  lr=9.36e-04
2026-08-11 03:29:42,898 INFO    round   5  eval  H1  WT=0.8523 TC=0.7221 ET=0.7316
2026-08-11 03:30:19,110 INFO    round   5  eval  H2  WT=0.8411 TC=0.7490 ET=0.7770
2026-08-11 03:30:56,124 INFO    round   5  eval  H3  WT=0.7971 TC=0.7329 ET=0.7426
2026-08-11 03:31:31,763 INFO    round   5  eval  H4  WT=0.7478 TC=0.6746 ET=0.6663
2026-08-11 03:32:16,649 INFO    round   5  VAL mean WT=0.7803  <- best so far
2026-08-11 03:32:46,224 INFO    round   6       H1  train_loss=0.5234  lr=9.02e-04
2026-08-11 03:33:17,579 INFO    round   6       H2  train_loss=0.5083  lr=9.02e-04
2026-08-11 03:33:47,715 INFO    round   6       H3  train_loss=0.5427  lr=9.02e-04
2026-08-11 03:34:18,222 INFO    round   6       H4  train_loss=0.5709  lr=9.02e-04
2026-08-11 03:34:55,781 INFO    round   6  eval  H1  WT=0.8586 TC=0.7488 ET=0.7471
2026-08-11 03:35:32,077 INFO    round   6  eval  H2  WT=0.8561 TC=0.7766 ET=0.7822
2026-08-11 03:36:10,348 INFO    round   6  eval  H3  WT=0.8178 TC=0.7644 ET=0.7595
2026-08-11 03:36:46,144 INFO    round   6  eval  H4  WT=0.7748 TC=0.7104 ET=0.6878
2026-08-11 03:37:32,154 INFO    round   6  VAL mean WT=0.7986  <- best so far
2026-08-11 03:38:01,370 INFO    round   7       H1  train_loss=0.5095  lr=8.61e-04
2026-08-11 03:38:31,907 INFO    round   7       H2  train_loss=0.5338  lr=8.61e-04
2026-08-11 03:39:01,605 INFO    round   7       H3  train_loss=0.5509  lr=8.61e-04
2026-08-11 03:39:31,339 INFO    round   7       H4  train_loss=0.5491  lr=8.61e-04
2026-08-11 03:40:09,118 INFO    round   7  eval  H1  WT=0.8658 TC=0.7849 ET=0.7520
2026-08-11 03:40:45,567 INFO    round   7  eval  H2  WT=0.8599 TC=0.7996 ET=0.7845
2026-08-11 03:41:22,833 INFO    round   7  eval  H3  WT=0.8248 TC=0.7902 ET=0.7618
2026-08-11 03:41:58,758 INFO    round   7  eval  H4  WT=0.7604 TC=0.7026 ET=0.6821
2026-08-11 03:42:44,196 INFO    round   7  VAL mean WT=0.8010  <- best so far
2026-08-11 03:43:14,142 INFO    round   8       H1  train_loss=0.5090  lr=8.14e-04
2026-08-11 03:43:43,913 INFO    round   8       H2  train_loss=0.5236  lr=8.14e-04
2026-08-11 03:44:13,664 INFO    round   8       H3  train_loss=0.5205  lr=8.14e-04
2026-08-11 03:44:44,538 INFO    round   8       H4  train_loss=0.5524  lr=8.14e-04
2026-08-11 03:45:22,231 INFO    round   8  eval  H1  WT=0.8653 TC=0.7856 ET=0.7735
2026-08-11 03:45:58,353 INFO    round   8  eval  H2  WT=0.8621 TC=0.8084 ET=0.7962
2026-08-11 03:46:35,390 INFO    round   8  eval  H3  WT=0.8354 TC=0.8021 ET=0.7736
2026-08-11 03:47:11,063 INFO    round   8  eval  H4  WT=0.7840 TC=0.7315 ET=0.7097
2026-08-11 03:47:56,321 INFO    round   8  VAL mean WT=0.8106  <- best so far
2026-08-11 03:48:25,609 INFO    round   9       H1  train_loss=0.5086  lr=7.63e-04
2026-08-11 03:48:55,590 INFO    round   9       H2  train_loss=0.5218  lr=7.63e-04
2026-08-11 03:49:25,255 INFO    round   9       H3  train_loss=0.5296  lr=7.63e-04
2026-08-11 03:49:55,355 INFO    round   9       H4  train_loss=0.5378  lr=7.63e-04
2026-08-11 03:50:33,691 INFO    round   9  eval  H1  WT=0.8684 TC=0.7955 ET=0.7671
2026-08-11 03:51:10,209 INFO    round   9  eval  H2  WT=0.8646 TC=0.8126 ET=0.7901
2026-08-11 03:51:47,362 INFO    round   9  eval  H3  WT=0.8410 TC=0.7963 ET=0.7660
2026-08-11 03:52:23,041 INFO    round   9  eval  H4  WT=0.7774 TC=0.7083 ET=0.6726
2026-08-11 03:53:08,105 INFO    round   9  VAL mean WT=0.8125  <- best so far
2026-08-11 03:53:36,558 INFO    round  10       H1  train_loss=0.5090  lr=7.07e-04
2026-08-11 03:54:03,551 INFO    round  10       H2  train_loss=0.4982  lr=7.07e-04
2026-08-11 03:54:34,336 INFO    round  10       H3  train_loss=0.5341  lr=7.07e-04
2026-08-11 03:55:04,141 INFO    round  10       H4  train_loss=0.5361  lr=7.07e-04
2026-08-11 03:55:41,922 INFO    round  10  eval  H1  WT=0.8712 TC=0.8047 ET=0.7639
2026-08-11 03:56:18,580 INFO    round  10  eval  H2  WT=0.8639 TC=0.8208 ET=0.7956
2026-08-11 03:56:55,785 INFO    round  10  eval  H3  WT=0.8181 TC=0.8056 ET=0.7627
2026-08-11 03:57:31,701 INFO    round  10  eval  H4  WT=0.7502 TC=0.7058 ET=0.6719
2026-08-11 03:58:17,187 INFO    round  10  VAL mean WT=0.8026
2026-08-11 03:58:46,686 INFO    round  11       H1  train_loss=0.5135  lr=6.48e-04
2026-08-11 03:59:16,683 INFO    round  11       H2  train_loss=0.5048  lr=6.48e-04
2026-08-11 03:59:45,482 INFO    round  11       H3  train_loss=0.4992  lr=6.48e-04
2026-08-11 04:00:17,087 INFO    round  11       H4  train_loss=0.5457  lr=6.48e-04
2026-08-11 04:00:55,380 INFO    round  11  eval  H1  WT=0.8787 TC=0.8095 ET=0.7647
2026-08-11 04:01:31,805 INFO    round  11  eval  H2  WT=0.8746 TC=0.8468 ET=0.8098
2026-08-11 04:02:08,909 INFO    round  11  eval  H3  WT=0.8325 TC=0.8425 ET=0.7970
2026-08-11 04:02:44,509 INFO    round  11  eval  H4  WT=0.7684 TC=0.7713 ET=0.7257
2026-08-11 04:03:29,671 INFO    round  11  VAL mean WT=0.8090
2026-08-11 04:03:58,575 INFO    round  12       H1  train_loss=0.4927  lr=5.87e-04
2026-08-11 04:04:27,985 INFO    round  12       H2  train_loss=0.4965  lr=5.87e-04
2026-08-11 04:04:58,038 INFO    round  12       H3  train_loss=0.4986  lr=5.87e-04
2026-08-11 04:05:27,046 INFO    round  12       H4  train_loss=0.5126  lr=5.87e-04
2026-08-11 04:06:06,469 INFO    round  12  eval  H1  WT=0.8732 TC=0.8083 ET=0.7719
2026-08-11 04:06:42,948 INFO    round  12  eval  H2  WT=0.8637 TC=0.8278 ET=0.7984
2026-08-11 04:07:20,306 INFO    round  12  eval  H3  WT=0.8189 TC=0.8088 ET=0.7639
2026-08-11 04:07:56,211 INFO    round  12  eval  H4  WT=0.7477 TC=0.7196 ET=0.6776
2026-08-11 04:08:41,360 INFO    round  12  VAL mean WT=0.7990
2026-08-11 04:09:10,296 INFO    round  13       H1  train_loss=0.4946  lr=5.25e-04
2026-08-11 04:09:37,611 INFO    round  13       H2  train_loss=0.5125  lr=5.25e-04
2026-08-11 04:09:57,819 INFO    round  13       H3  train_loss=0.4854  lr=5.25e-04
2026-08-11 04:10:28,735 INFO    round  13       H4  train_loss=0.5131  lr=5.25e-04
2026-08-11 04:11:06,247 INFO    round  13  eval  H1  WT=0.8772 TC=0.8214 ET=0.7780
2026-08-11 04:11:42,802 INFO    round  13  eval  H2  WT=0.8736 TC=0.8495 ET=0.8126
2026-08-11 04:12:20,244 INFO    round  13  eval  H3  WT=0.8330 TC=0.8293 ET=0.7814
2026-08-11 04:12:56,036 INFO    round  13  eval  H4  WT=0.7727 TC=0.7490 ET=0.7026
2026-08-11 04:13:40,932 INFO    round  13  VAL mean WT=0.8114
2026-08-11 04:14:05,564 INFO    round  14       H1  train_loss=0.4873  lr=4.63e-04
2026-08-11 04:14:35,344 INFO    round  14       H2  train_loss=0.4977  lr=4.63e-04
2026-08-11 04:15:06,316 INFO    round  14       H3  train_loss=0.4951  lr=4.63e-04
2026-08-11 04:15:30,663 INFO    round  14       H4  train_loss=0.5057  lr=4.63e-04
2026-08-11 04:16:08,647 INFO    round  14  eval  H1  WT=0.8765 TC=0.8134 ET=0.7744
2026-08-11 04:16:45,163 INFO    round  14  eval  H2  WT=0.8708 TC=0.8517 ET=0.8174
2026-08-11 04:17:22,390 INFO    round  14  eval  H3  WT=0.8223 TC=0.8358 ET=0.7954
2026-08-11 04:17:58,273 INFO    round  14  eval  H4  WT=0.7569 TC=0.7560 ET=0.7075
2026-08-11 04:18:43,430 INFO    round  14  VAL mean WT=0.8045
2026-08-11 04:19:13,576 INFO    round  15       H1  train_loss=0.4872  lr=4.02e-04
2026-08-11 04:19:43,722 INFO    round  15       H2  train_loss=0.5092  lr=4.02e-04
2026-08-11 04:20:15,445 INFO    round  15       H3  train_loss=0.5027  lr=4.02e-04
2026-08-11 04:20:45,012 INFO    round  15       H4  train_loss=0.5299  lr=4.02e-04
2026-08-11 04:21:22,899 INFO    round  15  eval  H1  WT=0.8746 TC=0.8244 ET=0.7762
2026-08-11 04:21:59,398 INFO    round  15  eval  H2  WT=0.8698 TC=0.8557 ET=0.8178
2026-08-11 04:22:36,635 INFO    round  15  eval  H3  WT=0.8252 TC=0.8398 ET=0.7934
2026-08-11 04:23:12,436 INFO    round  15  eval  H4  WT=0.7578 TC=0.7617 ET=0.7134
2026-08-11 04:23:58,110 INFO    round  15  VAL mean WT=0.8052
2026-08-11 04:24:28,443 INFO    round  16       H1  train_loss=0.4983  lr=3.43e-04
2026-08-11 04:24:58,227 INFO    round  16       H2  train_loss=0.4897  lr=3.43e-04
2026-08-11 04:25:22,500 INFO    round  16       H3  train_loss=0.4911  lr=3.43e-04
2026-08-11 04:25:53,076 INFO    round  16       H4  train_loss=0.4978  lr=3.43e-04
2026-08-11 04:26:30,820 INFO    round  16  eval  H1  WT=0.8829 TC=0.8265 ET=0.7812
2026-08-11 04:27:07,353 INFO    round  16  eval  H2  WT=0.8834 TC=0.8642 ET=0.8262
2026-08-11 04:27:44,367 INFO    round  16  eval  H3  WT=0.8441 TC=0.8454 ET=0.8018
2026-08-11 04:28:20,611 INFO    round  16  eval  H4  WT=0.7742 TC=0.7622 ET=0.7137
2026-08-11 04:29:05,650 INFO    round  16  VAL mean WT=0.8200  <- best so far
2026-08-11 04:29:34,238 INFO    round  17       H1  train_loss=0.4861  lr=2.88e-04
2026-08-11 04:30:04,584 INFO    round  17       H2  train_loss=0.4798  lr=2.88e-04
2026-08-11 04:30:34,447 INFO    round  17       H3  train_loss=0.4947  lr=2.88e-04
2026-08-11 04:31:03,977 INFO    round  17       H4  train_loss=0.5198  lr=2.88e-04
2026-08-11 04:31:41,804 INFO    round  17  eval  H1  WT=0.8821 TC=0.8302 ET=0.7818
2026-08-11 04:32:18,091 INFO    round  17  eval  H2  WT=0.8843 TC=0.8667 ET=0.8289
2026-08-11 04:32:55,250 INFO    round  17  eval  H3  WT=0.8573 TC=0.8518 ET=0.8073
2026-08-11 04:33:31,318 INFO    round  17  eval  H4  WT=0.7891 TC=0.7751 ET=0.7224
2026-08-11 04:34:16,415 INFO    round  17  VAL mean WT=0.8202  <- best so far
2026-08-11 04:34:46,234 INFO    round  18       H1  train_loss=0.4914  lr=2.36e-04
2026-08-11 04:35:16,520 INFO    round  18       H2  train_loss=0.4763  lr=2.36e-04
2026-08-11 04:35:47,473 INFO    round  18       H3  train_loss=0.5003  lr=2.36e-04
2026-08-11 04:36:17,704 INFO    round  18       H4  train_loss=0.4869  lr=2.36e-04
2026-08-11 04:36:55,570 INFO    round  18  eval  H1  WT=0.8843 TC=0.8291 ET=0.7841
2026-08-11 04:37:32,156 INFO    round  18  eval  H2  WT=0.8853 TC=0.8576 ET=0.8189
2026-08-11 04:38:09,354 INFO    round  18  eval  H3  WT=0.8528 TC=0.8384 ET=0.7942
2026-08-11 04:38:45,330 INFO    round  18  eval  H4  WT=0.7750 TC=0.7526 ET=0.7043
2026-08-11 04:39:30,275 INFO    round  18  VAL mean WT=0.8197
2026-08-11 04:39:59,631 INFO    round  19       H1  train_loss=0.4566  lr=1.89e-04
2026-08-11 04:40:29,972 INFO    round  19       H2  train_loss=0.4852  lr=1.89e-04
2026-08-11 04:40:59,374 INFO    round  19       H3  train_loss=0.4734  lr=1.89e-04
2026-08-11 04:41:30,692 INFO    round  19       H4  train_loss=0.4937  lr=1.89e-04
2026-08-11 04:42:09,408 INFO    round  19  eval  H1  WT=0.8799 TC=0.8301 ET=0.7861
2026-08-11 04:42:45,602 INFO    round  19  eval  H2  WT=0.8814 TC=0.8550 ET=0.8183
2026-08-11 04:43:22,677 INFO    round  19  eval  H3  WT=0.8549 TC=0.8350 ET=0.7879
2026-08-11 04:43:58,369 INFO    round  19  eval  H4  WT=0.7759 TC=0.7370 ET=0.6841
2026-08-11 04:44:43,866 INFO    round  19  VAL mean WT=0.8233  <- best so far
2026-08-11 04:45:12,537 INFO    round  20       H1  train_loss=0.4760  lr=1.48e-04
2026-08-11 04:45:38,543 INFO    round  20       H2  train_loss=0.4702  lr=1.48e-04
2026-08-11 04:46:09,118 INFO    round  20       H3  train_loss=0.4895  lr=1.48e-04
2026-08-11 04:46:38,860 INFO    round  20       H4  train_loss=0.4932  lr=1.48e-04
2026-08-11 04:47:16,456 INFO    round  20  eval  H1  WT=0.8834 TC=0.8295 ET=0.7864
2026-08-11 04:47:52,797 INFO    round  20  eval  H2  WT=0.8854 TC=0.8677 ET=0.8309
2026-08-11 04:48:30,936 INFO    round  20  eval  H3  WT=0.8497 TC=0.8486 ET=0.8041
2026-08-11 04:49:06,669 INFO    round  20  eval  H4  WT=0.7748 TC=0.7636 ET=0.7104
2026-08-11 04:49:51,716 INFO    round  20  VAL mean WT=0.8174
2026-08-11 04:50:21,244 INFO    round  21       H1  train_loss=0.4765  lr=1.14e-04
2026-08-11 04:50:51,360 INFO    round  21       H2  train_loss=0.4652  lr=1.14e-04
2026-08-11 04:51:21,857 INFO    round  21       H3  train_loss=0.4940  lr=1.14e-04
2026-08-11 04:51:51,656 INFO    round  21       H4  train_loss=0.4978  lr=1.14e-04
2026-08-11 04:52:29,892 INFO    round  21  eval  H1  WT=0.8775 TC=0.8303 ET=0.7809
2026-08-11 04:53:06,289 INFO    round  21  eval  H2  WT=0.8803 TC=0.8640 ET=0.8239
2026-08-11 04:53:43,619 INFO    round  21  eval  H3  WT=0.8570 TC=0.8448 ET=0.7966
2026-08-11 04:54:19,570 INFO    round  21  eval  H4  WT=0.7773 TC=0.7550 ET=0.7015
2026-08-11 04:55:04,962 INFO    round  21  VAL mean WT=0.8187
2026-08-11 04:55:34,573 INFO    round  22       H1  train_loss=0.4612  lr=8.62e-05
2026-08-11 04:56:05,009 INFO    round  22       H2  train_loss=0.4746  lr=8.62e-05
2026-08-11 04:56:36,321 INFO    round  22       H3  train_loss=0.4649  lr=8.62e-05
2026-08-11 04:57:06,414 INFO    round  22       H4  train_loss=0.4975  lr=8.62e-05
2026-08-11 04:57:44,303 INFO    round  22  eval  H1  WT=0.8849 TC=0.8314 ET=0.7844
2026-08-11 04:58:21,066 INFO    round  22  eval  H2  WT=0.8890 TC=0.8710 ET=0.8314
2026-08-11 04:58:58,450 INFO    round  22  eval  H3  WT=0.8597 TC=0.8525 ET=0.8083
2026-08-11 04:59:34,462 INFO    round  22  eval  H4  WT=0.7769 TC=0.7703 ET=0.7179
2026-08-11 05:00:19,896 INFO    round  22  VAL mean WT=0.8189
2026-08-11 05:00:49,652 INFO    round  23       H1  train_loss=0.4633  lr=6.62e-05
2026-08-11 05:01:19,890 INFO    round  23       H2  train_loss=0.4576  lr=6.62e-05
2026-08-11 05:01:49,601 INFO    round  23       H3  train_loss=0.4750  lr=6.62e-05
2026-08-11 05:02:20,560 INFO    round  23       H4  train_loss=0.4810  lr=6.62e-05
2026-08-11 05:02:58,326 INFO    round  23  eval  H1  WT=0.8840 TC=0.8312 ET=0.7834
2026-08-11 05:03:35,475 INFO    round  23  eval  H2  WT=0.8856 TC=0.8671 ET=0.8279
2026-08-11 05:04:12,930 INFO    round  23  eval  H3  WT=0.8509 TC=0.8478 ET=0.8018
2026-08-11 05:04:48,819 INFO    round  23  eval  H4  WT=0.7666 TC=0.7609 ET=0.7083
2026-08-11 05:05:34,401 INFO    round  23  VAL mean WT=0.8183
2026-08-11 05:06:03,657 INFO    round  24       H1  train_loss=0.4868  lr=5.41e-05
2026-08-11 05:06:34,674 INFO    round  24       H2  train_loss=0.4633  lr=5.41e-05
2026-08-11 05:07:05,249 INFO    round  24       H3  train_loss=0.4808  lr=5.41e-05
2026-08-11 05:07:34,735 INFO    round  24       H4  train_loss=0.5048  lr=5.41e-05
2026-08-11 05:08:12,907 INFO    round  24  eval  H1  WT=0.8826 TC=0.8317 ET=0.7821
2026-08-11 05:08:49,677 INFO    round  24  eval  H2  WT=0.8864 TC=0.8663 ET=0.8269
2026-08-11 05:09:27,936 INFO    round  24  eval  H3  WT=0.8535 TC=0.8508 ET=0.8036
2026-08-11 05:10:03,927 INFO    round  24  eval  H4  WT=0.7719 TC=0.7643 ET=0.7122
2026-08-11 05:10:49,254 INFO    round  24  VAL mean WT=0.8189
2026-08-11 05:11:19,101 INFO    round  25       H1  train_loss=0.4700  lr=5.00e-05
2026-08-11 05:11:48,693 INFO    round  25       H2  train_loss=0.4466  lr=5.00e-05
2026-08-11 05:12:14,304 INFO    round  25       H3  train_loss=0.4792  lr=5.00e-05
2026-08-11 05:12:45,592 INFO    round  25       H4  train_loss=0.4887  lr=5.00e-05
2026-08-11 05:13:23,382 INFO    round  25  eval  H1  WT=0.8841 TC=0.8295 ET=0.7825
2026-08-11 05:13:59,961 INFO    round  25  eval  H2  WT=0.8842 TC=0.8701 ET=0.8289
2026-08-11 05:14:37,116 INFO    round  25  eval  H3  WT=0.8486 TC=0.8519 ET=0.8080
2026-08-11 05:15:13,152 INFO    round  25  eval  H4  WT=0.7625 TC=0.7681 ET=0.7146
2026-08-11 05:15:58,502 INFO    round  25  VAL mean WT=0.8142
2026-08-11 05:15:58,522 INFO    selected round 19 by validation WT=0.8233 (of 25 rounds)
2026-08-11 05:15:58,522 INFO    final evaluation at round 19 (tta=True)
2026-08-11 05:17:06,924 INFO      final H1  WT=0.8822 TC=0.8351 ET=0.7923
2026-08-11 05:18:14,470 INFO      final H2  WT=0.8842 TC=0.8583 ET=0.8225
2026-08-11 05:19:23,259 INFO      final H3  WT=0.8609 TC=0.8398 ET=0.7927
2026-08-11 05:20:29,430 INFO      final H4  WT=0.7795 TC=0.7407 ET=0.6876
2026-08-11 05:20:29,525 INFO    done -> D:\capstone\artifacts\runs\v2\fedavg_2d_7
