2026-08-19 23:08:16,235 INFO    run_id=fedbn_2d_42 method=fedbn dim=2d device=cuda
2026-08-19 23:08:16,236 INFO    tag=v5 -> D:\capstone\artifacts\runs\v5\fedbn_2d_42
2026-08-19 23:08:16,238 INFO    R=40 E=1 -> 40 total local epochs/hospital
2026-08-19 23:08:16,240 INFO    lr=0.001 schedule=cosine augment=True tta=True postproc_min_voxels=50 select_by=best_val
2026-08-19 23:08:16,242 INFO      H1: 230 train / 20 val / 62 test cases
2026-08-19 23:08:16,245 INFO      H2: 230 train / 20 val / 62 test cases
2026-08-19 23:08:16,249 INFO      H3: 230 train / 20 val / 62 test cases
2026-08-19 23:08:16,250 INFO      H4: 230 train / 20 val / 62 test cases
2026-08-19 23:08:16,373 INFO      FedBN: keeping 65 BatchNorm keys local
2026-08-19 23:09:03,773 INFO    round   1       H1  train_loss=1.5020  lr=1.00e-03
2026-08-19 23:09:47,218 INFO    round   1       H2  train_loss=1.4891  lr=1.00e-03
2026-08-19 23:10:32,162 INFO    round   1       H3  train_loss=1.5090  lr=1.00e-03
2026-08-19 23:11:18,846 INFO    round   1       H4  train_loss=1.5005  lr=1.00e-03
2026-08-19 23:11:57,791 INFO    round   1  eval  H1  WT=0.6644 TC=0.3967 ET=0.2906
2026-08-19 23:12:35,902 INFO    round   1  eval  H2  WT=0.7428 TC=0.6527 ET=0.6598
2026-08-19 23:13:13,941 INFO    round   1  eval  H3  WT=0.5931 TC=0.3814 ET=0.2979
2026-08-19 23:13:50,090 INFO    round   1  eval  H4  WT=0.6747 TC=0.5073 ET=0.5220
2026-08-19 23:14:36,527 INFO    round   1  VAL mean WT=0.6522  <- best so far
2026-08-19 23:15:23,384 INFO    round   2       H1  train_loss=0.8835  lr=9.96e-04
2026-08-19 23:16:11,125 INFO    round   2       H2  train_loss=0.8812  lr=9.96e-04
2026-08-19 23:16:58,634 INFO    round   2       H3  train_loss=0.8887  lr=9.96e-04
2026-08-19 23:17:47,365 INFO    round   2       H4  train_loss=0.8998  lr=9.96e-04
2026-08-19 23:17:47,416 INFO    round   2  test eval skipped (eval_test_every=3)
2026-08-19 23:18:35,448 INFO    round   2  VAL mean WT=0.7197  <- best so far
2026-08-19 23:19:22,162 INFO    round   3       H1  train_loss=0.6214  lr=9.84e-04
2026-08-19 23:20:09,502 INFO    round   3       H2  train_loss=0.6079  lr=9.84e-04
2026-08-19 23:20:57,826 INFO    round   3       H3  train_loss=0.6235  lr=9.84e-04
2026-08-19 23:21:47,276 INFO    round   3       H4  train_loss=0.6379  lr=9.84e-04
2026-08-19 23:22:25,342 INFO    round   3  eval  H1  WT=0.8248 TC=0.6790 ET=0.6946
2026-08-19 23:23:01,936 INFO    round   3  eval  H2  WT=0.8217 TC=0.7204 ET=0.7394
2026-08-19 23:23:38,576 INFO    round   3  eval  H3  WT=0.8058 TC=0.7277 ET=0.7364
2026-08-19 23:24:15,103 INFO    round   3  eval  H4  WT=0.6967 TC=0.6282 ET=0.6463
2026-08-19 23:25:03,277 INFO    round   3  VAL mean WT=0.7676  <- best so far
2026-08-19 23:25:52,039 INFO    round   4       H1  train_loss=0.5755  lr=9.64e-04
2026-08-19 23:26:40,768 INFO    round   4       H2  train_loss=0.5672  lr=9.64e-04
2026-08-19 23:27:28,641 INFO    round   4       H3  train_loss=0.5745  lr=9.64e-04
2026-08-19 23:28:17,202 INFO    round   4       H4  train_loss=0.5996  lr=9.64e-04
2026-08-19 23:28:17,288 INFO    round   4  test eval skipped (eval_test_every=3)
2026-08-19 23:29:06,627 INFO    round   4  VAL mean WT=0.7842  <- best so far
2026-08-19 23:29:53,665 INFO    round   5       H1  train_loss=0.5542  lr=9.36e-04
2026-08-19 23:30:41,919 INFO    round   5       H2  train_loss=0.5675  lr=9.36e-04
2026-08-19 23:31:30,126 INFO    round   5       H3  train_loss=0.5710  lr=9.36e-04
2026-08-19 23:32:18,886 INFO    round   5       H4  train_loss=0.5921  lr=9.36e-04
2026-08-19 23:32:18,955 INFO    round   5  test eval skipped (eval_test_every=3)
2026-08-19 23:33:07,532 INFO    round   5  VAL mean WT=0.7663
2026-08-19 23:33:54,333 INFO    round   6       H1  train_loss=0.5392  lr=9.02e-04
2026-08-19 23:34:41,648 INFO    round   6       H2  train_loss=0.5460  lr=9.02e-04
2026-08-19 23:35:29,746 INFO    round   6       H3  train_loss=0.5473  lr=9.02e-04
2026-08-19 23:36:18,627 INFO    round   6       H4  train_loss=0.5658  lr=9.02e-04
2026-08-19 23:37:00,462 INFO    round   6  eval  H1  WT=0.8246 TC=0.7848 ET=0.7494
2026-08-19 23:37:37,921 INFO    round   6  eval  H2  WT=0.8429 TC=0.8097 ET=0.7930
2026-08-19 23:38:16,805 INFO    round   6  eval  H3  WT=0.7866 TC=0.7514 ET=0.7453
2026-08-19 23:38:54,037 INFO    round   6  eval  H4  WT=0.7613 TC=0.7166 ET=0.6850
2026-08-19 23:39:41,319 INFO    round   6  VAL mean WT=0.7619
2026-08-19 23:40:29,406 INFO    round   7       H1  train_loss=0.5348  lr=8.61e-04
2026-08-19 23:41:18,594 INFO    round   7       H2  train_loss=0.5257  lr=8.61e-04
2026-08-19 23:42:06,855 INFO    round   7       H3  train_loss=0.5582  lr=8.61e-04
2026-08-19 23:42:55,599 INFO    round   7       H4  train_loss=0.5599  lr=8.61e-04
2026-08-19 23:42:55,684 INFO    round   7  test eval skipped (eval_test_every=3)
2026-08-19 23:43:44,096 INFO    round   7  VAL mean WT=0.8215  <- best so far
2026-08-19 23:44:31,538 INFO    round   8       H1  train_loss=0.5292  lr=8.14e-04
2026-08-19 23:45:19,675 INFO    round   8       H2  train_loss=0.5337  lr=8.14e-04
2026-08-19 23:46:08,583 INFO    round   8       H3  train_loss=0.5374  lr=8.14e-04
2026-08-19 23:46:56,114 INFO    round   8       H4  train_loss=0.5394  lr=8.14e-04
2026-08-19 23:46:56,198 INFO    round   8  test eval skipped (eval_test_every=3)
2026-08-19 23:47:44,305 INFO    round   8  VAL mean WT=0.8082
2026-08-19 23:48:31,487 INFO    round   9       H1  train_loss=0.5045  lr=7.63e-04
2026-08-19 23:49:40,848 INFO    round   9       H2  train_loss=0.5200  lr=7.63e-04
2026-08-19 23:50:26,469 INFO    round   9       H3  train_loss=0.5382  lr=7.63e-04
2026-08-19 23:51:13,478 INFO    round   9       H4  train_loss=0.5525  lr=7.63e-04
2026-08-19 23:51:53,445 INFO    round   9  eval  H1  WT=0.8433 TC=0.8070 ET=0.7628
2026-08-19 23:52:29,682 INFO    round   9  eval  H2  WT=0.8694 TC=0.8417 ET=0.8172
2026-08-19 23:53:06,862 INFO    round   9  eval  H3  WT=0.8200 TC=0.8009 ET=0.7842
2026-08-19 23:53:42,104 INFO    round   9  eval  H4  WT=0.8007 TC=0.7756 ET=0.7360
2026-08-19 23:54:28,230 INFO    round   9  VAL mean WT=0.8197
2026-08-19 23:55:15,784 INFO    round  10       H1  train_loss=0.5315  lr=7.07e-04
2026-08-19 23:56:03,994 INFO    round  10       H2  train_loss=0.5019  lr=7.07e-04
2026-08-19 23:56:51,071 INFO    round  10       H3  train_loss=0.5310  lr=7.07e-04
2026-08-19 23:57:37,802 INFO    round  10       H4  train_loss=0.5575  lr=7.07e-04
2026-08-19 23:57:37,888 INFO    round  10  test eval skipped (eval_test_every=3)
2026-08-19 23:58:24,866 INFO    round  10  VAL mean WT=0.8200
2026-08-19 23:59:11,248 INFO    round  11       H1  train_loss=0.5144  lr=6.48e-04
2026-08-19 23:59:56,021 INFO    round  11       H2  train_loss=0.5112  lr=6.48e-04
2026-08-20 00:00:41,805 INFO    round  11       H3  train_loss=0.5052  lr=6.48e-04
2026-08-20 00:01:26,887 INFO    round  11       H4  train_loss=0.5355  lr=6.48e-04
2026-08-20 00:01:26,954 INFO    round  11  test eval skipped (eval_test_every=3)
2026-08-20 00:02:13,985 INFO    round  11  VAL mean WT=0.8204
2026-08-20 00:03:01,376 INFO    round  12       H1  train_loss=0.5287  lr=5.87e-04
2026-08-20 00:03:47,305 INFO    round  12       H2  train_loss=0.5112  lr=5.87e-04
2026-08-20 00:04:32,645 INFO    round  12       H3  train_loss=0.5206  lr=5.87e-04
2026-08-20 00:05:17,631 INFO    round  12       H4  train_loss=0.5508  lr=5.87e-04
2026-08-20 00:05:54,823 INFO    round  12  eval  H1  WT=0.8730 TC=0.8188 ET=0.7767
2026-08-20 00:06:29,977 INFO    round  12  eval  H2  WT=0.8719 TC=0.8446 ET=0.8118
2026-08-20 00:07:06,005 INFO    round  12  eval  H3  WT=0.8650 TC=0.8342 ET=0.8045
2026-08-20 00:07:40,466 INFO    round  12  eval  H4  WT=0.7747 TC=0.7579 ET=0.7116
2026-08-20 00:08:27,351 INFO    round  12  VAL mean WT=0.8164
2026-08-20 00:09:11,116 INFO    round  13       H1  train_loss=0.5119  lr=5.25e-04
2026-08-20 00:09:56,999 INFO    round  13       H2  train_loss=0.5103  lr=5.25e-04
2026-08-20 00:10:43,800 INFO    round  13       H3  train_loss=0.5176  lr=5.25e-04
2026-08-20 00:11:29,745 INFO    round  13       H4  train_loss=0.5344  lr=5.25e-04
2026-08-20 00:11:29,814 INFO    round  13  test eval skipped (eval_test_every=3)
2026-08-20 00:12:17,245 INFO    round  13  VAL mean WT=0.8161
2026-08-20 00:13:01,808 INFO    round  14       H1  train_loss=0.5107  lr=4.63e-04
2026-08-20 00:13:47,956 INFO    round  14       H2  train_loss=0.5031  lr=4.63e-04
2026-08-20 00:14:33,816 INFO    round  14       H3  train_loss=0.5037  lr=4.63e-04
2026-08-20 00:15:20,964 INFO    round  14       H4  train_loss=0.5273  lr=4.63e-04
2026-08-20 00:15:21,033 INFO    round  14  test eval skipped (eval_test_every=3)
2026-08-20 00:16:09,361 INFO    round  14  VAL mean WT=0.8204
2026-08-20 00:16:54,670 INFO    round  15       H1  train_loss=0.5009  lr=4.02e-04
2026-08-20 00:17:42,935 INFO    round  15       H2  train_loss=0.5035  lr=4.02e-04
2026-08-20 00:18:29,593 INFO    round  15       H3  train_loss=0.5089  lr=4.02e-04
2026-08-20 00:19:17,662 INFO    round  15       H4  train_loss=0.5236  lr=4.02e-04
2026-08-20 00:19:56,270 INFO    round  15  eval  H1  WT=0.8746 TC=0.8235 ET=0.7838
2026-08-20 00:20:32,637 INFO    round  15  eval  H2  WT=0.8859 TC=0.8619 ET=0.8268
2026-08-20 00:21:10,029 INFO    round  15  eval  H3  WT=0.8555 TC=0.8453 ET=0.7965
2026-08-20 00:21:45,541 INFO    round  15  eval  H4  WT=0.8071 TC=0.8042 ET=0.7460
2026-08-20 00:22:31,978 INFO    round  15  VAL mean WT=0.8299  <- best so far
2026-08-20 00:23:19,340 INFO    round  16       H1  train_loss=0.4966  lr=3.43e-04
2026-08-20 00:24:07,017 INFO    round  16       H2  train_loss=0.4921  lr=3.43e-04
2026-08-20 00:24:53,397 INFO    round  16       H3  train_loss=0.5039  lr=3.43e-04
2026-08-20 00:25:38,498 INFO    round  16       H4  train_loss=0.5254  lr=3.43e-04
2026-08-20 00:25:38,572 INFO    round  16  test eval skipped (eval_test_every=3)
2026-08-20 00:26:26,592 INFO    round  16  VAL mean WT=0.8365  <- best so far
2026-08-20 00:27:11,313 INFO    round  17       H1  train_loss=0.5232  lr=2.88e-04
2026-08-20 00:27:57,021 INFO    round  17       H2  train_loss=0.4819  lr=2.88e-04
2026-08-20 00:28:42,659 INFO    round  17       H3  train_loss=0.4983  lr=2.88e-04
2026-08-20 00:29:27,135 INFO    round  17       H4  train_loss=0.5158  lr=2.88e-04
2026-08-20 00:29:27,198 INFO    round  17  test eval skipped (eval_test_every=3)
2026-08-20 00:30:15,766 INFO    round  17  VAL mean WT=0.8256
2026-08-20 00:31:01,328 INFO    round  18       H1  train_loss=0.4865  lr=2.36e-04
2026-08-20 00:31:47,624 INFO    round  18       H2  train_loss=0.4914  lr=2.36e-04
2026-08-20 00:32:33,029 INFO    round  18       H3  train_loss=0.5101  lr=2.36e-04
2026-08-20 00:33:18,116 INFO    round  18       H4  train_loss=0.5148  lr=2.36e-04
2026-08-20 00:33:57,553 INFO    round  18  eval  H1  WT=0.8821 TC=0.8343 ET=0.7886
2026-08-20 00:34:34,987 INFO    round  18  eval  H2  WT=0.8741 TC=0.8581 ET=0.8204
2026-08-20 00:35:11,762 INFO    round  18  eval  H3  WT=0.8853 TC=0.8657 ET=0.8162
2026-08-20 00:35:46,994 INFO    round  18  eval  H4  WT=0.8110 TC=0.7966 ET=0.7379
2026-08-20 00:36:33,106 INFO    round  18  VAL mean WT=0.8327
2026-08-20 00:37:18,228 INFO    round  19       H1  train_loss=0.5055  lr=1.89e-04
2026-08-20 00:38:04,334 INFO    round  19       H2  train_loss=0.4890  lr=1.89e-04
2026-08-20 00:38:49,905 INFO    round  19       H3  train_loss=0.4971  lr=1.89e-04
2026-08-20 00:39:35,020 INFO    round  19       H4  train_loss=0.5189  lr=1.89e-04
2026-08-20 00:39:35,087 INFO    round  19  test eval skipped (eval_test_every=3)
2026-08-20 00:40:22,080 INFO    round  19  VAL mean WT=0.8130
2026-08-20 00:41:07,202 INFO    round  20       H1  train_loss=0.4908  lr=1.48e-04
2026-08-20 00:41:53,173 INFO    round  20       H2  train_loss=0.4815  lr=1.48e-04
2026-08-20 00:42:39,590 INFO    round  20       H3  train_loss=0.4995  lr=1.48e-04
2026-08-20 00:43:24,148 INFO    round  20       H4  train_loss=0.5132  lr=1.48e-04
2026-08-20 00:43:24,216 INFO    round  20  test eval skipped (eval_test_every=3)
2026-08-20 00:44:11,605 INFO    round  20  VAL mean WT=0.8365  <- best so far
2026-08-20 00:44:56,419 INFO    round  21       H1  train_loss=0.4993  lr=1.14e-04
2026-08-20 00:45:41,526 INFO    round  21       H2  train_loss=0.4759  lr=1.14e-04
2026-08-20 00:46:26,997 INFO    round  21       H3  train_loss=0.5005  lr=1.14e-04
2026-08-20 00:47:12,031 INFO    round  21       H4  train_loss=0.5074  lr=1.14e-04
2026-08-20 00:47:49,630 INFO    round  21  eval  H1  WT=0.8878 TC=0.8374 ET=0.7932
2026-08-20 00:48:25,274 INFO    round  21  eval  H2  WT=0.8847 TC=0.8600 ET=0.8264
2026-08-20 00:49:02,601 INFO    round  21  eval  H3  WT=0.8640 TC=0.8547 ET=0.8085
2026-08-20 00:49:37,683 INFO    round  21  eval  H4  WT=0.8401 TC=0.8024 ET=0.7480
2026-08-20 00:50:23,618 INFO    round  21  VAL mean WT=0.8372  <- best so far
2026-08-20 00:51:08,622 INFO    round  22       H1  train_loss=0.5054  lr=8.62e-05
2026-08-20 00:51:54,774 INFO    round  22       H2  train_loss=0.4908  lr=8.62e-05
2026-08-20 00:52:44,709 INFO    round  22       H3  train_loss=0.4863  lr=8.62e-05
2026-08-20 00:53:33,799 INFO    round  22       H4  train_loss=0.5067  lr=8.62e-05
2026-08-20 00:53:33,871 INFO    round  22  test eval skipped (eval_test_every=3)
2026-08-20 00:54:21,326 INFO    round  22  VAL mean WT=0.8305
2026-08-20 00:55:09,262 INFO    round  23       H1  train_loss=0.4881  lr=6.62e-05
2026-08-20 00:55:58,365 INFO    round  23       H2  train_loss=0.4866  lr=6.62e-05
2026-08-20 00:56:47,470 INFO    round  23       H3  train_loss=0.4983  lr=6.62e-05
2026-08-20 00:57:35,137 INFO    round  23       H4  train_loss=0.4991  lr=6.62e-05
2026-08-20 00:57:35,196 INFO    round  23  test eval skipped (eval_test_every=3)
2026-08-20 00:58:22,933 INFO    round  23  VAL mean WT=0.8474  <- best so far
2026-08-20 00:59:10,531 INFO    round  24       H1  train_loss=0.4964  lr=5.41e-05
2026-08-20 00:59:59,388 INFO    round  24       H2  train_loss=0.4916  lr=5.41e-05
2026-08-20 01:00:47,986 INFO    round  24       H3  train_loss=0.4922  lr=5.41e-05
2026-08-20 01:01:44,077 INFO    round  24       H4  train_loss=0.5097  lr=5.41e-05
2026-08-20 01:02:24,053 INFO    round  24  eval  H1  WT=0.8875 TC=0.8382 ET=0.7966
2026-08-20 01:03:02,904 INFO    round  24  eval  H2  WT=0.8891 TC=0.8562 ET=0.8269
2026-08-20 01:03:40,944 INFO    round  24  eval  H3  WT=0.8707 TC=0.8546 ET=0.8115
2026-08-20 01:04:16,590 INFO    round  24  eval  H4  WT=0.8413 TC=0.8107 ET=0.7518
2026-08-20 01:05:02,800 INFO    round  24  VAL mean WT=0.8401
2026-08-20 01:05:50,210 INFO    round  25       H1  train_loss=0.4963  lr=5.00e-05
2026-08-20 01:06:40,023 INFO    round  25       H2  train_loss=0.4917  lr=5.00e-05
2026-08-20 01:07:27,447 INFO    round  25       H3  train_loss=0.4730  lr=5.00e-05
2026-08-20 01:08:15,414 INFO    round  25       H4  train_loss=0.5248  lr=5.00e-05
2026-08-20 01:08:15,493 INFO    round  25  test eval skipped (eval_test_every=3)
2026-08-20 01:09:04,120 INFO    round  25  VAL mean WT=0.8435
2026-08-20 01:09:51,399 INFO    round  26       H1  train_loss=0.4874  lr=5.00e-05
2026-08-20 01:10:39,694 INFO    round  26       H2  train_loss=0.4819  lr=5.00e-05
2026-08-20 01:11:27,226 INFO    round  26       H3  train_loss=0.4861  lr=5.00e-05
2026-08-20 01:12:16,981 INFO    round  26       H4  train_loss=0.4934  lr=5.00e-05
2026-08-20 01:12:17,063 INFO    round  26  test eval skipped (eval_test_every=3)
2026-08-20 01:13:06,408 INFO    round  26  VAL mean WT=0.8407
2026-08-20 01:13:54,611 INFO    round  27       H1  train_loss=0.4984  lr=5.00e-05
2026-08-20 01:14:43,405 INFO    round  27       H2  train_loss=0.4748  lr=5.00e-05
2026-08-20 01:15:45,943 INFO    round  27       H3  train_loss=0.4976  lr=5.00e-05
2026-08-20 01:16:40,636 INFO    round  27       H4  train_loss=0.4925  lr=5.00e-05
2026-08-20 01:17:20,405 INFO    round  27  eval  H1  WT=0.8901 TC=0.8445 ET=0.8019
2026-08-20 01:17:58,166 INFO    round  27  eval  H2  WT=0.8928 TC=0.8634 ET=0.8348
2026-08-20 01:18:36,849 INFO    round  27  eval  H3  WT=0.8603 TC=0.8602 ET=0.8130
2026-08-20 01:19:08,644 INFO    round  27  eval  H4  WT=0.8422 TC=0.8202 ET=0.7594
2026-08-20 01:19:49,768 INFO    round  27  VAL mean WT=0.8432
2026-08-20 01:20:37,491 INFO    round  28       H1  train_loss=0.4911  lr=5.00e-05
2026-08-20 01:21:27,913 INFO    round  28       H2  train_loss=0.4752  lr=5.00e-05
2026-08-20 01:22:15,925 INFO    round  28       H3  train_loss=0.4953  lr=5.00e-05
2026-08-20 01:23:03,914 INFO    round  28       H4  train_loss=0.5067  lr=5.00e-05
2026-08-20 01:23:04,002 INFO    round  28  test eval skipped (eval_test_every=3)
2026-08-20 01:23:54,065 INFO    round  28  VAL mean WT=0.8466
2026-08-20 01:24:40,823 INFO    round  29       H1  train_loss=0.5004  lr=5.00e-05
2026-08-20 01:25:29,156 INFO    round  29       H2  train_loss=0.4887  lr=5.00e-05
2026-08-20 01:26:16,415 INFO    round  29       H3  train_loss=0.4910  lr=5.00e-05
2026-08-20 01:27:04,583 INFO    round  29       H4  train_loss=0.5010  lr=5.00e-05
2026-08-20 01:27:04,664 INFO    round  29  test eval skipped (eval_test_every=3)
2026-08-20 01:27:53,060 INFO    round  29  VAL mean WT=0.8449
2026-08-20 01:28:39,443 INFO    round  30       H1  train_loss=0.4892  lr=5.00e-05
2026-08-20 01:29:27,340 INFO    round  30       H2  train_loss=0.4961  lr=5.00e-05
2026-08-20 01:30:14,737 INFO    round  30       H3  train_loss=0.4895  lr=5.00e-05
2026-08-20 01:31:02,151 INFO    round  30       H4  train_loss=0.4965  lr=5.00e-05
2026-08-20 01:31:42,960 INFO    round  30  eval  H1  WT=0.8922 TC=0.8477 ET=0.8053
2026-08-20 01:32:20,002 INFO    round  30  eval  H2  WT=0.8881 TC=0.8568 ET=0.8273
2026-08-20 01:32:58,393 INFO    round  30  eval  H3  WT=0.8647 TC=0.8546 ET=0.8129
2026-08-20 01:33:34,527 INFO    round  30  eval  H4  WT=0.8310 TC=0.8147 ET=0.7551
2026-08-20 01:34:20,843 INFO    round  30  VAL mean WT=0.8399
2026-08-20 01:35:04,216 INFO    round  31       H1  train_loss=0.4969  lr=5.00e-05
2026-08-20 01:35:49,444 INFO    round  31       H2  train_loss=0.4851  lr=5.00e-05
2026-08-20 01:36:36,483 INFO    round  31       H3  train_loss=0.4959  lr=5.00e-05
2026-08-20 01:37:23,088 INFO    round  31       H4  train_loss=0.5175  lr=5.00e-05
2026-08-20 01:37:23,164 INFO    round  31  test eval skipped (eval_test_every=3)
2026-08-20 01:38:10,261 INFO    round  31  VAL mean WT=0.8476  <- best so far
2026-08-20 01:38:55,240 INFO    round  32       H1  train_loss=0.4845  lr=5.00e-05
2026-08-20 01:39:44,119 INFO    round  32       H2  train_loss=0.4926  lr=5.00e-05
2026-08-20 01:40:29,275 INFO    round  32       H3  train_loss=0.5074  lr=5.00e-05
2026-08-20 01:41:17,138 INFO    round  32       H4  train_loss=0.5005  lr=5.00e-05
2026-08-20 01:41:17,218 INFO    round  32  test eval skipped (eval_test_every=3)
2026-08-20 01:42:04,339 INFO    round  32  VAL mean WT=0.8419
2026-08-20 01:42:52,195 INFO    round  33       H1  train_loss=0.4891  lr=5.00e-05
2026-08-20 01:43:37,750 INFO    round  33       H2  train_loss=0.4767  lr=5.00e-05
2026-08-20 01:44:23,125 INFO    round  33       H3  train_loss=0.5031  lr=5.00e-05
2026-08-20 01:45:07,938 INFO    round  33       H4  train_loss=0.5050  lr=5.00e-05
2026-08-20 01:45:46,162 INFO    round  33  eval  H1  WT=0.8913 TC=0.8471 ET=0.8030
2026-08-20 01:46:20,385 INFO    round  33  eval  H2  WT=0.8936 TC=0.8601 ET=0.8318
2026-08-20 01:46:52,844 INFO    round  33  eval  H3  WT=0.8758 TC=0.8609 ET=0.8156
2026-08-20 01:47:23,930 INFO    round  33  eval  H4  WT=0.8504 TC=0.8182 ET=0.7586
2026-08-20 01:48:04,456 INFO    round  33  VAL mean WT=0.8483  <- best so far
2026-08-20 01:48:46,506 INFO    round  34       H1  train_loss=0.4885  lr=5.00e-05
2026-08-20 01:49:28,464 INFO    round  34       H2  train_loss=0.4923  lr=5.00e-05
2026-08-20 01:50:11,398 INFO    round  34       H3  train_loss=0.4865  lr=5.00e-05
2026-08-20 01:50:55,325 INFO    round  34       H4  train_loss=0.4957  lr=5.00e-05
2026-08-20 01:50:55,414 INFO    round  34  test eval skipped (eval_test_every=3)
2026-08-20 01:51:36,374 INFO    round  34  VAL mean WT=0.8441
2026-08-20 01:52:17,762 INFO    round  35       H1  train_loss=0.4850  lr=5.00e-05
2026-08-20 01:52:59,682 INFO    round  35       H2  train_loss=0.4918  lr=5.00e-05
2026-08-20 01:53:40,575 INFO    round  35       H3  train_loss=0.5026  lr=5.00e-05
2026-08-20 01:54:22,819 INFO    round  35       H4  train_loss=0.4966  lr=5.00e-05
2026-08-20 01:54:22,900 INFO    round  35  test eval skipped (eval_test_every=3)
2026-08-20 01:55:03,778 INFO    round  35  VAL mean WT=0.8402
2026-08-20 01:55:44,503 INFO    round  36       H1  train_loss=0.4937  lr=5.00e-05
2026-08-20 01:56:25,651 INFO    round  36       H2  train_loss=0.4757  lr=5.00e-05
2026-08-20 01:57:06,549 INFO    round  36       H3  train_loss=0.4877  lr=5.00e-05
2026-08-20 01:57:47,761 INFO    round  36       H4  train_loss=0.5019  lr=5.00e-05
2026-08-20 01:58:20,499 INFO    round  36  eval  H1  WT=0.8904 TC=0.8445 ET=0.8000
2026-08-20 01:58:51,964 INFO    round  36  eval  H2  WT=0.8946 TC=0.8635 ET=0.8324
2026-08-20 01:59:24,156 INFO    round  36  eval  H3  WT=0.8752 TC=0.8701 ET=0.8221
2026-08-20 01:59:54,897 INFO    round  36  eval  H4  WT=0.8456 TC=0.8140 ET=0.7569
2026-08-20 02:00:35,228 INFO    round  36  VAL mean WT=0.8468
2026-08-20 02:01:16,331 INFO    round  37       H1  train_loss=0.4852  lr=5.00e-05
2026-08-20 02:01:57,286 INFO    round  37       H2  train_loss=0.4648  lr=5.00e-05
2026-08-20 02:02:39,356 INFO    round  37       H3  train_loss=0.4783  lr=5.00e-05
2026-08-20 02:03:21,549 INFO    round  37       H4  train_loss=0.4949  lr=5.00e-05
2026-08-20 02:03:54,582 INFO    round  37  eval  H1  WT=0.8907 TC=0.8455 ET=0.8038
2026-08-20 02:04:26,180 INFO    round  37  eval  H2  WT=0.8870 TC=0.8566 ET=0.8275
2026-08-20 02:04:58,442 INFO    round  37  eval  H3  WT=0.8862 TC=0.8713 ET=0.8238
2026-08-20 02:05:29,441 INFO    round  37  eval  H4  WT=0.8420 TC=0.8147 ET=0.7581
2026-08-20 02:06:09,831 INFO    round  37  VAL mean WT=0.8460
2026-08-20 02:06:49,754 INFO    round  38       H1  train_loss=0.5027  lr=5.00e-05
2026-08-20 02:07:31,430 INFO    round  38       H2  train_loss=0.4669  lr=5.00e-05
2026-08-20 02:08:13,075 INFO    round  38       H3  train_loss=0.4763  lr=5.00e-05
2026-08-20 02:08:55,145 INFO    round  38       H4  train_loss=0.5114  lr=5.00e-05
2026-08-20 02:09:30,037 INFO    round  38  eval  H1  WT=0.8920 TC=0.8436 ET=0.7993
2026-08-20 02:10:01,487 INFO    round  38  eval  H2  WT=0.8924 TC=0.8518 ET=0.8292
2026-08-20 02:10:33,594 INFO    round  38  eval  H3  WT=0.8688 TC=0.8568 ET=0.8130
2026-08-20 02:11:04,342 INFO    round  38  eval  H4  WT=0.8378 TC=0.8088 ET=0.7542
2026-08-20 02:11:44,860 INFO    round  38  VAL mean WT=0.8404
2026-08-20 02:12:25,701 INFO    round  39       H1  train_loss=0.4993  lr=5.00e-05
2026-08-20 02:13:07,806 INFO    round  39       H2  train_loss=0.4850  lr=5.00e-05
2026-08-20 02:13:49,167 INFO    round  39       H3  train_loss=0.4763  lr=5.00e-05
2026-08-20 02:14:30,568 INFO    round  39       H4  train_loss=0.4985  lr=5.00e-05
2026-08-20 02:15:03,089 INFO    round  39  eval  H1  WT=0.8930 TC=0.8452 ET=0.8004
2026-08-20 02:15:35,007 INFO    round  39  eval  H2  WT=0.8949 TC=0.8626 ET=0.8330
2026-08-20 02:16:06,950 INFO    round  39  eval  H3  WT=0.8708 TC=0.8699 ET=0.8219
2026-08-20 02:16:37,783 INFO    round  39  eval  H4  WT=0.8492 TC=0.8176 ET=0.7600
2026-08-20 02:17:18,016 INFO    round  39  VAL mean WT=0.8478
2026-08-20 02:17:59,530 INFO    round  40       H1  train_loss=0.4861  lr=5.00e-05
2026-08-20 02:18:40,810 INFO    round  40       H2  train_loss=0.4893  lr=5.00e-05
2026-08-20 02:19:21,797 INFO    round  40       H3  train_loss=0.4894  lr=5.00e-05
2026-08-20 02:20:02,985 INFO    round  40       H4  train_loss=0.4850  lr=5.00e-05
2026-08-20 02:20:36,167 INFO    round  40  eval  H1  WT=0.8920 TC=0.8468 ET=0.8027
2026-08-20 02:21:07,705 INFO    round  40  eval  H2  WT=0.8908 TC=0.8596 ET=0.8294
2026-08-20 02:21:39,948 INFO    round  40  eval  H3  WT=0.8702 TC=0.8586 ET=0.8135
2026-08-20 02:22:11,111 INFO    round  40  eval  H4  WT=0.8491 TC=0.8245 ET=0.7638
2026-08-20 02:22:51,501 INFO    round  40  VAL mean WT=0.8484  <- best so far
2026-08-20 02:22:51,633 INFO    selected round 40 by validation WT=0.8484 (of 40 rounds)
2026-08-20 02:22:51,634 INFO    final evaluation at round 40 (tta=True)
2026-08-20 02:23:46,794 INFO      final H1  WT=0.8953 TC=0.8509 ET=0.8067
2026-08-20 02:24:40,940 INFO      final H2  WT=0.8961 TC=0.8668 ET=0.8353
2026-08-20 02:25:36,261 INFO      final H3  WT=0.8746 TC=0.8597 ET=0.8150
2026-08-20 02:26:29,702 INFO      final H4  WT=0.8528 TC=0.8289 ET=0.7676
2026-08-20 02:26:29,819 INFO    done -> D:\capstone\artifacts\runs\v5\fedbn_2d_42
