2026-07-09 15:30:11,107 INFO    run_id=fedbn_2d_42 method=fedbn dim=2d device=cuda
2026-07-09 15:30:11,108 INFO    R=25 E=1 -> 25 total local epochs/hospital
2026-07-09 15:30:11,108 INFO      H1: 150 train / 62 test cases
2026-07-09 15:30:11,108 INFO      H2: 150 train / 62 test cases
2026-07-09 15:30:11,108 INFO      H3: 150 train / 62 test cases
2026-07-09 15:30:11,108 INFO      H4: 150 train / 62 test cases
2026-07-09 15:30:11,141 INFO      FedBN: keeping 65 BatchNorm keys local
2026-07-09 15:30:36,318 INFO    round   1       H1  train_loss=1.5894
2026-07-09 15:30:59,641 INFO    round   1       H2  train_loss=1.5913
2026-07-09 15:31:25,094 INFO    round   1       H3  train_loss=1.5920
2026-07-09 15:31:50,836 INFO    round   1       H4  train_loss=1.5893
2026-07-09 15:32:24,938 INFO    round   1  eval      H1 -> H1  WT=0.6893 TC=0.4279 ET=0.3398
2026-07-09 15:32:58,783 INFO    round   1  eval      H2 -> H2  WT=0.6871 TC=0.4997 ET=0.4414
2026-07-09 15:33:33,387 INFO    round   1  eval      H3 -> H3  WT=0.6461 TC=0.4599 ET=0.4184
2026-07-09 15:34:06,518 INFO    round   1  eval      H4 -> H4  WT=0.6059 TC=0.3910 ET=0.3468
2026-07-09 15:34:30,934 INFO    round   2       H1  train_loss=1.2675
2026-07-09 15:35:05,022 INFO    round   2       H2  train_loss=1.2667
2026-07-09 15:35:28,998 INFO    round   2       H3  train_loss=1.2706
2026-07-09 15:35:47,467 INFO    round   2       H4  train_loss=1.2603
2026-07-09 15:36:22,881 INFO    round   2  eval      H1 -> H1  WT=0.7940 TC=0.6075 ET=0.5886
2026-07-09 15:36:56,580 INFO    round   2  eval      H2 -> H2  WT=0.7921 TC=0.6528 ET=0.6737
2026-07-09 15:37:30,914 INFO    round   2  eval      H3 -> H3  WT=0.7498 TC=0.5523 ET=0.5279
2026-07-09 15:38:04,460 INFO    round   2  eval      H4 -> H4  WT=0.7192 TC=0.6165 ET=0.5890
2026-07-09 15:38:36,157 INFO    round   3       H1  train_loss=0.8593
2026-07-09 15:39:03,139 INFO    round   3       H2  train_loss=0.8705
2026-07-09 15:39:31,659 INFO    round   3       H3  train_loss=0.8625
2026-07-09 15:39:58,879 INFO    round   3       H4  train_loss=0.8748
2026-07-09 15:40:32,546 INFO    round   3  eval      H1 -> H1  WT=0.8156 TC=0.6606 ET=0.6686
2026-07-09 15:41:05,582 INFO    round   3  eval      H2 -> H2  WT=0.7295 TC=0.6761 ET=0.7096
2026-07-09 15:41:39,517 INFO    round   3  eval      H3 -> H3  WT=0.7163 TC=0.6527 ET=0.6331
2026-07-09 15:42:12,290 INFO    round   3  eval      H4 -> H4  WT=0.7284 TC=0.6440 ET=0.6119
2026-07-09 15:42:40,560 INFO    round   4       H1  train_loss=0.6421
2026-07-09 15:43:08,111 INFO    round   4       H2  train_loss=0.6445
2026-07-09 15:43:34,812 INFO    round   4       H3  train_loss=0.6378
2026-07-09 15:44:04,098 INFO    round   4       H4  train_loss=0.6614
2026-07-09 15:44:38,449 INFO    round   4  eval      H1 -> H1  WT=0.8256 TC=0.6675 ET=0.6898
2026-07-09 15:45:12,115 INFO    round   4  eval      H2 -> H2  WT=0.8186 TC=0.7122 ET=0.7243
2026-07-09 15:45:45,983 INFO    round   4  eval      H3 -> H3  WT=0.7817 TC=0.6924 ET=0.7061
2026-07-09 15:46:18,318 INFO    round   4  eval      H4 -> H4  WT=0.6854 TC=0.6324 ET=0.6362
2026-07-09 15:46:47,785 INFO    round   5       H1  train_loss=0.5430
2026-07-09 15:47:16,789 INFO    round   5       H2  train_loss=0.5796
2026-07-09 15:47:46,457 INFO    round   5       H3  train_loss=0.5907
2026-07-09 15:48:16,906 INFO    round   5       H4  train_loss=0.5842
2026-07-09 15:48:52,654 INFO    round   5  eval      H1 -> H1  WT=0.8350 TC=0.6951 ET=0.6940
2026-07-09 15:49:25,879 INFO    round   5  eval      H2 -> H2  WT=0.8338 TC=0.7465 ET=0.7467
2026-07-09 15:49:59,783 INFO    round   5  eval      H3 -> H3  WT=0.7813 TC=0.7312 ET=0.7160
2026-07-09 15:50:32,756 INFO    round   5  eval      H4 -> H4  WT=0.6414 TC=0.6392 ET=0.6111
2026-07-09 15:51:04,126 INFO    round   6       H1  train_loss=0.5498
2026-07-09 15:51:33,087 INFO    round   6       H2  train_loss=0.5527
2026-07-09 15:52:01,997 INFO    round   6       H3  train_loss=0.5651
2026-07-09 15:52:31,056 INFO    round   6       H4  train_loss=0.5704
2026-07-09 15:53:05,899 INFO    round   6  eval      H1 -> H1  WT=0.8319 TC=0.7141 ET=0.7178
2026-07-09 15:53:39,263 INFO    round   6  eval      H2 -> H2  WT=0.8009 TC=0.7374 ET=0.7221
2026-07-09 15:54:13,102 INFO    round   6  eval      H3 -> H3  WT=0.8095 TC=0.7410 ET=0.7223
2026-07-09 15:54:45,833 INFO    round   6  eval      H4 -> H4  WT=0.7238 TC=0.6698 ET=0.6406
2026-07-09 15:55:16,754 INFO    round   7       H1  train_loss=0.5011
2026-07-09 15:55:46,154 INFO    round   7       H2  train_loss=0.5152
2026-07-09 15:56:15,632 INFO    round   7       H3  train_loss=0.5543
2026-07-09 15:56:45,647 INFO    round   7       H4  train_loss=0.5473
2026-07-09 15:57:19,796 INFO    round   7  eval      H1 -> H1  WT=0.8436 TC=0.7357 ET=0.7380
2026-07-09 15:57:53,299 INFO    round   7  eval      H2 -> H2  WT=0.8600 TC=0.8063 ET=0.7845
2026-07-09 15:58:23,711 INFO    round   7  eval      H3 -> H3  WT=0.8307 TC=0.7729 ET=0.7476
2026-07-09 15:58:53,010 INFO    round   7  eval      H4 -> H4  WT=0.7106 TC=0.6923 ET=0.6504
2026-07-09 15:59:20,352 INFO    round   8       H1  train_loss=0.5117
2026-07-09 15:59:50,334 INFO    round   8       H2  train_loss=0.5237
2026-07-09 16:00:20,302 INFO    round   8       H3  train_loss=0.5172
2026-07-09 16:00:49,250 INFO    round   8       H4  train_loss=0.5407
2026-07-09 16:01:20,029 INFO    round   8  eval      H1 -> H1  WT=0.8530 TC=0.7706 ET=0.7548
2026-07-09 16:01:50,148 INFO    round   8  eval      H2 -> H2  WT=0.8394 TC=0.8148 ET=0.7771
2026-07-09 16:02:20,629 INFO    round   8  eval      H3 -> H3  WT=0.8240 TC=0.8053 ET=0.7721
2026-07-09 16:02:50,126 INFO    round   8  eval      H4 -> H4  WT=0.8210 TC=0.7706 ET=0.7115
2026-07-09 16:03:23,778 INFO    round   9       H1  train_loss=0.4948
2026-07-09 16:03:52,592 INFO    round   9       H2  train_loss=0.5193
2026-07-09 16:04:18,815 INFO    round   9       H3  train_loss=0.5142
2026-07-09 16:04:47,716 INFO    round   9       H4  train_loss=0.5412
2026-07-09 16:05:18,814 INFO    round   9  eval      H1 -> H1  WT=0.8554 TC=0.8056 ET=0.7653
2026-07-09 16:05:48,135 INFO    round   9  eval      H2 -> H2  WT=0.8409 TC=0.8251 ET=0.7848
2026-07-09 16:06:17,917 INFO    round   9  eval      H3 -> H3  WT=0.8216 TC=0.8042 ET=0.7677
2026-07-09 16:06:47,001 INFO    round   9  eval      H4 -> H4  WT=0.7873 TC=0.7625 ET=0.7054
2026-07-09 16:07:15,928 INFO    round  10       H1  train_loss=0.4770
2026-07-09 16:07:44,661 INFO    round  10       H2  train_loss=0.4991
2026-07-09 16:08:12,398 INFO    round  10       H3  train_loss=0.5087
2026-07-09 16:08:41,264 INFO    round  10       H4  train_loss=0.5242
2026-07-09 16:09:12,184 INFO    round  10  eval      H1 -> H1  WT=0.8678 TC=0.8055 ET=0.7617
2026-07-09 16:09:41,816 INFO    round  10  eval      H2 -> H2  WT=0.8412 TC=0.7955 ET=0.7537
2026-07-09 16:10:11,885 INFO    round  10  eval      H3 -> H3  WT=0.7722 TC=0.7923 ET=0.7264
2026-07-09 16:10:40,997 INFO    round  10  eval      H4 -> H4  WT=0.7605 TC=0.7341 ET=0.6633
2026-07-09 16:11:11,919 INFO    round  11       H1  train_loss=0.5153
2026-07-09 16:11:41,220 INFO    round  11       H2  train_loss=0.4996
2026-07-09 16:12:09,619 INFO    round  11       H3  train_loss=0.5198
2026-07-09 16:12:38,388 INFO    round  11       H4  train_loss=0.5223
2026-07-09 16:13:08,909 INFO    round  11  eval      H1 -> H1  WT=0.8418 TC=0.7764 ET=0.7483
2026-07-09 16:13:38,168 INFO    round  11  eval      H2 -> H2  WT=0.8489 TC=0.8256 ET=0.7831
2026-07-09 16:14:07,816 INFO    round  11  eval      H3 -> H3  WT=0.8464 TC=0.8114 ET=0.7621
2026-07-09 16:14:36,600 INFO    round  11  eval      H4 -> H4  WT=0.8196 TC=0.7750 ET=0.7123
2026-07-09 16:15:04,650 INFO    round  12       H1  train_loss=0.5083
2026-07-09 16:15:32,573 INFO    round  12       H2  train_loss=0.4886
2026-07-09 16:16:04,062 INFO    round  12       H3  train_loss=0.5256
2026-07-09 16:16:32,502 INFO    round  12       H4  train_loss=0.5286
2026-07-09 16:17:04,221 INFO    round  12  eval      H1 -> H1  WT=0.8479 TC=0.7970 ET=0.7602
2026-07-09 16:17:35,048 INFO    round  12  eval      H2 -> H2  WT=0.8477 TC=0.8430 ET=0.8015
2026-07-09 16:18:05,361 INFO    round  12  eval      H3 -> H3  WT=0.8464 TC=0.8401 ET=0.7877
2026-07-09 16:18:34,447 INFO    round  12  eval      H4 -> H4  WT=0.8404 TC=0.8130 ET=0.7502
2026-07-09 16:19:04,632 INFO    round  13       H1  train_loss=0.4844
2026-07-09 16:19:31,624 INFO    round  13       H2  train_loss=0.4851
2026-07-09 16:19:59,628 INFO    round  13       H3  train_loss=0.5089
2026-07-09 16:20:28,483 INFO    round  13       H4  train_loss=0.5072
2026-07-09 16:20:58,966 INFO    round  13  eval      H1 -> H1  WT=0.8667 TC=0.8108 ET=0.7638
2026-07-09 16:21:28,585 INFO    round  13  eval      H2 -> H2  WT=0.8509 TC=0.8362 ET=0.7781
2026-07-09 16:21:58,753 INFO    round  13  eval      H3 -> H3  WT=0.8580 TC=0.8385 ET=0.7802
2026-07-09 16:22:27,712 INFO    round  13  eval      H4 -> H4  WT=0.8377 TC=0.8059 ET=0.7458
2026-07-09 16:22:55,452 INFO    round  14       H1  train_loss=0.4778
2026-07-09 16:23:25,306 INFO    round  14       H2  train_loss=0.4909
2026-07-09 16:23:54,153 INFO    round  14       H3  train_loss=0.5024
2026-07-09 16:24:25,165 INFO    round  14       H4  train_loss=0.5041
2026-07-09 16:24:55,355 INFO    round  14  eval      H1 -> H1  WT=0.8668 TC=0.7998 ET=0.7683
2026-07-09 16:25:24,758 INFO    round  14  eval      H2 -> H2  WT=0.8668 TC=0.8351 ET=0.7889
2026-07-09 16:25:54,863 INFO    round  14  eval      H3 -> H3  WT=0.7897 TC=0.8135 ET=0.7527
2026-07-09 16:26:24,132 INFO    round  14  eval      H4 -> H4  WT=0.8507 TC=0.7972 ET=0.7305
2026-07-09 16:26:51,379 INFO    round  15       H1  train_loss=0.4862
2026-07-09 16:27:20,541 INFO    round  15       H2  train_loss=0.4775
2026-07-09 16:27:49,941 INFO    round  15       H3  train_loss=0.5120
2026-07-09 16:28:13,910 INFO    round  15       H4  train_loss=0.5271
2026-07-09 16:28:46,560 INFO    round  15  eval      H1 -> H1  WT=0.8717 TC=0.7828 ET=0.7492
2026-07-09 16:29:15,607 INFO    round  15  eval      H2 -> H2  WT=0.7861 TC=0.8312 ET=0.7753
2026-07-09 16:29:45,284 INFO    round  15  eval      H3 -> H3  WT=0.8560 TC=0.8447 ET=0.7958
2026-07-09 16:30:14,276 INFO    round  15  eval      H4 -> H4  WT=0.7535 TC=0.7706 ET=0.7122
2026-07-09 16:30:44,660 INFO    round  16       H1  train_loss=0.4810
2026-07-09 16:31:08,730 INFO    round  16       H2  train_loss=0.4774
2026-07-09 16:31:38,053 INFO    round  16       H3  train_loss=0.5018
2026-07-09 16:32:06,890 INFO    round  16       H4  train_loss=0.4923
2026-07-09 16:32:37,091 INFO    round  16  eval      H1 -> H1  WT=0.8759 TC=0.8097 ET=0.7727
2026-07-09 16:33:06,019 INFO    round  16  eval      H2 -> H2  WT=0.8652 TC=0.8508 ET=0.8073
2026-07-09 16:33:35,504 INFO    round  16  eval      H3 -> H3  WT=0.8465 TC=0.8063 ET=0.7711
2026-07-09 16:34:04,440 INFO    round  16  eval      H4 -> H4  WT=0.8548 TC=0.8206 ET=0.7604
2026-07-09 16:34:33,443 INFO    round  17       H1  train_loss=0.4851
2026-07-09 16:35:01,130 INFO    round  17       H2  train_loss=0.4675
2026-07-09 16:35:28,145 INFO    round  17       H3  train_loss=0.4905
2026-07-09 16:35:57,509 INFO    round  17       H4  train_loss=0.5155
2026-07-09 16:36:27,979 INFO    round  17  eval      H1 -> H1  WT=0.8706 TC=0.7974 ET=0.7714
2026-07-09 16:36:57,022 INFO    round  17  eval      H2 -> H2  WT=0.8537 TC=0.8623 ET=0.8155
2026-07-09 16:37:26,568 INFO    round  17  eval      H3 -> H3  WT=0.7120 TC=0.8115 ET=0.7556
2026-07-09 16:37:55,657 INFO    round  17  eval      H4 -> H4  WT=0.8236 TC=0.7918 ET=0.7293
2026-07-09 16:38:25,484 INFO    round  18       H1  train_loss=0.4575
2026-07-09 16:38:53,120 INFO    round  18       H2  train_loss=0.4717
2026-07-09 16:39:18,118 INFO    round  18       H3  train_loss=0.4885
2026-07-09 16:39:46,707 INFO    round  18       H4  train_loss=0.5078
2026-07-09 16:40:16,985 INFO    round  18  eval      H1 -> H1  WT=0.8697 TC=0.8079 ET=0.7663
2026-07-09 16:40:45,980 INFO    round  18  eval      H2 -> H2  WT=0.8771 TC=0.8509 ET=0.8071
2026-07-09 16:41:15,721 INFO    round  18  eval      H3 -> H3  WT=0.8514 TC=0.8451 ET=0.7866
2026-07-09 16:41:44,757 INFO    round  18  eval      H4 -> H4  WT=0.7689 TC=0.7926 ET=0.7282
2026-07-09 16:42:13,822 INFO    round  19       H1  train_loss=0.4900
2026-07-09 16:42:43,379 INFO    round  19       H2  train_loss=0.4655
2026-07-09 16:43:11,599 INFO    round  19       H3  train_loss=0.4974
2026-07-09 16:43:40,118 INFO    round  19       H4  train_loss=0.5329
2026-07-09 16:44:10,020 INFO    round  19  eval      H1 -> H1  WT=0.8461 TC=0.8164 ET=0.7876
2026-07-09 16:44:39,199 INFO    round  19  eval      H2 -> H2  WT=0.8726 TC=0.8594 ET=0.8161
2026-07-09 16:45:08,965 INFO    round  19  eval      H3 -> H3  WT=0.8583 TC=0.8548 ET=0.7980
2026-07-09 16:45:37,962 INFO    round  19  eval      H4 -> H4  WT=0.7301 TC=0.7230 ET=0.6587
2026-07-09 16:46:06,059 INFO    round  20       H1  train_loss=0.4591
2026-07-09 16:46:34,410 INFO    round  20       H2  train_loss=0.4883
2026-07-09 16:47:02,720 INFO    round  20       H3  train_loss=0.4755
2026-07-09 16:47:32,683 INFO    round  20       H4  train_loss=0.5161
2026-07-09 16:48:03,457 INFO    round  20  eval      H1 -> H1  WT=0.8730 TC=0.8118 ET=0.7790
2026-07-09 16:48:33,085 INFO    round  20  eval      H2 -> H2  WT=0.8605 TC=0.8436 ET=0.7987
2026-07-09 16:49:03,341 INFO    round  20  eval      H3 -> H3  WT=0.8370 TC=0.8271 ET=0.7695
2026-07-09 16:49:32,257 INFO    round  20  eval      H4 -> H4  WT=0.8079 TC=0.7796 ET=0.7087
2026-07-09 16:50:01,632 INFO    round  21       H1  train_loss=0.4728
2026-07-09 16:50:28,027 INFO    round  21       H2  train_loss=0.4887
2026-07-09 16:50:56,822 INFO    round  21       H3  train_loss=0.4833
2026-07-09 16:51:23,660 INFO    round  21       H4  train_loss=0.4831
2026-07-09 16:51:54,684 INFO    round  21  eval      H1 -> H1  WT=0.8411 TC=0.8279 ET=0.8032
2026-07-09 16:52:23,909 INFO    round  21  eval      H2 -> H2  WT=0.8538 TC=0.8514 ET=0.8224
2026-07-09 16:52:53,711 INFO    round  21  eval      H3 -> H3  WT=0.8223 TC=0.8352 ET=0.7782
2026-07-09 16:53:22,605 INFO    round  21  eval      H4 -> H4  WT=0.8146 TC=0.7645 ET=0.7063
2026-07-09 16:53:54,062 INFO    round  22       H1  train_loss=0.4746
2026-07-09 16:54:23,150 INFO    round  22       H2  train_loss=0.4787
2026-07-09 16:54:52,685 INFO    round  22       H3  train_loss=0.4876
2026-07-09 16:55:19,549 INFO    round  22       H4  train_loss=0.5196
2026-07-09 16:55:50,080 INFO    round  22  eval      H1 -> H1  WT=0.8791 TC=0.8167 ET=0.7829
2026-07-09 16:56:19,694 INFO    round  22  eval      H2 -> H2  WT=0.8320 TC=0.8487 ET=0.8017
2026-07-09 16:56:49,485 INFO    round  22  eval      H3 -> H3  WT=0.8516 TC=0.8519 ET=0.7939
2026-07-09 16:57:18,455 INFO    round  22  eval      H4 -> H4  WT=0.8327 TC=0.7969 ET=0.7291
2026-07-09 16:57:40,301 INFO    round  23       H1  train_loss=0.4792
2026-07-09 16:58:09,715 INFO    round  23       H2  train_loss=0.4774
2026-07-09 16:58:37,685 INFO    round  23       H3  train_loss=0.5015
2026-07-09 16:59:08,067 INFO    round  23       H4  train_loss=0.5041
2026-07-09 16:59:38,329 INFO    round  23  eval      H1 -> H1  WT=0.8664 TC=0.8253 ET=0.7888
2026-07-09 17:00:07,144 INFO    round  23  eval      H2 -> H2  WT=0.8876 TC=0.8682 ET=0.8251
2026-07-09 17:00:36,622 INFO    round  23  eval      H3 -> H3  WT=0.8124 TC=0.8398 ET=0.7887
2026-07-09 17:01:05,474 INFO    round  23  eval      H4 -> H4  WT=0.8548 TC=0.8226 ET=0.7576
2026-07-09 17:01:30,977 INFO    round  24       H1  train_loss=0.4721
2026-07-09 17:01:59,596 INFO    round  24       H2  train_loss=0.4731
2026-07-09 17:02:27,644 INFO    round  24       H3  train_loss=0.4829
2026-07-09 17:02:57,795 INFO    round  24       H4  train_loss=0.4941
2026-07-09 17:03:28,471 INFO    round  24  eval      H1 -> H1  WT=0.8784 TC=0.8281 ET=0.7958
2026-07-09 17:03:57,869 INFO    round  24  eval      H2 -> H2  WT=0.8875 TC=0.8651 ET=0.8256
2026-07-09 17:04:27,654 INFO    round  24  eval      H3 -> H3  WT=0.8674 TC=0.8642 ET=0.8163
2026-07-09 17:04:56,368 INFO    round  24  eval      H4 -> H4  WT=0.8360 TC=0.8109 ET=0.7432
2026-07-09 17:05:26,182 INFO    round  25       H1  train_loss=0.4735
2026-07-09 17:05:42,662 INFO    round  25       H2  train_loss=0.4555
2026-07-09 17:06:11,648 INFO    round  25       H3  train_loss=0.4803
2026-07-09 17:06:38,605 INFO    round  25       H4  train_loss=0.5031
2026-07-09 17:07:08,525 INFO    round  25  eval      H1 -> H1  WT=0.8660 TC=0.8102 ET=0.7828
2026-07-09 17:07:37,646 INFO    round  25  eval      H2 -> H2  WT=0.8660 TC=0.8628 ET=0.8179
2026-07-09 17:08:07,629 INFO    round  25  eval      H3 -> H3  WT=0.8490 TC=0.8439 ET=0.7882
2026-07-09 17:08:36,849 INFO    round  25  eval      H4 -> H4  WT=0.8290 TC=0.7950 ET=0.7280
2026-07-09 17:08:36,961 INFO    done -> D:\capstone\artifacts\runs\fedbn_2d_42
