2026-08-19 19:43:41,170 INFO    run_id=fedavg_2d_42 method=fedavg dim=2d device=cuda
2026-08-19 19:43:41,172 INFO    tag=v5 -> D:\capstone\artifacts\runs\v5\fedavg_2d_42
2026-08-19 19:43:41,172 INFO    R=40 E=1 -> 40 total local epochs/hospital
2026-08-19 19:43:41,172 INFO    lr=0.001 schedule=cosine augment=True tta=True postproc_min_voxels=50 select_by=best_val
2026-08-19 19:43:41,172 INFO      H1: 230 train / 20 val / 62 test cases
2026-08-19 19:43:41,172 INFO      H2: 230 train / 20 val / 62 test cases
2026-08-19 19:43:41,173 INFO      H3: 230 train / 20 val / 62 test cases
2026-08-19 19:43:41,173 INFO      H4: 230 train / 20 val / 62 test cases
2026-08-19 19:44:19,152 INFO    round   1       H1  train_loss=1.5033  lr=1.00e-03
2026-08-19 19:44:59,725 INFO    round   1       H2  train_loss=1.4850  lr=1.00e-03
2026-08-19 19:45:39,038 INFO    round   1       H3  train_loss=1.5110  lr=1.00e-03
2026-08-19 19:46:19,654 INFO    round   1       H4  train_loss=1.5003  lr=1.00e-03
2026-08-19 19:47:00,179 INFO    round   1  eval  H1  WT=0.7617 TC=0.5366 ET=0.5533
2026-08-19 19:47:37,103 INFO    round   1  eval  H2  WT=0.7513 TC=0.5617 ET=0.5660
2026-08-19 19:48:14,217 INFO    round   1  eval  H3  WT=0.7069 TC=0.5300 ET=0.5198
2026-08-19 19:48:48,939 INFO    round   1  eval  H4  WT=0.6404 TC=0.4353 ET=0.4385
2026-08-19 19:49:37,523 INFO    round   1  VAL mean WT=0.7190  <- best so far
2026-08-19 19:50:23,622 INFO    round   2       H1  train_loss=0.8834  lr=9.96e-04
2026-08-19 19:51:08,175 INFO    round   2       H2  train_loss=0.8855  lr=9.96e-04
2026-08-19 19:51:54,621 INFO    round   2       H3  train_loss=0.8929  lr=9.96e-04
2026-08-19 19:52:39,519 INFO    round   2       H4  train_loss=0.9037  lr=9.96e-04
2026-08-19 19:52:39,562 INFO    round   2  test eval skipped (eval_test_every=3)
2026-08-19 19:53:26,881 INFO    round   2  VAL mean WT=0.7659  <- best so far
2026-08-19 19:54:11,810 INFO    round   3       H1  train_loss=0.6183  lr=9.84e-04
2026-08-19 19:54:56,741 INFO    round   3       H2  train_loss=0.6063  lr=9.84e-04
2026-08-19 19:55:41,814 INFO    round   3       H3  train_loss=0.6227  lr=9.84e-04
2026-08-19 19:56:28,445 INFO    round   3       H4  train_loss=0.6448  lr=9.84e-04
2026-08-19 19:57:07,351 INFO    round   3  eval  H1  WT=0.8298 TC=0.6860 ET=0.7066
2026-08-19 19:57:44,364 INFO    round   3  eval  H2  WT=0.8268 TC=0.7292 ET=0.7436
2026-08-19 19:58:21,345 INFO    round   3  eval  H3  WT=0.7967 TC=0.7124 ET=0.7188
2026-08-19 19:58:57,056 INFO    round   3  eval  H4  WT=0.7270 TC=0.6338 ET=0.6260
2026-08-19 19:59:43,823 INFO    round   3  VAL mean WT=0.7755  <- best so far
2026-08-19 20:00:29,971 INFO    round   4       H1  train_loss=0.5771  lr=9.64e-04
2026-08-19 20:01:14,473 INFO    round   4       H2  train_loss=0.5676  lr=9.64e-04
2026-08-19 20:01:59,260 INFO    round   4       H3  train_loss=0.5740  lr=9.64e-04
2026-08-19 20:02:43,933 INFO    round   4       H4  train_loss=0.6003  lr=9.64e-04
2026-08-19 20:02:43,979 INFO    round   4  test eval skipped (eval_test_every=3)
2026-08-19 20:03:31,783 INFO    round   4  VAL mean WT=0.7856  <- best so far
2026-08-19 20:04:17,440 INFO    round   5       H1  train_loss=0.5549  lr=9.36e-04
2026-08-19 20:05:01,678 INFO    round   5       H2  train_loss=0.5668  lr=9.36e-04
2026-08-19 20:05:48,132 INFO    round   5       H3  train_loss=0.5708  lr=9.36e-04
2026-08-19 20:06:34,614 INFO    round   5       H4  train_loss=0.5928  lr=9.36e-04
2026-08-19 20:06:34,686 INFO    round   5  test eval skipped (eval_test_every=3)
2026-08-19 20:07:22,862 INFO    round   5  VAL mean WT=0.7785
2026-08-19 20:08:06,870 INFO    round   6       H1  train_loss=0.5400  lr=9.02e-04
2026-08-19 20:08:51,637 INFO    round   6       H2  train_loss=0.5488  lr=9.02e-04
2026-08-19 20:09:36,149 INFO    round   6       H3  train_loss=0.5505  lr=9.02e-04
2026-08-19 20:10:21,308 INFO    round   6       H4  train_loss=0.5659  lr=9.02e-04
2026-08-19 20:11:00,859 INFO    round   6  eval  H1  WT=0.8494 TC=0.7739 ET=0.7521
2026-08-19 20:11:36,078 INFO    round   6  eval  H2  WT=0.8482 TC=0.8033 ET=0.7915
2026-08-19 20:12:13,533 INFO    round   6  eval  H3  WT=0.8236 TC=0.7876 ET=0.7681
2026-08-19 20:12:48,715 INFO    round   6  eval  H4  WT=0.7505 TC=0.7030 ET=0.6777
2026-08-19 20:13:35,440 INFO    round   6  VAL mean WT=0.7876  <- best so far
2026-08-19 20:14:19,869 INFO    round   7       H1  train_loss=0.5362  lr=8.61e-04
2026-08-19 20:15:04,962 INFO    round   7       H2  train_loss=0.5257  lr=8.61e-04
2026-08-19 20:15:49,705 INFO    round   7       H3  train_loss=0.5600  lr=8.61e-04
2026-08-19 20:16:35,395 INFO    round   7       H4  train_loss=0.5577  lr=8.61e-04
2026-08-19 20:16:35,470 INFO    round   7  test eval skipped (eval_test_every=3)
2026-08-19 20:17:23,034 INFO    round   7  VAL mean WT=0.7999  <- best so far
2026-08-19 20:18:08,437 INFO    round   8       H1  train_loss=0.5309  lr=8.14e-04
2026-08-19 20:18:53,417 INFO    round   8       H2  train_loss=0.5343  lr=8.14e-04
2026-08-19 20:19:39,791 INFO    round   8       H3  train_loss=0.5403  lr=8.14e-04
2026-08-19 20:20:25,084 INFO    round   8       H4  train_loss=0.5402  lr=8.14e-04
2026-08-19 20:20:25,150 INFO    round   8  test eval skipped (eval_test_every=3)
2026-08-19 20:21:12,853 INFO    round   8  VAL mean WT=0.7993
2026-08-19 20:21:57,417 INFO    round   9       H1  train_loss=0.5057  lr=7.63e-04
2026-08-19 20:22:42,722 INFO    round   9       H2  train_loss=0.5204  lr=7.63e-04
2026-08-19 20:23:27,189 INFO    round   9       H3  train_loss=0.5384  lr=7.63e-04
2026-08-19 20:24:13,249 INFO    round   9       H4  train_loss=0.5522  lr=7.63e-04
2026-08-19 20:24:52,039 INFO    round   9  eval  H1  WT=0.8745 TC=0.8169 ET=0.7670
2026-08-19 20:25:27,592 INFO    round   9  eval  H2  WT=0.8647 TC=0.8405 ET=0.8101
2026-08-19 20:26:04,296 INFO    round   9  eval  H3  WT=0.8176 TC=0.8132 ET=0.7842
2026-08-19 20:26:40,696 INFO    round   9  eval  H4  WT=0.7273 TC=0.7384 ET=0.6930
2026-08-19 20:27:26,827 INFO    round   9  VAL mean WT=0.8042  <- best so far
2026-08-19 20:28:10,425 INFO    round  10       H1  train_loss=0.5313  lr=7.07e-04
2026-08-19 20:28:55,310 INFO    round  10       H2  train_loss=0.5026  lr=7.07e-04
2026-08-19 20:29:40,387 INFO    round  10       H3  train_loss=0.5285  lr=7.07e-04
2026-08-19 20:30:25,227 INFO    round  10       H4  train_loss=0.5568  lr=7.07e-04
2026-08-19 20:30:25,292 INFO    round  10  test eval skipped (eval_test_every=3)
2026-08-19 20:31:13,011 INFO    round  10  VAL mean WT=0.8085  <- best so far
2026-08-19 20:31:56,588 INFO    round  11       H1  train_loss=0.5142  lr=6.48e-04
2026-08-19 20:32:42,744 INFO    round  11       H2  train_loss=0.5126  lr=6.48e-04
2026-08-19 20:33:28,598 INFO    round  11       H3  train_loss=0.5036  lr=6.48e-04
2026-08-19 20:34:19,283 INFO    round  11       H4  train_loss=0.5351  lr=6.48e-04
2026-08-19 20:34:19,351 INFO    round  11  test eval skipped (eval_test_every=3)
2026-08-19 20:35:09,538 INFO    round  11  VAL mean WT=0.8109  <- best so far
2026-08-19 20:35:55,086 INFO    round  12       H1  train_loss=0.5298  lr=5.87e-04
2026-08-19 20:36:41,986 INFO    round  12       H2  train_loss=0.5117  lr=5.87e-04
2026-08-19 20:37:30,352 INFO    round  12       H3  train_loss=0.5226  lr=5.87e-04
2026-08-19 20:38:18,059 INFO    round  12       H4  train_loss=0.5492  lr=5.87e-04
2026-08-19 20:38:58,610 INFO    round  12  eval  H1  WT=0.8741 TC=0.8300 ET=0.7781
2026-08-19 20:39:35,340 INFO    round  12  eval  H2  WT=0.8777 TC=0.8519 ET=0.8141
2026-08-19 20:40:12,457 INFO    round  12  eval  H3  WT=0.8485 TC=0.8399 ET=0.7966
2026-08-19 20:40:53,227 INFO    round  12  eval  H4  WT=0.7674 TC=0.7591 ET=0.7002
2026-08-19 20:41:39,504 INFO    round  12  VAL mean WT=0.8132  <- best so far
2026-08-19 20:42:24,564 INFO    round  13       H1  train_loss=0.5119  lr=5.25e-04
2026-08-19 20:43:15,034 INFO    round  13       H2  train_loss=0.5086  lr=5.25e-04
2026-08-19 20:44:01,494 INFO    round  13       H3  train_loss=0.5176  lr=5.25e-04
2026-08-19 20:44:49,516 INFO    round  13       H4  train_loss=0.5337  lr=5.25e-04
2026-08-19 20:44:49,594 INFO    round  13  test eval skipped (eval_test_every=3)
2026-08-19 20:45:40,661 INFO    round  13  VAL mean WT=0.8173  <- best so far
2026-08-19 20:46:26,942 INFO    round  14       H1  train_loss=0.5100  lr=4.63e-04
2026-08-19 20:47:13,771 INFO    round  14       H2  train_loss=0.5020  lr=4.63e-04
2026-08-19 20:48:00,845 INFO    round  14       H3  train_loss=0.5057  lr=4.63e-04
2026-08-19 20:48:47,199 INFO    round  14       H4  train_loss=0.5260  lr=4.63e-04
2026-08-19 20:48:47,260 INFO    round  14  test eval skipped (eval_test_every=3)
2026-08-19 20:49:34,157 INFO    round  14  VAL mean WT=0.8155
2026-08-19 20:50:20,005 INFO    round  15       H1  train_loss=0.5010  lr=4.02e-04
2026-08-19 20:51:06,117 INFO    round  15       H2  train_loss=0.5033  lr=4.02e-04
2026-08-19 20:51:52,054 INFO    round  15       H3  train_loss=0.5100  lr=4.02e-04
2026-08-19 20:52:39,160 INFO    round  15       H4  train_loss=0.5216  lr=4.02e-04
2026-08-19 20:53:16,861 INFO    round  15  eval  H1  WT=0.8856 TC=0.8348 ET=0.7841
2026-08-19 20:53:53,652 INFO    round  15  eval  H2  WT=0.8870 TC=0.8660 ET=0.8256
2026-08-19 20:54:30,867 INFO    round  15  eval  H3  WT=0.8506 TC=0.8473 ET=0.7967
2026-08-19 20:55:06,812 INFO    round  15  eval  H4  WT=0.7518 TC=0.7507 ET=0.6959
2026-08-19 20:55:54,385 INFO    round  15  VAL mean WT=0.8164
2026-08-19 20:56:40,561 INFO    round  16       H1  train_loss=0.4971  lr=3.43e-04
2026-08-19 20:57:28,323 INFO    round  16       H2  train_loss=0.4907  lr=3.43e-04
2026-08-19 20:58:15,684 INFO    round  16       H3  train_loss=0.5022  lr=3.43e-04
2026-08-19 20:59:02,278 INFO    round  16       H4  train_loss=0.5235  lr=3.43e-04
2026-08-19 20:59:02,349 INFO    round  16  test eval skipped (eval_test_every=3)
2026-08-19 20:59:50,105 INFO    round  16  VAL mean WT=0.8238  <- best so far
2026-08-19 21:00:36,179 INFO    round  17       H1  train_loss=0.5217  lr=2.88e-04
2026-08-19 21:01:23,028 INFO    round  17       H2  train_loss=0.4808  lr=2.88e-04
2026-08-19 21:02:09,837 INFO    round  17       H3  train_loss=0.4991  lr=2.88e-04
2026-08-19 21:02:58,784 INFO    round  17       H4  train_loss=0.5135  lr=2.88e-04
2026-08-19 21:02:58,871 INFO    round  17  test eval skipped (eval_test_every=3)
2026-08-19 21:03:48,531 INFO    round  17  VAL mean WT=0.8162
2026-08-19 21:04:39,577 INFO    round  18       H1  train_loss=0.4886  lr=2.36e-04
2026-08-19 21:05:31,560 INFO    round  18       H2  train_loss=0.4913  lr=2.36e-04
2026-08-19 21:06:19,486 INFO    round  18       H3  train_loss=0.5096  lr=2.36e-04
2026-08-19 21:07:08,803 INFO    round  18       H4  train_loss=0.5135  lr=2.36e-04
2026-08-19 21:07:48,386 INFO    round  18  eval  H1  WT=0.8869 TC=0.8494 ET=0.7925
2026-08-19 21:08:25,396 INFO    round  18  eval  H2  WT=0.8903 TC=0.8685 ET=0.8314
2026-08-19 21:09:02,742 INFO    round  18  eval  H3  WT=0.8666 TC=0.8575 ET=0.8077
2026-08-19 21:09:39,123 INFO    round  18  eval  H4  WT=0.7714 TC=0.7740 ET=0.7151
2026-08-19 21:10:26,177 INFO    round  18  VAL mean WT=0.8184
2026-08-19 21:11:13,816 INFO    round  19       H1  train_loss=0.5057  lr=1.89e-04
2026-08-19 21:12:02,546 INFO    round  19       H2  train_loss=0.4880  lr=1.89e-04
2026-08-19 21:12:51,097 INFO    round  19       H3  train_loss=0.4962  lr=1.89e-04
2026-08-19 21:13:39,456 INFO    round  19       H4  train_loss=0.5166  lr=1.89e-04
2026-08-19 21:13:39,551 INFO    round  19  test eval skipped (eval_test_every=3)
2026-08-19 21:14:27,827 INFO    round  19  VAL mean WT=0.8110
2026-08-19 21:15:16,765 INFO    round  20       H1  train_loss=0.4910  lr=1.48e-04
2026-08-19 21:16:04,691 INFO    round  20       H2  train_loss=0.4806  lr=1.48e-04
2026-08-19 21:16:51,604 INFO    round  20       H3  train_loss=0.4991  lr=1.48e-04
2026-08-19 21:17:38,597 INFO    round  20       H4  train_loss=0.5107  lr=1.48e-04
2026-08-19 21:17:38,677 INFO    round  20  test eval skipped (eval_test_every=3)
2026-08-19 21:18:27,593 INFO    round  20  VAL mean WT=0.8211
2026-08-19 21:19:15,949 INFO    round  21       H1  train_loss=0.4997  lr=1.14e-04
2026-08-19 21:20:04,340 INFO    round  21       H2  train_loss=0.4750  lr=1.14e-04
2026-08-19 21:20:53,734 INFO    round  21       H3  train_loss=0.5001  lr=1.14e-04
2026-08-19 21:21:41,032 INFO    round  21       H4  train_loss=0.5056  lr=1.14e-04
2026-08-19 21:22:14,954 INFO    round  21  eval  H1  WT=0.8901 TC=0.8495 ET=0.7970
2026-08-19 21:22:47,435 INFO    round  21  eval  H2  WT=0.8926 TC=0.8658 ET=0.8310
2026-08-19 21:23:20,873 INFO    round  21  eval  H3  WT=0.8649 TC=0.8551 ET=0.8099
2026-08-19 21:23:52,856 INFO    round  21  eval  H4  WT=0.7649 TC=0.7736 ET=0.7185
2026-08-19 21:24:34,733 INFO    round  21  VAL mean WT=0.8198
2026-08-19 21:25:17,403 INFO    round  22       H1  train_loss=0.5065  lr=8.62e-05
2026-08-19 21:26:01,252 INFO    round  22       H2  train_loss=0.4906  lr=8.62e-05
2026-08-19 21:26:43,663 INFO    round  22       H3  train_loss=0.4860  lr=8.62e-05
2026-08-19 21:27:26,457 INFO    round  22       H4  train_loss=0.5054  lr=8.62e-05
2026-08-19 21:27:26,540 INFO    round  22  test eval skipped (eval_test_every=3)
2026-08-19 21:28:08,921 INFO    round  22  VAL mean WT=0.8179
2026-08-19 21:28:50,968 INFO    round  23       H1  train_loss=0.4878  lr=6.62e-05
2026-08-19 21:29:33,881 INFO    round  23       H2  train_loss=0.4865  lr=6.62e-05
2026-08-19 21:30:16,374 INFO    round  23       H3  train_loss=0.4973  lr=6.62e-05
2026-08-19 21:30:59,330 INFO    round  23       H4  train_loss=0.4984  lr=6.62e-05
2026-08-19 21:30:59,385 INFO    round  23  test eval skipped (eval_test_every=3)
2026-08-19 21:31:41,597 INFO    round  23  VAL mean WT=0.8264  <- best so far
2026-08-19 21:32:24,317 INFO    round  24       H1  train_loss=0.4965  lr=5.41e-05
2026-08-19 21:33:07,399 INFO    round  24       H2  train_loss=0.4906  lr=5.41e-05
2026-08-19 21:33:50,376 INFO    round  24       H3  train_loss=0.4912  lr=5.41e-05
2026-08-19 21:34:34,702 INFO    round  24       H4  train_loss=0.5086  lr=5.41e-05
2026-08-19 21:35:13,927 INFO    round  24  eval  H1  WT=0.8909 TC=0.8494 ET=0.7997
2026-08-19 21:35:55,727 INFO    round  24  eval  H2  WT=0.8954 TC=0.8675 ET=0.8328
2026-08-19 21:36:35,950 INFO    round  24  eval  H3  WT=0.8725 TC=0.8580 ET=0.8121
2026-08-19 21:37:14,519 INFO    round  24  eval  H4  WT=0.7796 TC=0.7804 ET=0.7201
2026-08-19 21:38:12,887 INFO    round  24  VAL mean WT=0.8243
2026-08-19 21:39:07,793 INFO    round  25       H1  train_loss=0.4974  lr=5.00e-05
2026-08-19 21:40:01,273 INFO    round  25       H2  train_loss=0.4919  lr=5.00e-05
2026-08-19 21:40:52,874 INFO    round  25       H3  train_loss=0.4724  lr=5.00e-05
2026-08-19 21:41:42,618 INFO    round  25       H4  train_loss=0.5233  lr=5.00e-05
2026-08-19 21:41:42,724 INFO    round  25  test eval skipped (eval_test_every=3)
2026-08-19 21:42:42,453 INFO    round  25  VAL mean WT=0.8258
2026-08-19 21:43:34,546 INFO    round  26       H1  train_loss=0.4875  lr=5.00e-05
2026-08-19 21:44:26,459 INFO    round  26       H2  train_loss=0.4811  lr=5.00e-05
2026-08-19 21:45:15,010 INFO    round  26       H3  train_loss=0.4856  lr=5.00e-05
2026-08-19 21:46:03,967 INFO    round  26       H4  train_loss=0.4925  lr=5.00e-05
2026-08-19 21:46:04,052 INFO    round  26  test eval skipped (eval_test_every=3)
2026-08-19 21:46:54,210 INFO    round  26  VAL mean WT=0.8270  <- best so far
2026-08-19 21:47:43,017 INFO    round  27       H1  train_loss=0.4996  lr=5.00e-05
2026-08-19 21:48:34,220 INFO    round  27       H2  train_loss=0.4740  lr=5.00e-05
2026-08-19 21:49:26,805 INFO    round  27       H3  train_loss=0.4972  lr=5.00e-05
2026-08-19 21:50:21,719 INFO    round  27       H4  train_loss=0.4923  lr=5.00e-05
2026-08-19 21:51:02,077 INFO    round  27  eval  H1  WT=0.8935 TC=0.8501 ET=0.8018
2026-08-19 21:51:39,824 INFO    round  27  eval  H2  WT=0.8970 TC=0.8707 ET=0.8361
2026-08-19 21:52:18,184 INFO    round  27  eval  H3  WT=0.8695 TC=0.8622 ET=0.8151
2026-08-19 21:52:54,395 INFO    round  27  eval  H4  WT=0.7693 TC=0.7798 ET=0.7210
2026-08-19 21:53:41,657 INFO    round  27  VAL mean WT=0.8259
2026-08-19 21:54:30,941 INFO    round  28       H1  train_loss=0.4920  lr=5.00e-05
2026-08-19 21:55:22,671 INFO    round  28       H2  train_loss=0.4757  lr=5.00e-05
2026-08-19 21:56:10,706 INFO    round  28       H3  train_loss=0.4941  lr=5.00e-05
2026-08-19 21:56:59,754 INFO    round  28       H4  train_loss=0.5055  lr=5.00e-05
2026-08-19 21:56:59,842 INFO    round  28  test eval skipped (eval_test_every=3)
2026-08-19 21:57:49,945 INFO    round  28  VAL mean WT=0.8252
2026-08-19 21:58:40,912 INFO    round  29       H1  train_loss=0.5004  lr=5.00e-05
2026-08-19 21:59:29,484 INFO    round  29       H2  train_loss=0.4883  lr=5.00e-05
2026-08-19 22:00:18,240 INFO    round  29       H3  train_loss=0.4919  lr=5.00e-05
2026-08-19 22:01:08,675 INFO    round  29       H4  train_loss=0.5008  lr=5.00e-05
2026-08-19 22:01:08,858 INFO    round  29  test eval skipped (eval_test_every=3)
2026-08-19 22:02:01,543 INFO    round  29  VAL mean WT=0.8266
2026-08-19 22:02:50,541 INFO    round  30       H1  train_loss=0.4903  lr=5.00e-05
2026-08-19 22:03:40,853 INFO    round  30       H2  train_loss=0.4950  lr=5.00e-05
2026-08-19 22:04:28,511 INFO    round  30       H3  train_loss=0.4887  lr=5.00e-05
2026-08-19 22:05:17,205 INFO    round  30       H4  train_loss=0.4965  lr=5.00e-05
2026-08-19 22:05:57,675 INFO    round  30  eval  H1  WT=0.8958 TC=0.8545 ET=0.8046
2026-08-19 22:06:34,885 INFO    round  30  eval  H2  WT=0.8981 TC=0.8671 ET=0.8346
2026-08-19 22:07:13,408 INFO    round  30  eval  H3  WT=0.8711 TC=0.8595 ET=0.8158
2026-08-19 22:07:49,706 INFO    round  30  eval  H4  WT=0.7736 TC=0.7812 ET=0.7246
2026-08-19 22:08:37,047 INFO    round  30  VAL mean WT=0.8277  <- best so far
2026-08-19 22:09:27,646 INFO    round  31       H1  train_loss=0.4978  lr=5.00e-05
2026-08-19 22:10:17,397 INFO    round  31       H2  train_loss=0.4845  lr=5.00e-05
2026-08-19 22:11:05,512 INFO    round  31       H3  train_loss=0.4952  lr=5.00e-05
2026-08-19 22:11:53,715 INFO    round  31       H4  train_loss=0.5173  lr=5.00e-05
2026-08-19 22:11:53,795 INFO    round  31  test eval skipped (eval_test_every=3)
2026-08-19 22:12:41,856 INFO    round  31  VAL mean WT=0.8305  <- best so far
2026-08-19 22:13:31,266 INFO    round  32       H1  train_loss=0.4852  lr=5.00e-05
2026-08-19 22:14:20,396 INFO    round  32       H2  train_loss=0.4917  lr=5.00e-05
2026-08-19 22:15:10,730 INFO    round  32       H3  train_loss=0.5070  lr=5.00e-05
2026-08-19 22:15:58,490 INFO    round  32       H4  train_loss=0.4996  lr=5.00e-05
2026-08-19 22:15:58,582 INFO    round  32  test eval skipped (eval_test_every=3)
2026-08-19 22:16:48,094 INFO    round  32  VAL mean WT=0.8276
2026-08-19 22:17:35,361 INFO    round  33       H1  train_loss=0.4897  lr=5.00e-05
2026-08-19 22:18:24,301 INFO    round  33       H2  train_loss=0.4759  lr=5.00e-05
2026-08-19 22:19:12,112 INFO    round  33       H3  train_loss=0.5039  lr=5.00e-05
2026-08-19 22:20:01,591 INFO    round  33       H4  train_loss=0.5059  lr=5.00e-05
2026-08-19 22:20:50,599 INFO    round  33  eval  H1  WT=0.8935 TC=0.8562 ET=0.8040
2026-08-19 22:21:28,413 INFO    round  33  eval  H2  WT=0.8987 TC=0.8693 ET=0.8366
2026-08-19 22:22:05,976 INFO    round  33  eval  H3  WT=0.8743 TC=0.8627 ET=0.8184
2026-08-19 22:22:41,557 INFO    round  33  eval  H4  WT=0.7788 TC=0.7839 ET=0.7267
2026-08-19 22:23:28,175 INFO    round  33  VAL mean WT=0.8289
2026-08-19 22:24:14,369 INFO    round  34       H1  train_loss=0.4888  lr=5.00e-05
2026-08-19 22:25:04,081 INFO    round  34       H2  train_loss=0.4916  lr=5.00e-05
2026-08-19 22:25:54,610 INFO    round  34       H3  train_loss=0.4860  lr=5.00e-05
2026-08-19 22:26:46,915 INFO    round  34       H4  train_loss=0.4955  lr=5.00e-05
2026-08-19 22:26:47,009 INFO    round  34  test eval skipped (eval_test_every=3)
2026-08-19 22:27:37,794 INFO    round  34  VAL mean WT=0.8303
2026-08-19 22:28:29,924 INFO    round  35       H1  train_loss=0.4858  lr=5.00e-05
2026-08-19 22:29:17,193 INFO    round  35       H2  train_loss=0.4912  lr=5.00e-05
2026-08-19 22:30:08,603 INFO    round  35       H3  train_loss=0.5019  lr=5.00e-05
2026-08-19 22:30:57,257 INFO    round  35       H4  train_loss=0.4967  lr=5.00e-05
2026-08-19 22:30:57,335 INFO    round  35  test eval skipped (eval_test_every=3)
2026-08-19 22:31:47,345 INFO    round  35  VAL mean WT=0.8267
2026-08-19 22:32:34,363 INFO    round  36       H1  train_loss=0.4945  lr=5.00e-05
2026-08-19 22:33:22,990 INFO    round  36       H2  train_loss=0.4756  lr=5.00e-05
2026-08-19 22:34:10,182 INFO    round  36       H3  train_loss=0.4870  lr=5.00e-05
2026-08-19 22:35:00,846 INFO    round  36       H4  train_loss=0.5022  lr=5.00e-05
2026-08-19 22:35:39,257 INFO    round  36  eval  H1  WT=0.8914 TC=0.8570 ET=0.8021
2026-08-19 22:36:15,392 INFO    round  36  eval  H2  WT=0.8994 TC=0.8715 ET=0.8378
2026-08-19 22:36:52,484 INFO    round  36  eval  H3  WT=0.8773 TC=0.8680 ET=0.8211
2026-08-19 22:37:28,097 INFO    round  36  eval  H4  WT=0.7919 TC=0.7917 ET=0.7309
2026-08-19 22:38:13,847 INFO    round  36  VAL mean WT=0.8325  <- best so far
2026-08-19 22:39:01,292 INFO    round  37       H1  train_loss=0.4857  lr=5.00e-05
2026-08-19 22:39:50,360 INFO    round  37       H2  train_loss=0.4651  lr=5.00e-05
2026-08-19 22:40:36,004 INFO    round  37       H3  train_loss=0.4781  lr=5.00e-05
2026-08-19 22:41:21,932 INFO    round  37       H4  train_loss=0.4944  lr=5.00e-05
2026-08-19 22:42:02,329 INFO    round  37  eval  H1  WT=0.8946 TC=0.8539 ET=0.8033
2026-08-19 22:42:39,451 INFO    round  37  eval  H2  WT=0.8992 TC=0.8700 ET=0.8362
2026-08-19 22:43:16,565 INFO    round  37  eval  H3  WT=0.8753 TC=0.8643 ET=0.8185
2026-08-19 22:43:53,775 INFO    round  37  eval  H4  WT=0.7818 TC=0.7840 ET=0.7262
2026-08-19 22:44:41,674 INFO    round  37  VAL mean WT=0.8305
2026-08-19 22:45:26,940 INFO    round  38       H1  train_loss=0.5037  lr=5.00e-05
2026-08-19 22:46:12,586 INFO    round  38       H2  train_loss=0.4653  lr=5.00e-05
2026-08-19 22:46:59,283 INFO    round  38       H3  train_loss=0.4755  lr=5.00e-05
2026-08-19 22:47:44,319 INFO    round  38       H4  train_loss=0.5114  lr=5.00e-05
2026-08-19 22:48:21,623 INFO    round  38  eval  H1  WT=0.8959 TC=0.8525 ET=0.8043
2026-08-19 22:48:57,086 INFO    round  38  eval  H2  WT=0.8988 TC=0.8657 ET=0.8339
2026-08-19 22:49:33,637 INFO    round  38  eval  H3  WT=0.8704 TC=0.8559 ET=0.8139
2026-08-19 22:50:09,408 INFO    round  38  eval  H4  WT=0.7751 TC=0.7722 ET=0.7171
2026-08-19 22:50:54,786 INFO    round  38  VAL mean WT=0.8284
2026-08-19 22:51:39,555 INFO    round  39       H1  train_loss=0.4983  lr=5.00e-05
2026-08-19 22:52:24,175 INFO    round  39       H2  train_loss=0.4852  lr=5.00e-05
2026-08-19 22:53:09,560 INFO    round  39       H3  train_loss=0.4758  lr=5.00e-05
2026-08-19 22:53:54,515 INFO    round  39       H4  train_loss=0.4978  lr=5.00e-05
2026-08-19 22:54:32,286 INFO    round  39  eval  H1  WT=0.8925 TC=0.8536 ET=0.8030
2026-08-19 22:55:07,558 INFO    round  39  eval  H2  WT=0.8998 TC=0.8695 ET=0.8378
2026-08-19 22:55:44,742 INFO    round  39  eval  H3  WT=0.8741 TC=0.8643 ET=0.8211
2026-08-19 22:56:18,661 INFO    round  39  eval  H4  WT=0.7865 TC=0.7897 ET=0.7298
2026-08-19 22:57:02,712 INFO    round  39  VAL mean WT=0.8318
2026-08-19 22:57:52,257 INFO    round  40       H1  train_loss=0.4863  lr=5.00e-05
2026-08-19 22:58:41,757 INFO    round  40       H2  train_loss=0.4884  lr=5.00e-05
2026-08-19 22:59:28,878 INFO    round  40       H3  train_loss=0.4890  lr=5.00e-05
2026-08-19 23:00:17,336 INFO    round  40       H4  train_loss=0.4844  lr=5.00e-05
2026-08-19 23:00:56,128 INFO    round  40  eval  H1  WT=0.8938 TC=0.8518 ET=0.8003
2026-08-19 23:01:32,291 INFO    round  40  eval  H2  WT=0.9001 TC=0.8705 ET=0.8366
2026-08-19 23:02:10,857 INFO    round  40  eval  H3  WT=0.8731 TC=0.8639 ET=0.8183
2026-08-19 23:02:46,875 INFO    round  40  eval  H4  WT=0.7863 TC=0.7846 ET=0.7263
2026-08-19 23:03:34,113 INFO    round  40  VAL mean WT=0.8325  <- best so far
2026-08-19 23:03:34,253 INFO    selected round 40 by validation WT=0.8325 (of 40 rounds)
2026-08-19 23:03:34,253 INFO    final evaluation at round 40 (tta=True)
2026-08-19 23:04:35,005 INFO      final H1  WT=0.8959 TC=0.8570 ET=0.8018
2026-08-19 23:05:35,228 INFO      final H2  WT=0.9033 TC=0.8727 ET=0.8400
2026-08-19 23:06:36,950 INFO      final H3  WT=0.8767 TC=0.8651 ET=0.8188
2026-08-19 23:07:35,849 INFO      final H4  WT=0.7891 TC=0.7912 ET=0.7305
2026-08-19 23:07:35,970 INFO    done -> D:\capstone\artifacts\runs\v5\fedavg_2d_42
