2026-07-09 22:25:27,779 INFO    run_id=fedbn_2d_123 method=fedbn dim=2d device=cuda
2026-07-09 22:25:27,780 INFO    R=25 E=1 -> 25 total local epochs/hospital
2026-07-09 22:25:27,780 INFO      H1: 150 train / 62 test cases
2026-07-09 22:25:27,780 INFO      H2: 150 train / 62 test cases
2026-07-09 22:25:27,780 INFO      H3: 150 train / 62 test cases
2026-07-09 22:25:27,780 INFO      H4: 150 train / 62 test cases
2026-07-09 22:25:27,927 INFO      FedBN: keeping 65 BatchNorm keys local
2026-07-09 22:25:55,464 INFO    round   1       H1  train_loss=1.4822
2026-07-09 22:26:21,620 INFO    round   1       H2  train_loss=1.4891
2026-07-09 22:26:48,610 INFO    round   1       H3  train_loss=1.4879
2026-07-09 22:27:16,340 INFO    round   1       H4  train_loss=1.4833
2026-07-09 22:27:50,917 INFO    round   1  eval      H1 -> H1  WT=0.5879 TC=0.1206 ET=0.2200
2026-07-09 22:28:25,773 INFO    round   1  eval      H2 -> H2  WT=0.3753 TC=0.1043 ET=0.1084
2026-07-09 22:29:00,692 INFO    round   1  eval      H3 -> H3  WT=0.3945 TC=0.0907 ET=0.1403
2026-07-09 22:29:35,425 INFO    round   1  eval      H4 -> H4  WT=0.5476 TC=0.1030 ET=0.1350
2026-07-09 22:30:09,825 INFO    round   2       H1  train_loss=0.9749
2026-07-09 22:30:42,189 INFO    round   2       H2  train_loss=0.9833
2026-07-09 22:31:14,268 INFO    round   2       H3  train_loss=0.9843
2026-07-09 22:31:49,751 INFO    round   2       H4  train_loss=0.9939
2026-07-09 22:32:26,032 INFO    round   2  eval      H1 -> H1  WT=0.7956 TC=0.4915 ET=0.3587
2026-07-09 22:32:59,570 INFO    round   2  eval      H2 -> H2  WT=0.7661 TC=0.4719 ET=0.3817
2026-07-09 22:33:35,286 INFO    round   2  eval      H3 -> H3  WT=0.7650 TC=0.4908 ET=0.3817
2026-07-09 22:34:08,589 INFO    round   2  eval      H4 -> H4  WT=0.6967 TC=0.4430 ET=0.3771
2026-07-09 22:34:40,530 INFO    round   3       H1  train_loss=0.6999
2026-07-09 22:35:14,443 INFO    round   3       H2  train_loss=0.6953
2026-07-09 22:35:46,355 INFO    round   3       H3  train_loss=0.6925
2026-07-09 22:36:18,912 INFO    round   3       H4  train_loss=0.7056
2026-07-09 22:36:53,567 INFO    round   3  eval      H1 -> H1  WT=0.7949 TC=0.6197 ET=0.6486
2026-07-09 22:37:27,485 INFO    round   3  eval      H2 -> H2  WT=0.7854 TC=0.6613 ET=0.6701
2026-07-09 22:38:00,719 INFO    round   3  eval      H3 -> H3  WT=0.7448 TC=0.6650 ET=0.6711
2026-07-09 22:38:32,892 INFO    round   3  eval      H4 -> H4  WT=0.6709 TC=0.6117 ET=0.5912
2026-07-09 22:39:06,345 INFO    round   4       H1  train_loss=0.5770
2026-07-09 22:39:39,540 INFO    round   4       H2  train_loss=0.5767
2026-07-09 22:40:11,951 INFO    round   4       H3  train_loss=0.5864
2026-07-09 22:40:43,709 INFO    round   4       H4  train_loss=0.6127
2026-07-09 22:41:17,488 INFO    round   4  eval      H1 -> H1  WT=0.8331 TC=0.6714 ET=0.6907
2026-07-09 22:41:50,740 INFO    round   4  eval      H2 -> H2  WT=0.7864 TC=0.6751 ET=0.6884
2026-07-09 22:42:23,370 INFO    round   4  eval      H3 -> H3  WT=0.8147 TC=0.7060 ET=0.7040
2026-07-09 22:42:55,391 INFO    round   4  eval      H4 -> H4  WT=0.7253 TC=0.6601 ET=0.6382
2026-07-09 22:43:28,060 INFO    round   5       H1  train_loss=0.5504
2026-07-09 22:44:00,918 INFO    round   5       H2  train_loss=0.5699
2026-07-09 22:44:30,949 INFO    round   5       H3  train_loss=0.5657
2026-07-09 22:45:03,902 INFO    round   5       H4  train_loss=0.5842
2026-07-09 22:45:37,735 INFO    round   5  eval      H1 -> H1  WT=0.8496 TC=0.7107 ET=0.7162
2026-07-09 22:46:10,270 INFO    round   5  eval      H2 -> H2  WT=0.8298 TC=0.7160 ET=0.7613
2026-07-09 22:46:44,360 INFO    round   5  eval      H3 -> H3  WT=0.8185 TC=0.7257 ET=0.7405
2026-07-09 22:47:16,643 INFO    round   5  eval      H4 -> H4  WT=0.7461 TC=0.6491 ET=0.6370
2026-07-09 22:47:49,325 INFO    round   6       H1  train_loss=0.5530
2026-07-09 22:48:17,091 INFO    round   6       H2  train_loss=0.5482
2026-07-09 22:48:49,337 INFO    round   6       H3  train_loss=0.5639
2026-07-09 22:48:59,356 INFO    round   6       H4  train_loss=0.5691
2026-07-09 22:49:33,606 INFO    round   6  eval      H1 -> H1  WT=0.8408 TC=0.6905 ET=0.7216
2026-07-09 22:50:07,436 INFO    round   6  eval      H2 -> H2  WT=0.8166 TC=0.7002 ET=0.7413
2026-07-09 22:50:41,114 INFO    round   6  eval      H3 -> H3  WT=0.7276 TC=0.7183 ET=0.7163
2026-07-09 22:51:13,485 INFO    round   6  eval      H4 -> H4  WT=0.7099 TC=0.7018 ET=0.6880
2026-07-09 22:51:48,154 INFO    round   7       H1  train_loss=0.5372
2026-07-09 22:52:16,065 INFO    round   7       H2  train_loss=0.5288
2026-07-09 22:52:39,514 INFO    round   7       H3  train_loss=0.5561
2026-07-09 22:53:11,108 INFO    round   7       H4  train_loss=0.5522
2026-07-09 22:53:42,802 INFO    round   7  eval      H1 -> H1  WT=0.8514 TC=0.7210 ET=0.7345
2026-07-09 22:54:15,238 INFO    round   7  eval      H2 -> H2  WT=0.8342 TC=0.7256 ET=0.7487
2026-07-09 22:54:48,510 INFO    round   7  eval      H3 -> H3  WT=0.7949 TC=0.7239 ET=0.7263
2026-07-09 22:55:20,552 INFO    round   7  eval      H4 -> H4  WT=0.7737 TC=0.6970 ET=0.6856
2026-07-09 22:55:48,176 INFO    round   8       H1  train_loss=0.5217
2026-07-09 22:56:19,495 INFO    round   8       H2  train_loss=0.5247
2026-07-09 22:56:48,797 INFO    round   8       H3  train_loss=0.5547
2026-07-09 22:57:16,774 INFO    round   8       H4  train_loss=0.5636
2026-07-09 22:57:49,477 INFO    round   8  eval      H1 -> H1  WT=0.8562 TC=0.7496 ET=0.7290
2026-07-09 22:58:22,217 INFO    round   8  eval      H2 -> H2  WT=0.8580 TC=0.7797 ET=0.7683
2026-07-09 22:58:55,089 INFO    round   8  eval      H3 -> H3  WT=0.8028 TC=0.7452 ET=0.7230
2026-07-09 22:59:27,135 INFO    round   8  eval      H4 -> H4  WT=0.7752 TC=0.6954 ET=0.6699
2026-07-09 22:59:59,298 INFO    round   9       H1  train_loss=0.5176
2026-07-09 23:00:29,310 INFO    round   9       H2  train_loss=0.5183
2026-07-09 23:01:01,596 INFO    round   9       H3  train_loss=0.5212
2026-07-09 23:01:29,007 INFO    round   9       H4  train_loss=0.5616
2026-07-09 23:02:04,181 INFO    round   9  eval      H1 -> H1  WT=0.8551 TC=0.7611 ET=0.7365
2026-07-09 23:02:43,557 INFO    round   9  eval      H2 -> H2  WT=0.8563 TC=0.7880 ET=0.7777
2026-07-09 23:03:19,406 INFO    round   9  eval      H3 -> H3  WT=0.8071 TC=0.7813 ET=0.7501
2026-07-09 23:03:53,306 INFO    round   9  eval      H4 -> H4  WT=0.7556 TC=0.7168 ET=0.6934
2026-07-09 23:04:26,731 INFO    round  10       H1  train_loss=0.5027
2026-07-09 23:04:58,358 INFO    round  10       H2  train_loss=0.4832
2026-07-09 23:05:29,435 INFO    round  10       H3  train_loss=0.5291
2026-07-09 23:06:01,898 INFO    round  10       H4  train_loss=0.5436
2026-07-09 23:06:38,463 INFO    round  10  eval      H1 -> H1  WT=0.8605 TC=0.7789 ET=0.7417
2026-07-09 23:07:12,947 INFO    round  10  eval      H2 -> H2  WT=0.8632 TC=0.8064 ET=0.7849
2026-07-09 23:07:48,005 INFO    round  10  eval      H3 -> H3  WT=0.8036 TC=0.7349 ET=0.7418
2026-07-09 23:08:21,947 INFO    round  10  eval      H4 -> H4  WT=0.7719 TC=0.7626 ET=0.7304
2026-07-09 23:08:55,329 INFO    round  11       H1  train_loss=0.5033
2026-07-09 23:09:26,106 INFO    round  11       H2  train_loss=0.5078
2026-07-09 23:09:55,836 INFO    round  11       H3  train_loss=0.5355
2026-07-09 23:10:27,803 INFO    round  11       H4  train_loss=0.5325
2026-07-09 23:11:02,401 INFO    round  11  eval      H1 -> H1  WT=0.8449 TC=0.7596 ET=0.7405
2026-07-09 23:11:35,107 INFO    round  11  eval      H2 -> H2  WT=0.8288 TC=0.7856 ET=0.7788
2026-07-09 23:12:08,810 INFO    round  11  eval      H3 -> H3  WT=0.8515 TC=0.7841 ET=0.7686
2026-07-09 23:12:41,152 INFO    round  11  eval      H4 -> H4  WT=0.7584 TC=0.7007 ET=0.6635
2026-07-09 23:13:13,606 INFO    round  12       H1  train_loss=0.4910
2026-07-09 23:13:44,020 INFO    round  12       H2  train_loss=0.4981
2026-07-09 23:14:13,180 INFO    round  12       H3  train_loss=0.4902
2026-07-09 23:14:46,070 INFO    round  12       H4  train_loss=0.5150
2026-07-09 23:15:22,103 INFO    round  12  eval      H1 -> H1  WT=0.8755 TC=0.7934 ET=0.7532
2026-07-09 23:15:58,885 INFO    round  12  eval      H2 -> H2  WT=0.8667 TC=0.8143 ET=0.7948
2026-07-09 23:16:35,158 INFO    round  12  eval      H3 -> H3  WT=0.8560 TC=0.8077 ET=0.7818
2026-07-09 23:17:08,117 INFO    round  12  eval      H4 -> H4  WT=0.7290 TC=0.7664 ET=0.7221
2026-07-09 23:17:39,011 INFO    round  13       H1  train_loss=0.5238
2026-07-09 23:18:07,229 INFO    round  13       H2  train_loss=0.5043
2026-07-09 23:18:39,800 INFO    round  13       H3  train_loss=0.5247
2026-07-09 23:19:00,425 INFO    round  13       H4  train_loss=0.5009
2026-07-09 23:19:36,182 INFO    round  13  eval      H1 -> H1  WT=0.8665 TC=0.7785 ET=0.7473
2026-07-09 23:20:09,189 INFO    round  13  eval      H2 -> H2  WT=0.8697 TC=0.8367 ET=0.8050
2026-07-09 23:20:42,833 INFO    round  13  eval      H3 -> H3  WT=0.8593 TC=0.8189 ET=0.7851
2026-07-09 23:21:15,560 INFO    round  13  eval      H4 -> H4  WT=0.7383 TC=0.7261 ET=0.6908
2026-07-09 23:21:48,966 INFO    round  14       H1  train_loss=0.4967
2026-07-09 23:22:18,758 INFO    round  14       H2  train_loss=0.5109
2026-07-09 23:22:41,575 INFO    round  14       H3  train_loss=0.5246
2026-07-09 23:23:14,826 INFO    round  14       H4  train_loss=0.5425
2026-07-09 23:23:49,020 INFO    round  14  eval      H1 -> H1  WT=0.8603 TC=0.7978 ET=0.7508
2026-07-09 23:24:22,301 INFO    round  14  eval      H2 -> H2  WT=0.8265 TC=0.7984 ET=0.7631
2026-07-09 23:24:56,348 INFO    round  14  eval      H3 -> H3  WT=0.8590 TC=0.8214 ET=0.7792
2026-07-09 23:25:29,269 INFO    round  14  eval      H4 -> H4  WT=0.7779 TC=0.7467 ET=0.6979
2026-07-09 23:26:01,130 INFO    round  15       H1  train_loss=0.4993
2026-07-09 23:26:28,209 INFO    round  15       H2  train_loss=0.5136
2026-07-09 23:27:03,501 INFO    round  15       H3  train_loss=0.4976
2026-07-09 23:27:25,109 INFO    round  15       H4  train_loss=0.5168
2026-07-09 23:28:00,563 INFO    round  15  eval      H1 -> H1  WT=0.8759 TC=0.8041 ET=0.7614
2026-07-09 23:28:33,153 INFO    round  15  eval      H2 -> H2  WT=0.8588 TC=0.8291 ET=0.7974
2026-07-09 23:29:07,860 INFO    round  15  eval      H3 -> H3  WT=0.8239 TC=0.8006 ET=0.7689
2026-07-09 23:29:40,249 INFO    round  15  eval      H4 -> H4  WT=0.8063 TC=0.7651 ET=0.7243
2026-07-09 23:30:14,374 INFO    round  16       H1  train_loss=0.4887
2026-07-09 23:30:46,263 INFO    round  16       H2  train_loss=0.5183
2026-07-09 23:31:16,385 INFO    round  16       H3  train_loss=0.4885
2026-07-09 23:31:48,522 INFO    round  16       H4  train_loss=0.5110
2026-07-09 23:32:22,576 INFO    round  16  eval      H1 -> H1  WT=0.8702 TC=0.8084 ET=0.7700
2026-07-09 23:32:55,350 INFO    round  16  eval      H2 -> H2  WT=0.8835 TC=0.8446 ET=0.8142
2026-07-09 23:33:28,636 INFO    round  16  eval      H3 -> H3  WT=0.8634 TC=0.8328 ET=0.7867
2026-07-09 23:34:01,098 INFO    round  16  eval      H4 -> H4  WT=0.8174 TC=0.7837 ET=0.7392
2026-07-09 23:34:32,913 INFO    round  17       H1  train_loss=0.4809
2026-07-09 23:35:04,753 INFO    round  17       H2  train_loss=0.4885
2026-07-09 23:35:35,838 INFO    round  17       H3  train_loss=0.4935
2026-07-09 23:36:05,223 INFO    round  17       H4  train_loss=0.5108
2026-07-09 23:36:39,037 INFO    round  17  eval      H1 -> H1  WT=0.8636 TC=0.7503 ET=0.7340
2026-07-09 23:37:11,638 INFO    round  17  eval      H2 -> H2  WT=0.8783 TC=0.8388 ET=0.8081
2026-07-09 23:37:44,932 INFO    round  17  eval      H3 -> H3  WT=0.8268 TC=0.8170 ET=0.7729
2026-07-09 23:38:17,283 INFO    round  17  eval      H4 -> H4  WT=0.8011 TC=0.7759 ET=0.7263
2026-07-09 23:38:50,287 INFO    round  18       H1  train_loss=0.4712
2026-07-09 23:39:19,481 INFO    round  18       H2  train_loss=0.4801
2026-07-09 23:39:50,107 INFO    round  18       H3  train_loss=0.5104
2026-07-09 23:40:17,859 INFO    round  18       H4  train_loss=0.4969
2026-07-09 23:40:51,413 INFO    round  18  eval      H1 -> H1  WT=0.8677 TC=0.8122 ET=0.7670
2026-07-09 23:41:24,318 INFO    round  18  eval      H2 -> H2  WT=0.8465 TC=0.8457 ET=0.8098
2026-07-09 23:41:57,612 INFO    round  18  eval      H3 -> H3  WT=0.8014 TC=0.7382 ET=0.7414
2026-07-09 23:42:29,885 INFO    round  18  eval      H4 -> H4  WT=0.7661 TC=0.7239 ET=0.6910
2026-07-09 23:43:03,794 INFO    round  19       H1  train_loss=0.5001
2026-07-09 23:43:29,645 INFO    round  19       H2  train_loss=0.4956
2026-07-09 23:44:00,420 INFO    round  19       H3  train_loss=0.4982
2026-07-09 23:44:32,021 INFO    round  19       H4  train_loss=0.4981
2026-07-09 23:45:05,506 INFO    round  19  eval      H1 -> H1  WT=0.8827 TC=0.8113 ET=0.7691
2026-07-09 23:45:38,391 INFO    round  19  eval      H2 -> H2  WT=0.8696 TC=0.8414 ET=0.8087
2026-07-09 23:46:12,349 INFO    round  19  eval      H3 -> H3  WT=0.8265 TC=0.8074 ET=0.7613
2026-07-09 23:46:45,705 INFO    round  19  eval      H4 -> H4  WT=0.7734 TC=0.7363 ET=0.6898
2026-07-09 23:47:19,195 INFO    round  20       H1  train_loss=0.4817
2026-07-09 23:47:49,916 INFO    round  20       H2  train_loss=0.4972
2026-07-09 23:48:22,690 INFO    round  20       H3  train_loss=0.4971
2026-07-09 23:48:55,041 INFO    round  20       H4  train_loss=0.5214
2026-07-09 23:49:28,927 INFO    round  20  eval      H1 -> H1  WT=0.8570 TC=0.8139 ET=0.7648
2026-07-09 23:50:01,797 INFO    round  20  eval      H2 -> H2  WT=0.8457 TC=0.8470 ET=0.8058
2026-07-09 23:50:35,235 INFO    round  20  eval      H3 -> H3  WT=0.8605 TC=0.8384 ET=0.7983
2026-07-09 23:51:08,157 INFO    round  20  eval      H4 -> H4  WT=0.8110 TC=0.7830 ET=0.7294
2026-07-09 23:51:41,296 INFO    round  21       H1  train_loss=0.4711
2026-07-09 23:52:13,864 INFO    round  21       H2  train_loss=0.4898
2026-07-09 23:52:44,785 INFO    round  21       H3  train_loss=0.4895
2026-07-09 23:53:17,916 INFO    round  21       H4  train_loss=0.5100
2026-07-09 23:53:51,908 INFO    round  21  eval      H1 -> H1  WT=0.8467 TC=0.7855 ET=0.7562
2026-07-09 23:54:25,747 INFO    round  21  eval      H2 -> H2  WT=0.8772 TC=0.8324 ET=0.8163
2026-07-09 23:55:00,819 INFO    round  21  eval      H3 -> H3  WT=0.8632 TC=0.8348 ET=0.7899
2026-07-09 23:55:33,740 INFO    round  21  eval      H4 -> H4  WT=0.8204 TC=0.8014 ET=0.7425
2026-07-09 23:56:06,610 INFO    round  22       H1  train_loss=0.5029
2026-07-09 23:56:39,301 INFO    round  22       H2  train_loss=0.4715
2026-07-09 23:57:10,242 INFO    round  22       H3  train_loss=0.4998
2026-07-09 23:57:38,285 INFO    round  22       H4  train_loss=0.4951
2026-07-09 23:58:12,083 INFO    round  22  eval      H1 -> H1  WT=0.8843 TC=0.8213 ET=0.7812
2026-07-09 23:58:44,354 INFO    round  22  eval      H2 -> H2  WT=0.8648 TC=0.8518 ET=0.8134
2026-07-09 23:59:17,468 INFO    round  22  eval      H3 -> H3  WT=0.8785 TC=0.8510 ET=0.8086
2026-07-09 23:59:50,403 INFO    round  22  eval      H4 -> H4  WT=0.8203 TC=0.7986 ET=0.7414
2026-07-10 00:00:23,603 INFO    round  23       H1  train_loss=0.4791
2026-07-10 00:00:51,310 INFO    round  23       H2  train_loss=0.4753
2026-07-10 00:01:22,619 INFO    round  23       H3  train_loss=0.4987
2026-07-10 00:01:43,911 INFO    round  23       H4  train_loss=0.5018
2026-07-10 00:02:22,316 INFO    round  23  eval      H1 -> H1  WT=0.8801 TC=0.8063 ET=0.7745
2026-07-10 00:03:00,189 INFO    round  23  eval      H2 -> H2  WT=0.8776 TC=0.8578 ET=0.8130
2026-07-10 00:03:39,368 INFO    round  23  eval      H3 -> H3  WT=0.8100 TC=0.8133 ET=0.7651
2026-07-10 00:04:17,053 INFO    round  23  eval      H4 -> H4  WT=0.7972 TC=0.7543 ET=0.6919
2026-07-10 00:04:55,015 INFO    round  24       H1  train_loss=0.4778
2026-07-10 00:05:29,272 INFO    round  24       H2  train_loss=0.4588
2026-07-10 00:06:05,001 INFO    round  24       H3  train_loss=0.4840
2026-07-10 00:06:41,459 INFO    round  24       H4  train_loss=0.4970
2026-07-10 00:07:20,164 INFO    round  24  eval      H1 -> H1  WT=0.8729 TC=0.7995 ET=0.7775
2026-07-10 00:07:57,892 INFO    round  24  eval      H2 -> H2  WT=0.7901 TC=0.8159 ET=0.7696
2026-07-10 00:08:36,938 INFO    round  24  eval      H3 -> H3  WT=0.8744 TC=0.8414 ET=0.8030
2026-07-10 00:09:14,700 INFO    round  24  eval      H4 -> H4  WT=0.8545 TC=0.7936 ET=0.7429
2026-07-10 00:09:52,111 INFO    round  25       H1  train_loss=0.4730
2026-07-10 00:10:28,398 INFO    round  25       H2  train_loss=0.4858
2026-07-10 00:11:03,061 INFO    round  25       H3  train_loss=0.4926
2026-07-10 00:11:38,306 INFO    round  25       H4  train_loss=0.5104
2026-07-10 00:12:18,455 INFO    round  25  eval      H1 -> H1  WT=0.8701 TC=0.8162 ET=0.7674
2026-07-10 00:12:56,672 INFO    round  25  eval      H2 -> H2  WT=0.8769 TC=0.8603 ET=0.8223
2026-07-10 00:13:35,250 INFO    round  25  eval      H3 -> H3  WT=0.8732 TC=0.8485 ET=0.8013
2026-07-10 00:14:12,758 INFO    round  25  eval      H4 -> H4  WT=0.6759 TC=0.7141 ET=0.6486
2026-07-10 00:14:12,895 INFO    done -> D:\capstone\artifacts\runs\fedbn_2d_123
