2026-08-10 16:21:52,017 INFO    run_id=fedavg_2d_42 method=fedavg dim=2d device=cuda
2026-08-10 16:21:52,017 INFO    tag=v2 -> D:\capstone\artifacts\runs\v2\fedavg_2d_42
2026-08-10 16:21:52,018 INFO    R=25 E=1 -> 25 total local epochs/hospital
2026-08-10 16:21:52,018 INFO    lr=0.001 schedule=cosine augment=True tta=True postproc_min_voxels=50 select_by=best_val
2026-08-10 16:21:52,019 INFO      H1: 150 train / 20 val / 62 test cases
2026-08-10 16:21:52,019 INFO      H2: 150 train / 20 val / 62 test cases
2026-08-10 16:21:52,020 INFO      H3: 150 train / 20 val / 62 test cases
2026-08-10 16:21:52,021 INFO      H4: 150 train / 20 val / 62 test cases
2026-08-10 16:22:20,756 INFO    round   1       H1  train_loss=1.5899  lr=1.00e-03
2026-08-10 16:22:47,601 INFO    round   1       H2  train_loss=1.5923  lr=1.00e-03
2026-08-10 16:23:16,439 INFO    round   1       H3  train_loss=1.5928  lr=1.00e-03
2026-08-10 16:23:44,822 INFO    round   1       H4  train_loss=1.5900  lr=1.00e-03
2026-08-10 16:24:28,475 INFO    round   1  eval  H1  WT=0.7019 TC=0.4656 ET=0.4443
2026-08-10 16:25:09,546 INFO    round   1  eval  H2  WT=0.6746 TC=0.4698 ET=0.4538
2026-08-10 16:25:51,619 INFO    round   1  eval  H3  WT=0.6204 TC=0.4316 ET=0.4067
2026-08-10 16:26:32,271 INFO    round   1  eval  H4  WT=0.5600 TC=0.3408 ET=0.3299
2026-08-10 16:27:22,043 INFO    round   1  VAL mean WT=0.5977  <- best so far
2026-08-10 16:27:53,493 INFO    round   2       H1  train_loss=1.2817  lr=9.96e-04
2026-08-10 16:28:26,277 INFO    round   2       H2  train_loss=1.2717  lr=9.96e-04
2026-08-10 16:28:58,370 INFO    round   2       H3  train_loss=1.2729  lr=9.96e-04
2026-08-10 16:29:31,528 INFO    round   2       H4  train_loss=1.2709  lr=9.96e-04
2026-08-10 16:30:13,741 INFO    round   2  eval  H1  WT=0.7740 TC=0.5677 ET=0.5960
2026-08-10 16:30:54,453 INFO    round   2  eval  H2  WT=0.7551 TC=0.5852 ET=0.5975
2026-08-10 16:31:36,286 INFO    round   2  eval  H3  WT=0.7140 TC=0.5643 ET=0.5644
2026-08-10 16:32:16,115 INFO    round   2  eval  H4  WT=0.6408 TC=0.4667 ET=0.4798
2026-08-10 16:33:07,183 INFO    round   2  VAL mean WT=0.6781  <- best so far
2026-08-10 16:33:38,263 INFO    round   3       H1  train_loss=0.8729  lr=9.84e-04
2026-08-10 16:34:10,737 INFO    round   3       H2  train_loss=0.8787  lr=9.84e-04
2026-08-10 16:34:43,849 INFO    round   3       H3  train_loss=0.8725  lr=9.84e-04
2026-08-10 16:35:16,754 INFO    round   3       H4  train_loss=0.8930  lr=9.84e-04
2026-08-10 16:36:01,130 INFO    round   3  eval  H1  WT=0.8011 TC=0.6385 ET=0.6552
2026-08-10 16:36:41,830 INFO    round   3  eval  H2  WT=0.7928 TC=0.6956 ET=0.7163
2026-08-10 16:37:23,182 INFO    round   3  eval  H3  WT=0.7834 TC=0.6939 ET=0.6941
2026-08-10 16:38:03,213 INFO    round   3  eval  H4  WT=0.7454 TC=0.6718 ET=0.6654
2026-08-10 16:38:54,207 INFO    round   3  VAL mean WT=0.7461  <- best so far
2026-08-10 16:39:25,462 INFO    round   4       H1  train_loss=0.6463  lr=9.64e-04
2026-08-10 16:39:58,561 INFO    round   4       H2  train_loss=0.6572  lr=9.64e-04
2026-08-10 16:40:32,158 INFO    round   4       H3  train_loss=0.6501  lr=9.64e-04
2026-08-10 16:41:05,230 INFO    round   4       H4  train_loss=0.6747  lr=9.64e-04
2026-08-10 16:41:47,436 INFO    round   4  eval  H1  WT=0.8156 TC=0.6731 ET=0.6979
2026-08-10 16:42:28,342 INFO    round   4  eval  H2  WT=0.8137 TC=0.7144 ET=0.7390
2026-08-10 16:43:10,001 INFO    round   4  eval  H3  WT=0.8029 TC=0.7073 ET=0.7131
2026-08-10 16:43:54,600 INFO    round   4  eval  H4  WT=0.7344 TC=0.6474 ET=0.6336
2026-08-10 16:44:46,539 INFO    round   4  VAL mean WT=0.7706  <- best so far
2026-08-10 16:45:16,718 INFO    round   5       H1  train_loss=0.5506  lr=9.36e-04
2026-08-10 16:45:49,627 INFO    round   5       H2  train_loss=0.5836  lr=9.36e-04
2026-08-10 16:46:31,858 INFO    round   5       H3  train_loss=0.5961  lr=9.36e-04
2026-08-10 16:47:04,795 INFO    round   5       H4  train_loss=0.5955  lr=9.36e-04
2026-08-10 16:47:49,472 INFO    round   5  eval  H1  WT=0.8402 TC=0.7085 ET=0.7024
2026-08-10 16:48:32,377 INFO    round   5  eval  H2  WT=0.8176 TC=0.7480 ET=0.7518
2026-08-10 16:49:15,099 INFO    round   5  eval  H3  WT=0.7673 TC=0.7383 ET=0.7221
2026-08-10 16:49:57,844 INFO    round   5  eval  H4  WT=0.6732 TC=0.6477 ET=0.6428
2026-08-10 16:50:57,085 INFO    round   5  VAL mean WT=0.7465
2026-08-10 16:51:29,826 INFO    round   6       H1  train_loss=0.5512  lr=9.02e-04
2026-08-10 16:52:03,700 INFO    round   6       H2  train_loss=0.5554  lr=9.02e-04
2026-08-10 16:52:36,956 INFO    round   6       H3  train_loss=0.5743  lr=9.02e-04
2026-08-10 16:53:08,175 INFO    round   6       H4  train_loss=0.5801  lr=9.02e-04
2026-08-10 16:53:46,353 INFO    round   6  eval  H1  WT=0.8500 TC=0.7276 ET=0.7287
2026-08-10 16:54:23,957 INFO    round   6  eval  H2  WT=0.8418 TC=0.7618 ET=0.7698
2026-08-10 16:55:02,382 INFO    round   6  eval  H3  WT=0.8081 TC=0.7561 ET=0.7427
2026-08-10 16:55:39,114 INFO    round   6  eval  H4  WT=0.7226 TC=0.6636 ET=0.6574
2026-08-10 16:56:25,364 INFO    round   6  VAL mean WT=0.7774  <- best so far
2026-08-10 16:56:55,097 INFO    round   7       H1  train_loss=0.5068  lr=8.61e-04
2026-08-10 16:57:26,191 INFO    round   7       H2  train_loss=0.5203  lr=8.61e-04
2026-08-10 16:57:57,128 INFO    round   7       H3  train_loss=0.5578  lr=8.61e-04
2026-08-10 16:58:28,194 INFO    round   7       H4  train_loss=0.5551  lr=8.61e-04
2026-08-10 16:59:06,996 INFO    round   7  eval  H1  WT=0.8480 TC=0.7624 ET=0.7417
2026-08-10 16:59:44,223 INFO    round   7  eval  H2  WT=0.8440 TC=0.7972 ET=0.7830
2026-08-10 17:00:22,277 INFO    round   7  eval  H3  WT=0.8084 TC=0.7812 ET=0.7525
2026-08-10 17:00:58,915 INFO    round   7  eval  H4  WT=0.7233 TC=0.6830 ET=0.6582
2026-08-10 17:01:45,039 INFO    round   7  VAL mean WT=0.7812  <- best so far
2026-08-10 17:02:14,231 INFO    round   8       H1  train_loss=0.5183  lr=8.14e-04
2026-08-10 17:02:45,307 INFO    round   8       H2  train_loss=0.5297  lr=8.14e-04
2026-08-10 17:03:15,698 INFO    round   8       H3  train_loss=0.5218  lr=8.14e-04
2026-08-10 17:03:46,295 INFO    round   8       H4  train_loss=0.5439  lr=8.14e-04
2026-08-10 17:04:24,967 INFO    round   8  eval  H1  WT=0.8508 TC=0.7792 ET=0.7536
2026-08-10 17:05:02,422 INFO    round   8  eval  H2  WT=0.8413 TC=0.8074 ET=0.7858
2026-08-10 17:05:40,803 INFO    round   8  eval  H3  WT=0.8064 TC=0.8076 ET=0.7701
2026-08-10 17:06:20,726 INFO    round   8  eval  H4  WT=0.7234 TC=0.6994 ET=0.6619
2026-08-10 17:07:09,415 INFO    round   8  VAL mean WT=0.7794
2026-08-10 17:07:39,020 INFO    round   9       H1  train_loss=0.5007  lr=7.63e-04
2026-08-10 17:08:09,155 INFO    round   9       H2  train_loss=0.5225  lr=7.63e-04
2026-08-10 17:08:39,569 INFO    round   9       H3  train_loss=0.5204  lr=7.63e-04
2026-08-10 17:09:12,733 INFO    round   9       H4  train_loss=0.5497  lr=7.63e-04
2026-08-10 17:09:51,649 INFO    round   9  eval  H1  WT=0.8562 TC=0.8014 ET=0.7649
2026-08-10 17:10:29,867 INFO    round   9  eval  H2  WT=0.8501 TC=0.8191 ET=0.7935
2026-08-10 17:11:09,467 INFO    round   9  eval  H3  WT=0.8047 TC=0.7999 ET=0.7696
2026-08-10 17:11:50,310 INFO    round   9  eval  H4  WT=0.7317 TC=0.7001 ET=0.6695
2026-08-10 17:12:41,587 INFO    round   9  VAL mean WT=0.7793
2026-08-10 17:13:13,412 INFO    round  10       H1  train_loss=0.4814  lr=7.07e-04
2026-08-10 17:13:45,431 INFO    round  10       H2  train_loss=0.4991  lr=7.07e-04
2026-08-10 17:14:14,638 INFO    round  10       H3  train_loss=0.5097  lr=7.07e-04
2026-08-10 17:14:41,547 INFO    round  10       H4  train_loss=0.5303  lr=7.07e-04
2026-08-10 17:15:20,476 INFO    round  10  eval  H1  WT=0.8665 TC=0.8042 ET=0.7648
2026-08-10 17:15:57,695 INFO    round  10  eval  H2  WT=0.8606 TC=0.8317 ET=0.7982
2026-08-10 17:16:35,528 INFO    round  10  eval  H3  WT=0.8154 TC=0.8114 ET=0.7680
2026-08-10 17:17:12,146 INFO    round  10  eval  H4  WT=0.7274 TC=0.7236 ET=0.6752
2026-08-10 17:17:58,579 INFO    round  10  VAL mean WT=0.7884  <- best so far
2026-08-10 17:18:27,899 INFO    round  11       H1  train_loss=0.5193  lr=6.48e-04
2026-08-10 17:18:54,471 INFO    round  11       H2  train_loss=0.5051  lr=6.48e-04
2026-08-10 17:19:22,446 INFO    round  11       H3  train_loss=0.5213  lr=6.48e-04
2026-08-10 17:19:52,759 INFO    round  11       H4  train_loss=0.5278  lr=6.48e-04
2026-08-10 17:20:31,890 INFO    round  11  eval  H1  WT=0.8639 TC=0.8174 ET=0.7780
2026-08-10 17:21:09,756 INFO    round  11  eval  H2  WT=0.8646 TC=0.8465 ET=0.8120
2026-08-10 17:21:48,325 INFO    round  11  eval  H3  WT=0.8472 TC=0.8351 ET=0.7862
2026-08-10 17:22:25,006 INFO    round  11  eval  H4  WT=0.7494 TC=0.7267 ET=0.6749
2026-08-10 17:23:11,054 INFO    round  11  VAL mean WT=0.8011  <- best so far
2026-08-10 17:23:38,101 INFO    round  12       H1  train_loss=0.5082  lr=5.87e-04
2026-08-10 17:24:09,563 INFO    round  12       H2  train_loss=0.4884  lr=5.87e-04
2026-08-10 17:24:37,374 INFO    round  12       H3  train_loss=0.5257  lr=5.87e-04
2026-08-10 17:25:07,007 INFO    round  12       H4  train_loss=0.5287  lr=5.87e-04
2026-08-10 17:25:45,703 INFO    round  12  eval  H1  WT=0.8620 TC=0.8082 ET=0.7643
2026-08-10 17:26:22,821 INFO    round  12  eval  H2  WT=0.8661 TC=0.8479 ET=0.8080
2026-08-10 17:27:00,907 INFO    round  12  eval  H3  WT=0.8367 TC=0.8463 ET=0.7982
2026-08-10 17:27:37,775 INFO    round  12  eval  H4  WT=0.7578 TC=0.7780 ET=0.7208
2026-08-10 17:28:24,250 INFO    round  12  VAL mean WT=0.7982
2026-08-10 17:28:53,219 INFO    round  13       H1  train_loss=0.4855  lr=5.25e-04
2026-08-10 17:29:23,026 INFO    round  13       H2  train_loss=0.4867  lr=5.25e-04
2026-08-10 17:29:52,660 INFO    round  13       H3  train_loss=0.5087  lr=5.25e-04
2026-08-10 17:30:22,917 INFO    round  13       H4  train_loss=0.5048  lr=5.25e-04
2026-08-10 17:31:01,291 INFO    round  13  eval  H1  WT=0.8666 TC=0.8235 ET=0.7784
2026-08-10 17:31:39,237 INFO    round  13  eval  H2  WT=0.8715 TC=0.8489 ET=0.8150
2026-08-10 17:32:17,879 INFO    round  13  eval  H3  WT=0.8475 TC=0.8466 ET=0.7997
2026-08-10 17:32:54,697 INFO    round  13  eval  H4  WT=0.7593 TC=0.7625 ET=0.7059
2026-08-10 17:33:41,440 INFO    round  13  VAL mean WT=0.8056  <- best so far
2026-08-10 17:34:11,548 INFO    round  14       H1  train_loss=0.4763  lr=4.63e-04
2026-08-10 17:34:42,078 INFO    round  14       H2  train_loss=0.4933  lr=4.63e-04
2026-08-10 17:35:11,309 INFO    round  14       H3  train_loss=0.5006  lr=4.63e-04
2026-08-10 17:35:41,256 INFO    round  14       H4  train_loss=0.5019  lr=4.63e-04
2026-08-10 17:36:20,745 INFO    round  14  eval  H1  WT=0.8775 TC=0.8255 ET=0.7865
2026-08-10 17:36:57,883 INFO    round  14  eval  H2  WT=0.8755 TC=0.8478 ET=0.8122
2026-08-10 17:37:35,431 INFO    round  14  eval  H3  WT=0.8294 TC=0.8413 ET=0.7971
2026-08-10 17:38:11,561 INFO    round  14  eval  H4  WT=0.7292 TC=0.7377 ET=0.6833
2026-08-10 17:38:57,085 INFO    round  14  VAL mean WT=0.7958
2026-08-10 17:39:25,442 INFO    round  15       H1  train_loss=0.4873  lr=4.02e-04
2026-08-10 17:39:54,903 INFO    round  15       H2  train_loss=0.4761  lr=4.02e-04
2026-08-10 17:40:24,799 INFO    round  15       H3  train_loss=0.5085  lr=4.02e-04
2026-08-10 17:40:53,952 INFO    round  15       H4  train_loss=0.5316  lr=4.02e-04
2026-08-10 17:41:32,021 INFO    round  15  eval  H1  WT=0.8764 TC=0.8219 ET=0.7776
2026-08-10 17:42:09,257 INFO    round  15  eval  H2  WT=0.8774 TC=0.8532 ET=0.8101
2026-08-10 17:42:46,740 INFO    round  15  eval  H3  WT=0.8383 TC=0.8502 ET=0.8012
2026-08-10 17:43:23,278 INFO    round  15  eval  H4  WT=0.7323 TC=0.7537 ET=0.6992
2026-08-10 17:44:08,845 INFO    round  15  VAL mean WT=0.7987
2026-08-10 17:44:37,607 INFO    round  16       H1  train_loss=0.4793  lr=3.43e-04
2026-08-10 17:45:06,504 INFO    round  16       H2  train_loss=0.4729  lr=3.43e-04
2026-08-10 17:45:39,900 INFO    round  16       H3  train_loss=0.5030  lr=3.43e-04
2026-08-10 17:46:12,983 INFO    round  16       H4  train_loss=0.4891  lr=3.43e-04
2026-08-10 17:46:52,391 INFO    round  16  eval  H1  WT=0.8719 TC=0.8190 ET=0.7799
2026-08-10 17:47:29,800 INFO    round  16  eval  H2  WT=0.8789 TC=0.8590 ET=0.8190
2026-08-10 17:48:08,167 INFO    round  16  eval  H3  WT=0.8618 TC=0.8469 ET=0.8004
2026-08-10 17:48:45,295 INFO    round  16  eval  H4  WT=0.7569 TC=0.7539 ET=0.6977
2026-08-10 17:49:39,150 INFO    round  16  VAL mean WT=0.8071  <- best so far
2026-08-10 17:50:12,898 INFO    round  17       H1  train_loss=0.4816  lr=2.88e-04
2026-08-10 17:50:46,002 INFO    round  17       H2  train_loss=0.4627  lr=2.88e-04
2026-08-10 17:51:16,897 INFO    round  17       H3  train_loss=0.4894  lr=2.88e-04
2026-08-10 17:51:46,855 INFO    round  17       H4  train_loss=0.5129  lr=2.88e-04
2026-08-10 17:52:30,608 INFO    round  17  eval  H1  WT=0.8777 TC=0.8274 ET=0.7784
2026-08-10 17:53:09,021 INFO    round  17  eval  H2  WT=0.8824 TC=0.8663 ET=0.8225
2026-08-10 17:53:47,126 INFO    round  17  eval  H3  WT=0.8545 TC=0.8518 ET=0.8019
2026-08-10 17:54:24,046 INFO    round  17  eval  H4  WT=0.7403 TC=0.7553 ET=0.6984
2026-08-10 17:55:11,053 INFO    round  17  VAL mean WT=0.8044
2026-08-10 17:55:41,092 INFO    round  18       H1  train_loss=0.4572  lr=2.36e-04
2026-08-10 17:56:10,565 INFO    round  18       H2  train_loss=0.4681  lr=2.36e-04
2026-08-10 17:56:40,909 INFO    round  18       H3  train_loss=0.4861  lr=2.36e-04
2026-08-10 17:57:12,187 INFO    round  18       H4  train_loss=0.5078  lr=2.36e-04
2026-08-10 17:57:53,474 INFO    round  18  eval  H1  WT=0.8791 TC=0.8255 ET=0.7716
2026-08-10 17:58:31,071 INFO    round  18  eval  H2  WT=0.8849 TC=0.8604 ET=0.8151
2026-08-10 17:59:09,232 INFO    round  18  eval  H3  WT=0.8511 TC=0.8556 ET=0.8040
2026-08-10 17:59:46,197 INFO    round  18  eval  H4  WT=0.7407 TC=0.7711 ET=0.7143
2026-08-10 18:00:32,376 INFO    round  18  VAL mean WT=0.8049
2026-08-10 18:00:53,631 INFO    round  19       H1  train_loss=0.4862  lr=1.89e-04
2026-08-10 18:01:24,960 INFO    round  19       H2  train_loss=0.4613  lr=1.89e-04
2026-08-10 18:01:55,275 INFO    round  19       H3  train_loss=0.4936  lr=1.89e-04
2026-08-10 18:02:24,855 INFO    round  19       H4  train_loss=0.5309  lr=1.89e-04
2026-08-10 18:03:03,200 INFO    round  19  eval  H1  WT=0.8733 TC=0.8233 ET=0.7782
2026-08-10 18:03:40,560 INFO    round  19  eval  H2  WT=0.8828 TC=0.8630 ET=0.8209
2026-08-10 18:04:18,587 INFO    round  19  eval  H3  WT=0.8587 TC=0.8485 ET=0.8009
2026-08-10 18:04:55,204 INFO    round  19  eval  H4  WT=0.7594 TC=0.7585 ET=0.6997
2026-08-10 18:05:41,276 INFO    round  19  VAL mean WT=0.8108  <- best so far
2026-08-10 18:06:10,619 INFO    round  20       H1  train_loss=0.4614  lr=1.48e-04
2026-08-10 18:06:40,028 INFO    round  20       H2  train_loss=0.4839  lr=1.48e-04
2026-08-10 18:07:10,893 INFO    round  20       H3  train_loss=0.4713  lr=1.48e-04
2026-08-10 18:07:44,226 INFO    round  20       H4  train_loss=0.5110  lr=1.48e-04
2026-08-10 18:08:23,359 INFO    round  20  eval  H1  WT=0.8772 TC=0.8313 ET=0.7810
2026-08-10 18:09:00,825 INFO    round  20  eval  H2  WT=0.8864 TC=0.8610 ET=0.8164
2026-08-10 18:09:38,578 INFO    round  20  eval  H3  WT=0.8608 TC=0.8454 ET=0.7998
2026-08-10 18:10:14,616 INFO    round  20  eval  H4  WT=0.7563 TC=0.7548 ET=0.6996
2026-08-10 18:11:00,069 INFO    round  20  VAL mean WT=0.8088
2026-08-10 18:11:28,720 INFO    round  21       H1  train_loss=0.4707  lr=1.14e-04
2026-08-10 18:11:59,536 INFO    round  21       H2  train_loss=0.4871  lr=1.14e-04
2026-08-10 18:12:29,473 INFO    round  21       H3  train_loss=0.4796  lr=1.14e-04
2026-08-10 18:12:59,289 INFO    round  21       H4  train_loss=0.4839  lr=1.14e-04
2026-08-10 18:13:37,277 INFO    round  21  eval  H1  WT=0.8750 TC=0.8251 ET=0.7797
2026-08-10 18:14:14,037 INFO    round  21  eval  H2  WT=0.8863 TC=0.8628 ET=0.8223
2026-08-10 18:14:51,385 INFO    round  21  eval  H3  WT=0.8667 TC=0.8568 ET=0.8124
2026-08-10 18:15:26,714 INFO    round  21  eval  H4  WT=0.7624 TC=0.7768 ET=0.7173
2026-08-10 18:16:11,376 INFO    round  21  VAL mean WT=0.8104
2026-08-10 18:16:39,476 INFO    round  22       H1  train_loss=0.4729  lr=8.62e-05
2026-08-10 18:17:09,322 INFO    round  22       H2  train_loss=0.4743  lr=8.62e-05
2026-08-10 18:17:39,027 INFO    round  22       H3  train_loss=0.4854  lr=8.62e-05
2026-08-10 18:18:09,409 INFO    round  22       H4  train_loss=0.5145  lr=8.62e-05
2026-08-10 18:18:47,877 INFO    round  22  eval  H1  WT=0.8757 TC=0.8222 ET=0.7749
2026-08-10 18:19:24,572 INFO    round  22  eval  H2  WT=0.8861 TC=0.8643 ET=0.8205
2026-08-10 18:20:01,707 INFO    round  22  eval  H3  WT=0.8614 TC=0.8538 ET=0.8088
2026-08-10 18:20:37,321 INFO    round  22  eval  H4  WT=0.7533 TC=0.7694 ET=0.7118
2026-08-10 18:21:22,347 INFO    round  22  VAL mean WT=0.8076
2026-08-10 18:21:51,462 INFO    round  23       H1  train_loss=0.4777  lr=6.62e-05
2026-08-10 18:22:22,424 INFO    round  23       H2  train_loss=0.4733  lr=6.62e-05
2026-08-10 18:22:56,242 INFO    round  23       H3  train_loss=0.4971  lr=6.62e-05
2026-08-10 18:23:28,278 INFO    round  23       H4  train_loss=0.5018  lr=6.62e-05
2026-08-10 18:24:11,258 INFO    round  23  eval  H1  WT=0.8774 TC=0.8306 ET=0.7843
2026-08-10 18:24:53,382 INFO    round  23  eval  H2  WT=0.8875 TC=0.8647 ET=0.8246
2026-08-10 18:25:31,077 INFO    round  23  eval  H3  WT=0.8589 TC=0.8546 ET=0.8105
2026-08-10 18:26:06,976 INFO    round  23  eval  H4  WT=0.7491 TC=0.7700 ET=0.7115
2026-08-10 18:26:52,264 INFO    round  23  VAL mean WT=0.8065
2026-08-10 18:27:21,951 INFO    round  24       H1  train_loss=0.4726  lr=5.41e-05
2026-08-10 18:27:52,055 INFO    round  24       H2  train_loss=0.4674  lr=5.41e-05
2026-08-10 18:28:26,400 INFO    round  24       H3  train_loss=0.4870  lr=5.41e-05
2026-08-10 18:29:00,984 INFO    round  24       H4  train_loss=0.4964  lr=5.41e-05
2026-08-10 18:29:47,796 INFO    round  24  eval  H1  WT=0.8760 TC=0.8261 ET=0.7786
2026-08-10 18:30:30,285 INFO    round  24  eval  H2  WT=0.8856 TC=0.8652 ET=0.8234
2026-08-10 18:31:11,086 INFO    round  24  eval  H3  WT=0.8608 TC=0.8544 ET=0.8104
2026-08-10 18:31:47,488 INFO    round  24  eval  H4  WT=0.7522 TC=0.7709 ET=0.7127
2026-08-10 18:32:33,445 INFO    round  24  VAL mean WT=0.8079
2026-08-10 18:33:03,222 INFO    round  25       H1  train_loss=0.4658  lr=5.00e-05
2026-08-10 18:33:33,388 INFO    round  25       H2  train_loss=0.4539  lr=5.00e-05
2026-08-10 18:34:03,769 INFO    round  25       H3  train_loss=0.4808  lr=5.00e-05
2026-08-10 18:34:33,408 INFO    round  25       H4  train_loss=0.5057  lr=5.00e-05
2026-08-10 18:35:11,668 INFO    round  25  eval  H1  WT=0.8797 TC=0.8293 ET=0.7847
2026-08-10 18:35:48,156 INFO    round  25  eval  H2  WT=0.8872 TC=0.8656 ET=0.8250
2026-08-10 18:36:25,517 INFO    round  25  eval  H3  WT=0.8611 TC=0.8529 ET=0.8104
2026-08-10 18:37:01,654 INFO    round  25  eval  H4  WT=0.7460 TC=0.7668 ET=0.7072
2026-08-10 18:37:46,929 INFO    round  25  VAL mean WT=0.8086
2026-08-10 18:37:46,964 INFO    selected round 19 by validation WT=0.8108 (of 25 rounds)
2026-08-10 18:37:46,966 INFO    final evaluation at round 19 (tta=True)
2026-08-10 18:38:58,800 INFO      final H1  WT=0.8763 TC=0.8264 ET=0.7823
2026-08-10 18:40:08,173 INFO      final H2  WT=0.8863 TC=0.8684 ET=0.8274
2026-08-10 18:41:16,953 INFO      final H3  WT=0.8621 TC=0.8473 ET=0.8011
2026-08-10 18:42:23,195 INFO      final H4  WT=0.7647 TC=0.7628 ET=0.7035
2026-08-10 18:42:23,301 INFO    done -> D:\capstone\artifacts\runs\v2\fedavg_2d_42
