2026-08-10 01:48:28,967 INFO    run_id=centralized_2d_42 method=centralized dim=2d device=cuda
2026-08-10 01:48:28,968 INFO    tag=v2 -> D:\capstone\artifacts\runs\v2\centralized_2d_42
2026-08-10 01:48:28,969 INFO    R=25 E=1 -> 25 total local epochs/hospital
2026-08-10 01:48:28,970 INFO    lr=0.001 schedule=cosine augment=True tta=True postproc_min_voxels=50 select_by=best_val
2026-08-10 01:48:28,970 INFO      H1: 150 train / 20 val / 62 test cases
2026-08-10 01:48:28,971 INFO      H2: 150 train / 20 val / 62 test cases
2026-08-10 01:48:28,971 INFO      H3: 150 train / 20 val / 62 test cases
2026-08-10 01:48:28,972 INFO      H4: 150 train / 20 val / 62 test cases
2026-08-10 01:48:28,972 INFO      pooled: 600 train cases (centralized ceiling)
2026-08-10 01:53:24,933 INFO    round   1   global  train_loss=1.0482  lr=1.00e-03
2026-08-10 01:54:08,668 INFO    round   1  eval  H1  WT=0.7062 TC=0.6134 ET=0.6377
2026-08-10 01:54:53,937 INFO    round   1  eval  H2  WT=0.7230 TC=0.6739 ET=0.6962
2026-08-10 01:55:39,755 INFO    round   1  eval  H3  WT=0.7491 TC=0.6830 ET=0.6950
2026-08-10 01:56:28,842 INFO    round   1  eval  H4  WT=0.7521 TC=0.6572 ET=0.6452
2026-08-10 01:57:29,823 INFO    round   1  VAL mean WT=0.7062  <- best so far
2026-08-10 02:02:30,219 INFO    round   2   global  train_loss=0.5724  lr=9.96e-04
2026-08-10 02:03:18,720 INFO    round   2  eval  H1  WT=0.8078 TC=0.6863 ET=0.6828
2026-08-10 02:04:03,809 INFO    round   2  eval  H2  WT=0.8183 TC=0.7517 ET=0.7582
2026-08-10 02:04:53,971 INFO    round   2  eval  H3  WT=0.8180 TC=0.7451 ET=0.7291
2026-08-10 02:05:41,577 INFO    round   2  eval  H4  WT=0.7832 TC=0.7018 ET=0.6987
2026-08-10 02:06:38,790 INFO    round   2  VAL mean WT=0.7736  <- best so far
2026-08-10 02:11:44,384 INFO    round   3   global  train_loss=0.5435  lr=9.84e-04
2026-08-10 02:12:33,284 INFO    round   3  eval  H1  WT=0.8378 TC=0.7679 ET=0.7257
2026-08-10 02:13:18,347 INFO    round   3  eval  H2  WT=0.8286 TC=0.7896 ET=0.7689
2026-08-10 02:14:03,208 INFO    round   3  eval  H3  WT=0.7948 TC=0.7755 ET=0.7563
2026-08-10 02:14:45,649 INFO    round   3  eval  H4  WT=0.7865 TC=0.7311 ET=0.7310
2026-08-10 02:15:40,621 INFO    round   3  VAL mean WT=0.7783  <- best so far
2026-08-10 02:20:30,175 INFO    round   4   global  train_loss=0.5251  lr=9.64e-04
2026-08-10 02:21:20,561 INFO    round   4  eval  H1  WT=0.8476 TC=0.7670 ET=0.7542
2026-08-10 02:22:02,243 INFO    round   4  eval  H2  WT=0.8423 TC=0.7946 ET=0.7907
2026-08-10 02:22:46,082 INFO    round   4  eval  H3  WT=0.7970 TC=0.7744 ET=0.7664
2026-08-10 02:23:28,632 INFO    round   4  eval  H4  WT=0.7860 TC=0.7538 ET=0.7136
2026-08-10 02:24:26,917 INFO    round   4  VAL mean WT=0.7868  <- best so far
2026-08-10 02:29:27,612 INFO    round   5   global  train_loss=0.5093  lr=9.36e-04
2026-08-10 02:30:15,216 INFO    round   5  eval  H1  WT=0.8632 TC=0.7823 ET=0.7674
2026-08-10 02:30:59,809 INFO    round   5  eval  H2  WT=0.8472 TC=0.8120 ET=0.7955
2026-08-10 02:31:46,180 INFO    round   5  eval  H3  WT=0.8120 TC=0.8036 ET=0.7734
2026-08-10 02:32:31,222 INFO    round   5  eval  H4  WT=0.7405 TC=0.7236 ET=0.6800
2026-08-10 02:33:28,797 INFO    round   5  VAL mean WT=0.7825
2026-08-10 02:38:20,942 INFO    round   6   global  train_loss=0.4986  lr=9.02e-04
2026-08-10 02:39:07,457 INFO    round   6  eval  H1  WT=0.8758 TC=0.8224 ET=0.7681
2026-08-10 02:39:50,956 INFO    round   6  eval  H2  WT=0.8745 TC=0.8499 ET=0.8146
2026-08-10 02:40:32,311 INFO    round   6  eval  H3  WT=0.8507 TC=0.8529 ET=0.8070
2026-08-10 02:41:11,767 INFO    round   6  eval  H4  WT=0.8308 TC=0.8050 ET=0.7377
2026-08-10 02:42:00,529 INFO    round   6  VAL mean WT=0.8223  <- best so far
2026-08-10 02:45:51,477 INFO    round   7   global  train_loss=0.5046  lr=8.61e-04
2026-08-10 02:46:29,583 INFO    round   7  eval  H1  WT=0.8621 TC=0.7731 ET=0.7383
2026-08-10 02:47:05,599 INFO    round   7  eval  H2  WT=0.8547 TC=0.8235 ET=0.7821
2026-08-10 02:47:42,330 INFO    round   7  eval  H3  WT=0.8291 TC=0.8355 ET=0.7854
2026-08-10 02:48:17,593 INFO    round   7  eval  H4  WT=0.8096 TC=0.8032 ET=0.7518
2026-08-10 02:49:02,048 INFO    round   7  VAL mean WT=0.8042
2026-08-10 02:52:18,499 INFO    round   8   global  train_loss=0.5027  lr=8.14e-04
2026-08-10 02:52:55,840 INFO    round   8  eval  H1  WT=0.8640 TC=0.8076 ET=0.7664
2026-08-10 02:53:31,732 INFO    round   8  eval  H2  WT=0.8581 TC=0.8340 ET=0.7924
2026-08-10 02:54:08,166 INFO    round   8  eval  H3  WT=0.8232 TC=0.8219 ET=0.7663
2026-08-10 02:54:43,214 INFO    round   8  eval  H4  WT=0.7662 TC=0.7662 ET=0.6998
2026-08-10 02:55:27,687 INFO    round   8  VAL mean WT=0.7963
2026-08-10 02:58:52,556 INFO    round   9   global  train_loss=0.4974  lr=7.63e-04
2026-08-10 02:59:30,065 INFO    round   9  eval  H1  WT=0.8851 TC=0.8248 ET=0.7857
2026-08-10 03:00:06,001 INFO    round   9  eval  H2  WT=0.8854 TC=0.8618 ET=0.8213
2026-08-10 03:00:42,678 INFO    round   9  eval  H3  WT=0.8539 TC=0.8576 ET=0.8115
2026-08-10 03:01:17,927 INFO    round   9  eval  H4  WT=0.8207 TC=0.7932 ET=0.7359
2026-08-10 03:02:02,316 INFO    round   9  VAL mean WT=0.8236  <- best so far
2026-08-10 03:05:33,765 INFO    round  10   global  train_loss=0.4984  lr=7.07e-04
2026-08-10 03:06:11,277 INFO    round  10  eval  H1  WT=0.8869 TC=0.8021 ET=0.7731
2026-08-10 11:36:09,697 INFO    round  10  eval  H2  WT=0.8854 TC=0.8553 ET=0.8187
2026-08-10 11:37:08,066 INFO    round  10  eval  H3  WT=0.8768 TC=0.8531 ET=0.8130
2026-08-10 11:37:45,232 INFO    round  10  eval  H4  WT=0.8481 TC=0.8114 ET=0.7568
2026-08-10 11:38:30,763 INFO    round  10  VAL mean WT=0.8375  <- best so far
2026-08-10 11:42:53,333 INFO    round  11   global  train_loss=0.4873  lr=6.48e-04
2026-08-10 11:43:39,453 INFO    round  11  eval  H1  WT=0.8799 TC=0.8239 ET=0.7878
2026-08-10 11:44:17,597 INFO    round  11  eval  H2  WT=0.8825 TC=0.8618 ET=0.8268
2026-08-10 11:44:56,209 INFO    round  11  eval  H3  WT=0.8539 TC=0.8539 ET=0.8142
2026-08-10 11:45:40,137 INFO    round  11  eval  H4  WT=0.8370 TC=0.8072 ET=0.7446
2026-08-10 11:46:34,210 INFO    round  11  VAL mean WT=0.8315
2026-08-10 11:51:11,441 INFO    round  12   global  train_loss=0.4894  lr=5.87e-04
2026-08-10 11:51:54,963 INFO    round  12  eval  H1  WT=0.8638 TC=0.8314 ET=0.7909
2026-08-10 11:52:38,379 INFO    round  12  eval  H2  WT=0.8648 TC=0.8602 ET=0.8179
2026-08-10 11:53:21,530 INFO    round  12  eval  H3  WT=0.8165 TC=0.8552 ET=0.8097
2026-08-10 11:53:59,142 INFO    round  12  eval  H4  WT=0.8055 TC=0.8044 ET=0.7502
2026-08-10 11:54:47,182 INFO    round  12  VAL mean WT=0.8056
2026-08-10 11:59:00,569 INFO    round  13   global  train_loss=0.4790  lr=5.25e-04
2026-08-10 11:59:40,868 INFO    round  13  eval  H1  WT=0.8892 TC=0.8324 ET=0.7983
2026-08-10 12:00:19,066 INFO    round  13  eval  H2  WT=0.8900 TC=0.8650 ET=0.8273
2026-08-10 12:00:56,873 INFO    round  13  eval  H3  WT=0.8670 TC=0.8579 ET=0.8128
2026-08-10 12:01:33,584 INFO    round  13  eval  H4  WT=0.8508 TC=0.8133 ET=0.7534
2026-08-10 12:02:19,008 INFO    round  13  VAL mean WT=0.8441  <- best so far
2026-08-10 12:06:21,785 INFO    round  14   global  train_loss=0.4887  lr=4.63e-04
2026-08-10 12:07:07,613 INFO    round  14  eval  H1  WT=0.8817 TC=0.8164 ET=0.8030
2026-08-10 12:07:52,230 INFO    round  14  eval  H2  WT=0.8830 TC=0.8667 ET=0.8218
2026-08-10 12:08:38,188 INFO    round  14  eval  H3  WT=0.8758 TC=0.8618 ET=0.8188
2026-08-10 12:09:21,485 INFO    round  14  eval  H4  WT=0.8585 TC=0.8219 ET=0.7633
2026-08-10 12:10:08,880 INFO    round  14  VAL mean WT=0.8431
2026-08-10 12:14:34,670 INFO    round  15   global  train_loss=0.4805  lr=4.02e-04
2026-08-10 12:15:13,735 INFO    round  15  eval  H1  WT=0.8923 TC=0.8304 ET=0.7959
2026-08-10 12:15:50,582 INFO    round  15  eval  H2  WT=0.8963 TC=0.8716 ET=0.8329
2026-08-10 12:16:28,704 INFO    round  15  eval  H3  WT=0.8774 TC=0.8636 ET=0.8171
2026-08-10 12:17:05,048 INFO    round  15  eval  H4  WT=0.8548 TC=0.8159 ET=0.7516
2026-08-10 12:17:51,659 INFO    round  15  VAL mean WT=0.8459  <- best so far
2026-08-10 12:22:16,110 INFO    round  16   global  train_loss=0.4770  lr=3.43e-04
2026-08-10 12:22:59,442 INFO    round  16  eval  H1  WT=0.8904 TC=0.8082 ET=0.7795
2026-08-10 12:23:40,311 INFO    round  16  eval  H2  WT=0.8988 TC=0.8752 ET=0.8553
2026-08-10 12:24:18,576 INFO    round  16  eval  H3  WT=0.8764 TC=0.8572 ET=0.8227
2026-08-10 12:24:57,031 INFO    round  16  eval  H4  WT=0.8421 TC=0.8194 ET=0.7597
2026-08-10 12:25:46,172 INFO    round  16  VAL mean WT=0.8496  <- best so far
2026-08-10 12:30:42,240 INFO    round  17   global  train_loss=0.4760  lr=2.88e-04
2026-08-10 12:31:21,545 INFO    round  17  eval  H1  WT=0.8851 TC=0.8415 ET=0.8012
2026-08-10 12:32:02,980 INFO    round  17  eval  H2  WT=0.8884 TC=0.8570 ET=0.8188
2026-08-10 12:32:43,782 INFO    round  17  eval  H3  WT=0.8567 TC=0.8659 ET=0.8157
2026-08-10 12:33:22,782 INFO    round  17  eval  H4  WT=0.8406 TC=0.8200 ET=0.7568
2026-08-10 12:34:11,694 INFO    round  17  VAL mean WT=0.8346
2026-08-10 12:38:18,469 INFO    round  18   global  train_loss=0.4764  lr=2.36e-04
2026-08-10 12:39:02,256 INFO    round  18  eval  H1  WT=0.8908 TC=0.8404 ET=0.7929
2026-08-10 12:39:49,920 INFO    round  18  eval  H2  WT=0.8937 TC=0.8623 ET=0.8273
2026-08-10 12:40:38,886 INFO    round  18  eval  H3  WT=0.8647 TC=0.8555 ET=0.8108
2026-08-10 12:41:25,045 INFO    round  18  eval  H4  WT=0.8436 TC=0.8188 ET=0.7582
2026-08-10 12:42:21,348 INFO    round  18  VAL mean WT=0.8390
2026-08-10 12:46:15,147 INFO    round  19   global  train_loss=0.4652  lr=1.89e-04
2026-08-10 12:47:01,120 INFO    round  19  eval  H1  WT=0.8974 TC=0.8468 ET=0.8164
2026-08-10 12:47:45,028 INFO    round  19  eval  H2  WT=0.9029 TC=0.8635 ET=0.8310
2026-08-10 12:48:30,112 INFO    round  19  eval  H3  WT=0.8846 TC=0.8748 ET=0.8276
2026-08-10 12:49:13,851 INFO    round  19  eval  H4  WT=0.8602 TC=0.8352 ET=0.7709
2026-08-10 12:50:03,695 INFO    round  19  VAL mean WT=0.8540  <- best so far
2026-08-10 12:53:49,338 INFO    round  20   global  train_loss=0.4741  lr=1.48e-04
2026-08-10 12:54:30,608 INFO    round  20  eval  H1  WT=0.9004 TC=0.8527 ET=0.8101
2026-08-10 12:55:09,279 INFO    round  20  eval  H2  WT=0.9086 TC=0.8693 ET=0.8345
2026-08-10 12:55:48,761 INFO    round  20  eval  H3  WT=0.8834 TC=0.8774 ET=0.8329
2026-08-10 12:56:27,829 INFO    round  20  eval  H4  WT=0.8565 TC=0.8313 ET=0.7674
2026-08-10 12:57:16,807 INFO    round  20  VAL mean WT=0.8509
2026-08-10 13:00:52,903 INFO    round  21   global  train_loss=0.4699  lr=1.14e-04
2026-08-10 13:01:34,166 INFO    round  21  eval  H1  WT=0.8954 TC=0.8427 ET=0.8043
2026-08-10 13:02:13,499 INFO    round  21  eval  H2  WT=0.9009 TC=0.8667 ET=0.8301
2026-08-10 13:02:53,387 INFO    round  21  eval  H3  WT=0.8732 TC=0.8666 ET=0.8227
2026-08-10 13:03:31,810 INFO    round  21  eval  H4  WT=0.8558 TC=0.8274 ET=0.7666
2026-08-10 13:04:20,417 INFO    round  21  VAL mean WT=0.8468
2026-08-10 13:08:15,697 INFO    round  22   global  train_loss=0.4687  lr=8.62e-05
2026-08-10 13:08:57,674 INFO    round  22  eval  H1  WT=0.8950 TC=0.8452 ET=0.8035
2026-08-10 13:09:37,525 INFO    round  22  eval  H2  WT=0.9005 TC=0.8619 ET=0.8293
2026-08-10 13:10:17,600 INFO    round  22  eval  H3  WT=0.8762 TC=0.8633 ET=0.8207
2026-08-10 13:10:56,357 INFO    round  22  eval  H4  WT=0.8575 TC=0.8268 ET=0.7647
2026-08-10 13:11:45,089 INFO    round  22  VAL mean WT=0.8493
2026-08-10 13:15:29,363 INFO    round  23   global  train_loss=0.4720  lr=6.62e-05
2026-08-10 13:16:10,277 INFO    round  23  eval  H1  WT=0.8942 TC=0.8481 ET=0.8069
2026-08-10 13:16:49,231 INFO    round  23  eval  H2  WT=0.9016 TC=0.8667 ET=0.8314
2026-08-10 13:17:29,426 INFO    round  23  eval  H3  WT=0.8734 TC=0.8705 ET=0.8246
2026-08-10 13:18:08,488 INFO    round  23  eval  H4  WT=0.8565 TC=0.8270 ET=0.7637
2026-08-10 13:19:03,459 INFO    round  23  VAL mean WT=0.8483
2026-08-10 13:22:55,381 INFO    round  24   global  train_loss=0.4705  lr=5.41e-05
2026-08-10 13:23:37,548 INFO    round  24  eval  H1  WT=0.8976 TC=0.8475 ET=0.8063
2026-08-10 13:24:18,176 INFO    round  24  eval  H2  WT=0.9055 TC=0.8686 ET=0.8326
2026-08-10 13:24:58,808 INFO    round  24  eval  H3  WT=0.8827 TC=0.8739 ET=0.8300
2026-08-10 13:25:38,204 INFO    round  24  eval  H4  WT=0.8602 TC=0.8307 ET=0.7687
2026-08-10 13:26:27,520 INFO    round  24  VAL mean WT=0.8501
2026-08-10 13:30:22,294 INFO    round  25   global  train_loss=0.4756  lr=5.00e-05
2026-08-10 13:31:03,425 INFO    round  25  eval  H1  WT=0.8990 TC=0.8495 ET=0.8098
2026-08-10 13:31:42,737 INFO    round  25  eval  H2  WT=0.9045 TC=0.8643 ET=0.8305
2026-08-10 13:32:22,275 INFO    round  25  eval  H3  WT=0.8824 TC=0.8732 ET=0.8265
2026-08-10 13:33:01,064 INFO    round  25  eval  H4  WT=0.8579 TC=0.8230 ET=0.7613
2026-08-10 13:33:48,936 INFO    round  25  VAL mean WT=0.8530
2026-08-10 13:33:48,951 INFO    selected round 19 by validation WT=0.8540 (of 25 rounds)
2026-08-10 13:33:48,953 INFO    final evaluation at round 19 (tta=True)
2026-08-10 13:34:59,760 INFO      final H1  WT=0.9015 TC=0.8522 ET=0.8243
2026-08-10 13:36:10,396 INFO      final H2  WT=0.9071 TC=0.8697 ET=0.8382
2026-08-10 13:37:22,519 INFO      final H3  WT=0.8897 TC=0.8769 ET=0.8324
2026-08-10 13:38:30,874 INFO      final H4  WT=0.8643 TC=0.8384 ET=0.7738
2026-08-10 13:38:31,080 INFO    done -> D:\capstone\artifacts\runs\v2\centralized_2d_42
