2026-08-13 08:19:34,183 INFO    run_id=local_3d_42 method=local dim=3d device=cuda
2026-08-13 08:19:34,186 INFO    tag=v3 -> D:\capstone\artifacts\runs\v3\local_3d_42
2026-08-13 08:19:34,186 INFO    R=25 E=1 -> 25 total local epochs/hospital
2026-08-13 08:19:34,186 INFO    lr=0.001 schedule=cosine augment=True tta=True postproc_min_voxels=50 select_by=best_val
2026-08-13 08:19:34,188 INFO      H1: 230 train / 20 val / 62 test cases
2026-08-13 08:19:34,188 INFO      H2: 230 train / 20 val / 62 test cases
2026-08-13 08:19:34,188 INFO      H3: 230 train / 20 val / 62 test cases
2026-08-13 08:19:34,188 INFO      H4: 230 train / 20 val / 62 test cases
2026-08-13 08:21:23,354 INFO    round   1       H1  train_loss=0.6739  lr=1.00e-03
2026-08-13 08:23:14,165 INFO    round   1       H2  train_loss=0.6614  lr=1.00e-03
2026-08-13 08:25:17,813 INFO    round   1       H3  train_loss=0.6882  lr=1.00e-03
2026-08-13 08:27:21,816 INFO    round   1       H4  train_loss=0.7117  lr=1.00e-03
2026-08-13 08:27:51,385 INFO    round   1  eval  H1  WT=0.7601 TC=0.5885 ET=0.6208
2026-08-13 08:28:21,035 INFO    round   1  eval  H2  WT=0.7672 TC=0.6899 ET=0.6896
2026-08-13 08:28:56,729 INFO    round   1  eval  H3  WT=0.7422 TC=0.6648 ET=0.6363
2026-08-13 08:29:33,466 INFO    round   1  eval  H4  WT=0.6806 TC=0.5132 ET=0.5066
2026-08-13 08:30:12,782 INFO    round   1  VAL mean WT=0.7262  <- best so far
2026-08-13 08:32:14,431 INFO    round   2       H1  train_loss=0.4142  lr=9.96e-04
2026-08-13 08:34:20,358 INFO    round   2       H2  train_loss=0.4183  lr=9.96e-04
2026-08-13 08:36:25,818 INFO    round   2       H3  train_loss=0.4196  lr=9.96e-04
2026-08-13 08:38:28,533 INFO    round   2       H4  train_loss=0.4654  lr=9.96e-04
2026-08-13 08:38:57,937 INFO    round   2  eval  H1  WT=0.7809 TC=0.6237 ET=0.6437
2026-08-13 08:39:26,331 INFO    round   2  eval  H2  WT=0.8059 TC=0.6977 ET=0.7074
2026-08-13 08:39:55,545 INFO    round   2  eval  H3  WT=0.7682 TC=0.6187 ET=0.6089
2026-08-13 08:40:23,284 INFO    round   2  eval  H4  WT=0.7587 TC=0.6314 ET=0.6219
2026-08-13 08:40:59,358 INFO    round   2  VAL mean WT=0.7764  <- best so far
2026-08-13 08:43:05,166 INFO    round   3       H1  train_loss=0.3857  lr=9.84e-04
2026-08-13 08:45:06,091 INFO    round   3       H2  train_loss=0.3629  lr=9.84e-04
2026-08-13 08:47:11,062 INFO    round   3       H3  train_loss=0.3838  lr=9.84e-04
2026-08-13 08:49:14,097 INFO    round   3       H4  train_loss=0.4358  lr=9.84e-04
2026-08-13 08:49:43,405 INFO    round   3  eval  H1  WT=0.7752 TC=0.6139 ET=0.6339
2026-08-13 08:50:11,463 INFO    round   3  eval  H2  WT=0.8146 TC=0.6862 ET=0.6876
2026-08-13 08:50:40,875 INFO    round   3  eval  H3  WT=0.7851 TC=0.7064 ET=0.6725
2026-08-13 08:51:08,579 INFO    round   3  eval  H4  WT=0.7620 TC=0.5978 ET=0.5859
2026-08-13 08:51:44,511 INFO    round   3  VAL mean WT=0.7874  <- best so far
2026-08-13 08:53:46,762 INFO    round   4       H1  train_loss=0.3559  lr=9.64e-04
2026-08-13 08:55:53,064 INFO    round   4       H2  train_loss=0.3561  lr=9.64e-04
2026-08-13 08:57:56,065 INFO    round   4       H3  train_loss=0.3839  lr=9.64e-04
2026-08-13 09:00:01,391 INFO    round   4       H4  train_loss=0.4228  lr=9.64e-04
2026-08-13 09:00:30,997 INFO    round   4  eval  H1  WT=0.8069 TC=0.6713 ET=0.6681
2026-08-13 09:00:59,270 INFO    round   4  eval  H2  WT=0.8037 TC=0.6868 ET=0.7049
2026-08-13 09:01:28,441 INFO    round   4  eval  H3  WT=0.8016 TC=0.6957 ET=0.6791
2026-08-13 09:01:56,281 INFO    round   4  eval  H4  WT=0.7757 TC=0.6568 ET=0.6741
2026-08-13 09:02:32,146 INFO    round   4  VAL mean WT=0.7928  <- best so far
2026-08-13 09:04:38,771 INFO    round   5       H1  train_loss=0.3505  lr=9.36e-04
2026-08-13 09:06:44,298 INFO    round   5       H2  train_loss=0.3345  lr=9.36e-04
2026-08-13 09:08:49,593 INFO    round   5       H3  train_loss=0.3577  lr=9.36e-04
2026-08-13 09:10:53,674 INFO    round   5       H4  train_loss=0.4234  lr=9.36e-04
2026-08-13 09:11:22,783 INFO    round   5  eval  H1  WT=0.8294 TC=0.6832 ET=0.6793
2026-08-13 09:11:50,834 INFO    round   5  eval  H2  WT=0.7444 TC=0.6258 ET=0.5963
2026-08-13 09:12:20,010 INFO    round   5  eval  H3  WT=0.8111 TC=0.7167 ET=0.6883
2026-08-13 09:12:47,809 INFO    round   5  eval  H4  WT=0.7877 TC=0.6375 ET=0.6478
2026-08-13 09:13:23,224 INFO    round   5  VAL mean WT=0.7800
2026-08-13 09:15:28,335 INFO    round   6       H1  train_loss=0.3289  lr=9.02e-04
2026-08-13 09:17:34,572 INFO    round   6       H2  train_loss=0.3300  lr=9.02e-04
2026-08-13 09:19:38,964 INFO    round   6       H3  train_loss=0.3495  lr=9.02e-04
2026-08-13 09:21:41,231 INFO    round   6       H4  train_loss=0.4053  lr=9.02e-04
2026-08-13 09:22:10,552 INFO    round   6  eval  H1  WT=0.8203 TC=0.6526 ET=0.6555
2026-08-13 09:22:38,780 INFO    round   6  eval  H2  WT=0.8351 TC=0.7390 ET=0.7429
2026-08-13 09:23:07,845 INFO    round   6  eval  H3  WT=0.7984 TC=0.7181 ET=0.7057
2026-08-13 09:23:35,611 INFO    round   6  eval  H4  WT=0.7790 TC=0.6332 ET=0.6557
2026-08-13 09:24:12,295 INFO    round   6  VAL mean WT=0.8065  <- best so far
2026-08-13 09:26:19,131 INFO    round   7       H1  train_loss=0.3192  lr=8.61e-04
2026-08-13 09:28:24,519 INFO    round   7       H2  train_loss=0.3076  lr=8.61e-04
2026-08-13 09:30:28,805 INFO    round   7       H3  train_loss=0.3314  lr=8.61e-04
2026-08-13 09:32:32,552 INFO    round   7       H4  train_loss=0.3884  lr=8.61e-04
2026-08-13 09:33:01,662 INFO    round   7  eval  H1  WT=0.8237 TC=0.6887 ET=0.6841
2026-08-13 09:33:29,992 INFO    round   7  eval  H2  WT=0.8425 TC=0.7416 ET=0.7406
2026-08-13 09:33:59,352 INFO    round   7  eval  H3  WT=0.8067 TC=0.7128 ET=0.6924
2026-08-13 09:34:26,980 INFO    round   7  eval  H4  WT=0.7851 TC=0.6672 ET=0.6809
2026-08-13 09:35:02,821 INFO    round   7  VAL mean WT=0.8059
2026-08-13 09:37:03,973 INFO    round   8       H1  train_loss=0.3247  lr=8.14e-04
2026-08-13 09:39:11,686 INFO    round   8       H2  train_loss=0.3017  lr=8.14e-04
2026-08-13 09:41:16,384 INFO    round   8       H3  train_loss=0.3255  lr=8.14e-04
2026-08-13 09:43:18,157 INFO    round   8       H4  train_loss=0.3910  lr=8.14e-04
2026-08-13 09:43:47,326 INFO    round   8  eval  H1  WT=0.8360 TC=0.7006 ET=0.6970
2026-08-13 09:44:15,601 INFO    round   8  eval  H2  WT=0.8128 TC=0.7219 ET=0.6979
2026-08-13 09:44:44,586 INFO    round   8  eval  H3  WT=0.8194 TC=0.6806 ET=0.6910
2026-08-13 09:45:12,262 INFO    round   8  eval  H4  WT=0.8039 TC=0.6700 ET=0.6861
2026-08-13 09:45:47,956 INFO    round   8  VAL mean WT=0.7998
2026-08-13 09:47:54,102 INFO    round   9       H1  train_loss=0.3040  lr=7.63e-04
2026-08-13 09:50:00,078 INFO    round   9       H2  train_loss=0.2861  lr=7.63e-04
2026-08-13 09:52:04,626 INFO    round   9       H3  train_loss=0.3177  lr=7.63e-04
2026-08-13 09:54:08,332 INFO    round   9       H4  train_loss=0.3705  lr=7.63e-04
2026-08-13 09:54:37,517 INFO    round   9  eval  H1  WT=0.8322 TC=0.6920 ET=0.6750
2026-08-13 09:55:05,761 INFO    round   9  eval  H2  WT=0.8444 TC=0.7420 ET=0.7341
2026-08-13 09:55:34,934 INFO    round   9  eval  H3  WT=0.8237 TC=0.7256 ET=0.7269
2026-08-13 09:56:02,736 INFO    round   9  eval  H4  WT=0.8093 TC=0.6749 ET=0.6973
2026-08-13 09:56:38,775 INFO    round   9  VAL mean WT=0.8055
2026-08-13 09:58:45,427 INFO    round  10       H1  train_loss=0.2914  lr=7.07e-04
2026-08-13 10:00:49,778 INFO    round  10       H2  train_loss=0.2853  lr=7.07e-04
2026-08-13 10:02:53,498 INFO    round  10       H3  train_loss=0.3027  lr=7.07e-04
2026-08-13 10:04:56,253 INFO    round  10       H4  train_loss=0.3648  lr=7.07e-04
2026-08-13 10:05:31,186 INFO    round  10  eval  H1  WT=0.8442 TC=0.7371 ET=0.7166
2026-08-13 10:05:59,613 INFO    round  10  eval  H2  WT=0.8408 TC=0.7640 ET=0.7473
2026-08-13 10:06:32,039 INFO    round  10  eval  H3  WT=0.8173 TC=0.7210 ET=0.7339
2026-08-13 10:06:59,772 INFO    round  10  eval  H4  WT=0.7969 TC=0.6753 ET=0.6925
2026-08-13 10:07:35,431 INFO    round  10  VAL mean WT=0.8154  <- best so far
2026-08-13 10:09:41,709 INFO    round  11       H1  train_loss=0.2822  lr=6.48e-04
2026-08-13 10:11:46,702 INFO    round  11       H2  train_loss=0.2778  lr=6.48e-04
2026-08-13 10:13:51,437 INFO    round  11       H3  train_loss=0.3005  lr=6.48e-04
2026-08-13 10:15:55,858 INFO    round  11       H4  train_loss=0.3565  lr=6.48e-04
2026-08-13 10:16:25,134 INFO    round  11  eval  H1  WT=0.8512 TC=0.7325 ET=0.7211
2026-08-13 10:16:53,433 INFO    round  11  eval  H2  WT=0.8332 TC=0.7427 ET=0.7372
2026-08-13 10:17:23,091 INFO    round  11  eval  H3  WT=0.8295 TC=0.7404 ET=0.7295
2026-08-13 10:17:51,004 INFO    round  11  eval  H4  WT=0.7996 TC=0.6671 ET=0.7059
2026-08-13 10:18:26,804 INFO    round  11  VAL mean WT=0.8084
2026-08-13 10:20:31,441 INFO    round  12       H1  train_loss=0.2887  lr=5.87e-04
2026-08-13 10:22:37,990 INFO    round  12       H2  train_loss=0.2628  lr=5.87e-04
2026-08-13 10:24:42,060 INFO    round  12       H3  train_loss=0.2756  lr=5.87e-04
2026-08-13 10:26:40,971 INFO    round  12       H4  train_loss=0.3345  lr=5.87e-04
2026-08-13 10:27:10,213 INFO    round  12  eval  H1  WT=0.8566 TC=0.7471 ET=0.7375
2026-08-13 10:27:38,558 INFO    round  12  eval  H2  WT=0.8429 TC=0.7585 ET=0.7081
2026-08-13 10:28:07,878 INFO    round  12  eval  H3  WT=0.8265 TC=0.7152 ET=0.7197
2026-08-13 10:28:35,413 INFO    round  12  eval  H4  WT=0.8153 TC=0.6861 ET=0.7159
2026-08-13 10:29:11,164 INFO    round  12  VAL mean WT=0.8168  <- best so far
2026-08-13 10:31:17,297 INFO    round  13       H1  train_loss=0.2550  lr=5.25e-04
2026-08-13 10:33:23,683 INFO    round  13       H2  train_loss=0.2733  lr=5.25e-04
2026-08-13 10:35:28,154 INFO    round  13       H3  train_loss=0.2796  lr=5.25e-04
2026-08-13 10:37:32,936 INFO    round  13       H4  train_loss=0.3331  lr=5.25e-04
2026-08-13 10:38:02,425 INFO    round  13  eval  H1  WT=0.8385 TC=0.7374 ET=0.7108
2026-08-13 10:38:30,753 INFO    round  13  eval  H2  WT=0.8484 TC=0.7767 ET=0.7646
2026-08-13 10:39:00,037 INFO    round  13  eval  H3  WT=0.8289 TC=0.7329 ET=0.7109
2026-08-13 10:39:27,981 INFO    round  13  eval  H4  WT=0.8216 TC=0.6944 ET=0.7158
2026-08-13 10:40:03,823 INFO    round  13  VAL mean WT=0.8336  <- best so far
2026-08-13 10:42:08,874 INFO    round  14       H1  train_loss=0.2614  lr=4.63e-04
2026-08-13 10:44:32,716 INFO    round  14       H2  train_loss=0.2606  lr=4.63e-04
2026-08-13 10:46:37,792 INFO    round  14       H3  train_loss=0.2640  lr=4.63e-04
2026-08-13 10:48:41,552 INFO    round  14       H4  train_loss=0.3211  lr=4.63e-04
2026-08-13 10:49:10,743 INFO    round  14  eval  H1  WT=0.8416 TC=0.6842 ET=0.6902
2026-08-13 10:49:38,875 INFO    round  14  eval  H2  WT=0.8372 TC=0.7768 ET=0.7642
2026-08-13 10:50:13,934 INFO    round  14  eval  H3  WT=0.8352 TC=0.7546 ET=0.7426
2026-08-13 10:50:50,652 INFO    round  14  eval  H4  WT=0.8173 TC=0.6411 ET=0.6791
2026-08-13 10:51:32,126 INFO    round  14  VAL mean WT=0.8311
2026-08-13 10:53:36,943 INFO    round  15       H1  train_loss=0.2560  lr=4.02e-04
2026-08-13 10:55:42,589 INFO    round  15       H2  train_loss=0.2409  lr=4.02e-04
2026-08-13 10:57:47,331 INFO    round  15       H3  train_loss=0.2600  lr=4.02e-04
2026-08-13 10:59:53,933 INFO    round  15       H4  train_loss=0.3259  lr=4.02e-04
2026-08-13 11:00:22,825 INFO    round  15  eval  H1  WT=0.8564 TC=0.7617 ET=0.7448
2026-08-13 11:00:51,124 INFO    round  15  eval  H2  WT=0.8331 TC=0.7420 ET=0.7545
2026-08-13 11:01:20,708 INFO    round  15  eval  H3  WT=0.8286 TC=0.7782 ET=0.7430
2026-08-13 11:01:48,450 INFO    round  15  eval  H4  WT=0.7920 TC=0.6559 ET=0.6889
2026-08-13 11:02:24,281 INFO    round  15  VAL mean WT=0.8147
2026-08-13 11:04:30,105 INFO    round  16       H1  train_loss=0.2490  lr=3.43e-04
2026-08-13 11:06:35,744 INFO    round  16       H2  train_loss=0.2513  lr=3.43e-04
2026-08-13 11:08:40,427 INFO    round  16       H3  train_loss=0.2509  lr=3.43e-04
2026-08-13 11:10:44,910 INFO    round  16       H4  train_loss=0.3132  lr=3.43e-04
2026-08-13 11:11:14,057 INFO    round  16  eval  H1  WT=0.8531 TC=0.7305 ET=0.7072
2026-08-13 11:11:42,031 INFO    round  16  eval  H2  WT=0.8408 TC=0.7946 ET=0.7597
2026-08-13 11:12:11,374 INFO    round  16  eval  H3  WT=0.8350 TC=0.7695 ET=0.7455
2026-08-13 11:12:39,113 INFO    round  16  eval  H4  WT=0.8212 TC=0.7024 ET=0.7284
2026-08-13 11:13:14,576 INFO    round  16  VAL mean WT=0.8238
2026-08-13 11:15:18,434 INFO    round  17       H1  train_loss=0.2632  lr=2.88e-04
2026-08-13 11:17:21,211 INFO    round  17       H2  train_loss=0.2325  lr=2.88e-04
2026-08-13 11:19:27,941 INFO    round  17       H3  train_loss=0.2551  lr=2.88e-04
2026-08-13 11:21:31,019 INFO    round  17       H4  train_loss=0.2995  lr=2.88e-04
2026-08-13 11:22:00,141 INFO    round  17  eval  H1  WT=0.8587 TC=0.7496 ET=0.7355
2026-08-13 11:22:28,422 INFO    round  17  eval  H2  WT=0.8479 TC=0.7869 ET=0.7841
2026-08-13 11:22:57,606 INFO    round  17  eval  H3  WT=0.8384 TC=0.7459 ET=0.7153
2026-08-13 11:23:25,341 INFO    round  17  eval  H4  WT=0.8209 TC=0.6900 ET=0.7061
2026-08-13 11:24:01,027 INFO    round  17  VAL mean WT=0.8297
2026-08-13 11:26:05,507 INFO    round  18       H1  train_loss=0.2515  lr=2.36e-04
2026-08-13 11:28:11,430 INFO    round  18       H2  train_loss=0.2401  lr=2.36e-04
2026-08-13 11:30:14,169 INFO    round  18       H3  train_loss=0.2383  lr=2.36e-04
2026-08-13 11:32:18,021 INFO    round  18       H4  train_loss=0.2941  lr=2.36e-04
2026-08-13 11:32:47,399 INFO    round  18  eval  H1  WT=0.8645 TC=0.7893 ET=0.7584
2026-08-13 11:33:16,191 INFO    round  18  eval  H2  WT=0.8541 TC=0.8023 ET=0.7732
2026-08-13 11:33:45,221 INFO    round  18  eval  H3  WT=0.8366 TC=0.7288 ET=0.7046
2026-08-13 11:34:12,907 INFO    round  18  eval  H4  WT=0.8318 TC=0.7015 ET=0.7149
2026-08-13 11:34:48,852 INFO    round  18  VAL mean WT=0.8404  <- best so far
2026-08-13 11:36:55,764 INFO    round  19       H1  train_loss=0.2314  lr=1.89e-04
2026-08-13 11:38:58,618 INFO    round  19       H2  train_loss=0.2335  lr=1.89e-04
2026-08-13 11:41:03,969 INFO    round  19       H3  train_loss=0.2429  lr=1.89e-04
2026-08-13 11:43:08,313 INFO    round  19       H4  train_loss=0.2774  lr=1.89e-04
2026-08-13 11:43:37,336 INFO    round  19  eval  H1  WT=0.8599 TC=0.7603 ET=0.7394
2026-08-13 11:44:05,473 INFO    round  19  eval  H2  WT=0.8426 TC=0.7950 ET=0.7877
2026-08-13 11:44:34,746 INFO    round  19  eval  H3  WT=0.8440 TC=0.7765 ET=0.7535
2026-08-13 11:45:02,684 INFO    round  19  eval  H4  WT=0.8168 TC=0.6985 ET=0.7280
2026-08-13 11:45:38,447 INFO    round  19  VAL mean WT=0.8317
2026-08-13 11:47:42,504 INFO    round  20       H1  train_loss=0.2275  lr=1.48e-04
2026-08-13 11:49:48,999 INFO    round  20       H2  train_loss=0.2279  lr=1.48e-04
2026-08-13 11:51:50,946 INFO    round  20       H3  train_loss=0.2359  lr=1.48e-04
2026-08-13 11:53:56,631 INFO    round  20       H4  train_loss=0.2836  lr=1.48e-04
2026-08-13 11:54:25,966 INFO    round  20  eval  H1  WT=0.8553 TC=0.7698 ET=0.7463
2026-08-13 11:54:54,328 INFO    round  20  eval  H2  WT=0.8614 TC=0.8041 ET=0.7940
2026-08-13 11:55:23,486 INFO    round  20  eval  H3  WT=0.8385 TC=0.7612 ET=0.7424
2026-08-13 11:55:51,420 INFO    round  20  eval  H4  WT=0.8219 TC=0.6956 ET=0.7061
2026-08-13 11:56:27,111 INFO    round  20  VAL mean WT=0.8360
2026-08-13 11:58:33,381 INFO    round  21       H1  train_loss=0.2276  lr=1.14e-04
2026-08-13 12:00:38,757 INFO    round  21       H2  train_loss=0.2236  lr=1.14e-04
2026-08-13 12:02:42,956 INFO    round  21       H3  train_loss=0.2333  lr=1.14e-04
2026-08-13 12:04:47,035 INFO    round  21       H4  train_loss=0.2890  lr=1.14e-04
2026-08-13 12:05:16,296 INFO    round  21  eval  H1  WT=0.8562 TC=0.7324 ET=0.7227
2026-08-13 12:05:44,834 INFO    round  21  eval  H2  WT=0.8605 TC=0.8058 ET=0.7763
2026-08-13 12:06:13,901 INFO    round  21  eval  H3  WT=0.8346 TC=0.7478 ET=0.7260
2026-08-13 12:06:41,677 INFO    round  21  eval  H4  WT=0.8269 TC=0.7188 ET=0.7275
2026-08-13 12:07:17,614 INFO    round  21  VAL mean WT=0.8332
2026-08-13 12:09:18,731 INFO    round  22       H1  train_loss=0.2357  lr=8.62e-05
2026-08-13 12:11:24,935 INFO    round  22       H2  train_loss=0.2301  lr=8.62e-05
2026-08-13 12:13:29,737 INFO    round  22       H3  train_loss=0.2310  lr=8.62e-05
2026-08-13 12:15:31,071 INFO    round  22       H4  train_loss=0.2703  lr=8.62e-05
2026-08-13 12:16:00,181 INFO    round  22  eval  H1  WT=0.8566 TC=0.7713 ET=0.7385
2026-08-13 12:16:28,491 INFO    round  22  eval  H2  WT=0.8583 TC=0.7990 ET=0.7883
2026-08-13 12:16:57,668 INFO    round  22  eval  H3  WT=0.8428 TC=0.7573 ET=0.7345
2026-08-13 12:17:25,685 INFO    round  22  eval  H4  WT=0.8330 TC=0.7163 ET=0.7231
2026-08-13 12:18:01,600 INFO    round  22  VAL mean WT=0.8348
2026-08-13 12:20:07,883 INFO    round  23       H1  train_loss=0.2286  lr=6.62e-05
2026-08-13 12:22:13,119 INFO    round  23       H2  train_loss=0.2280  lr=6.62e-05
2026-08-13 12:24:17,677 INFO    round  23       H3  train_loss=0.2433  lr=6.62e-05
2026-08-13 12:26:24,496 INFO    round  23       H4  train_loss=0.2709  lr=6.62e-05
2026-08-13 12:26:53,199 INFO    round  23  eval  H1  WT=0.8654 TC=0.7804 ET=0.7462
2026-08-13 12:27:21,236 INFO    round  23  eval  H2  WT=0.8588 TC=0.8029 ET=0.7757
2026-08-13 12:27:50,190 INFO    round  23  eval  H3  WT=0.8443 TC=0.7660 ET=0.7413
2026-08-13 12:28:17,676 INFO    round  23  eval  H4  WT=0.8385 TC=0.7330 ET=0.7451
2026-08-13 12:28:53,216 INFO    round  23  VAL mean WT=0.8425  <- best so far
2026-08-13 12:30:56,364 INFO    round  24       H1  train_loss=0.2171  lr=5.41e-05
2026-08-13 12:32:59,527 INFO    round  24       H2  train_loss=0.2161  lr=5.41e-05
2026-08-13 12:35:03,175 INFO    round  24       H3  train_loss=0.2273  lr=5.41e-05
2026-08-13 12:37:04,412 INFO    round  24       H4  train_loss=0.2708  lr=5.41e-05
2026-08-13 12:37:33,209 INFO    round  24  eval  H1  WT=0.8600 TC=0.7835 ET=0.7593
2026-08-13 12:38:03,398 INFO    round  24  eval  H2  WT=0.8603 TC=0.8011 ET=0.7714
2026-08-13 12:38:33,414 INFO    round  24  eval  H3  WT=0.8508 TC=0.7987 ET=0.7635
2026-08-13 12:39:02,075 INFO    round  24  eval  H4  WT=0.8320 TC=0.7183 ET=0.7284
2026-08-13 12:39:39,610 INFO    round  24  VAL mean WT=0.8385
2026-08-13 12:41:43,417 INFO    round  25       H1  train_loss=0.2150  lr=5.00e-05
2026-08-13 12:43:47,443 INFO    round  25       H2  train_loss=0.2059  lr=5.00e-05
2026-08-13 12:45:51,669 INFO    round  25       H3  train_loss=0.2290  lr=5.00e-05
2026-08-13 12:47:55,261 INFO    round  25       H4  train_loss=0.2720  lr=5.00e-05
2026-08-13 12:48:23,978 INFO    round  25  eval  H1  WT=0.8636 TC=0.7913 ET=0.7517
2026-08-13 12:48:52,020 INFO    round  25  eval  H2  WT=0.8575 TC=0.8041 ET=0.7775
2026-08-13 12:49:21,002 INFO    round  25  eval  H3  WT=0.8465 TC=0.7763 ET=0.7519
2026-08-13 12:49:48,795 INFO    round  25  eval  H4  WT=0.8315 TC=0.7248 ET=0.7317
2026-08-13 12:50:24,163 INFO    round  25  VAL mean WT=0.8400
2026-08-13 12:50:24,170 INFO    selected round 23 by validation WT=0.8425 (of 25 rounds)
2026-08-13 12:50:24,171 INFO    final evaluation at round 23 (tta=True)
2026-08-13 12:51:22,689 INFO      final H1  WT=0.8687 TC=0.7826 ET=0.7486
2026-08-13 12:52:20,143 INFO      final H2  WT=0.8610 TC=0.8053 ET=0.7783
2026-08-13 12:53:20,027 INFO      final H3  WT=0.8458 TC=0.7669 ET=0.7434
2026-08-13 12:54:16,057 INFO      final H4  WT=0.8416 TC=0.7365 ET=0.7477
2026-08-13 12:54:16,059 INFO    final cross-hospital matrix (local-only)
2026-08-13 12:55:13,789 INFO      cross H1 -> H2  WT=0.8688
2026-08-13 12:56:13,877 INFO      cross H1 -> H3  WT=0.8409
2026-08-13 12:57:10,267 INFO      cross H1 -> H4  WT=0.7822
2026-08-13 12:58:09,948 INFO      cross H2 -> H1  WT=0.8561
2026-08-13 12:59:10,445 INFO      cross H2 -> H3  WT=0.8486
2026-08-13 13:00:08,417 INFO      cross H2 -> H4  WT=0.8037
2026-08-13 13:01:08,665 INFO      cross H3 -> H1  WT=0.8472
2026-08-13 13:02:09,690 INFO      cross H3 -> H2  WT=0.8636
2026-08-13 13:03:09,230 INFO      cross H3 -> H4  WT=0.8139
2026-08-13 13:04:14,414 INFO      cross H4 -> H1  WT=0.8457
2026-08-13 13:05:14,062 INFO      cross H4 -> H2  WT=0.8320
2026-08-13 13:06:14,983 INFO      cross H4 -> H3  WT=0.8481
2026-08-13 13:06:15,110 INFO    done -> D:\capstone\artifacts\runs\v3\local_3d_42
