2026-08-13 13:06:49,966 INFO    run_id=fedavg_3d_42 method=fedavg dim=3d device=cuda
2026-08-13 13:06:49,968 INFO    tag=v3 -> D:\capstone\artifacts\runs\v3\fedavg_3d_42
2026-08-13 13:06:49,968 INFO    R=25 E=1 -> 25 total local epochs/hospital
2026-08-13 13:06:49,969 INFO    lr=0.001 schedule=cosine augment=True tta=True postproc_min_voxels=50 select_by=best_val
2026-08-13 13:06:49,969 INFO      H1: 230 train / 20 val / 62 test cases
2026-08-13 13:06:49,969 INFO      H2: 230 train / 20 val / 62 test cases
2026-08-13 13:06:49,970 INFO      H3: 230 train / 20 val / 62 test cases
2026-08-13 13:06:49,970 INFO      H4: 230 train / 20 val / 62 test cases
2026-08-13 13:09:01,430 INFO    round   1       H1  train_loss=0.6736  lr=1.00e-03
2026-08-13 13:11:10,334 INFO    round   1       H2  train_loss=0.6598  lr=1.00e-03
2026-08-13 13:13:20,634 INFO    round   1       H3  train_loss=0.6878  lr=1.00e-03
2026-08-13 13:15:31,896 INFO    round   1       H4  train_loss=0.7117  lr=1.00e-03
2026-08-13 13:16:01,059 INFO    round   1  eval  H1  WT=0.7353 TC=0.5398 ET=0.5650
2026-08-13 13:16:28,809 INFO    round   1  eval  H2  WT=0.7462 TC=0.6252 ET=0.6407
2026-08-13 13:16:57,984 INFO    round   1  eval  H3  WT=0.7557 TC=0.6428 ET=0.6437
2026-08-13 13:17:29,802 INFO    round   1  eval  H4  WT=0.7029 TC=0.6179 ET=0.5919
2026-08-13 13:18:14,504 INFO    round   1  VAL mean WT=0.7085  <- best so far
2026-08-13 13:20:21,053 INFO    round   2       H1  train_loss=0.4122  lr=9.96e-04
2026-08-13 13:22:28,125 INFO    round   2       H2  train_loss=0.4379  lr=9.96e-04
2026-08-13 13:24:32,966 INFO    round   2       H3  train_loss=0.4148  lr=9.96e-04
2026-08-13 13:26:38,683 INFO    round   2       H4  train_loss=0.4833  lr=9.96e-04
2026-08-13 13:27:08,136 INFO    round   2  eval  H1  WT=0.7920 TC=0.6452 ET=0.6518
2026-08-13 13:27:36,695 INFO    round   2  eval  H2  WT=0.7983 TC=0.6944 ET=0.7000
2026-08-13 13:28:11,216 INFO    round   2  eval  H3  WT=0.7880 TC=0.6931 ET=0.6773
2026-08-13 13:28:44,860 INFO    round   2  eval  H4  WT=0.7292 TC=0.6296 ET=0.6171
2026-08-13 13:29:20,894 INFO    round   2  VAL mean WT=0.7582  <- best so far
2026-08-13 13:31:26,842 INFO    round   3       H1  train_loss=0.3849  lr=9.84e-04
2026-08-13 13:33:33,429 INFO    round   3       H2  train_loss=0.3806  lr=9.84e-04
2026-08-13 13:35:28,192 INFO    round   3       H3  train_loss=0.3836  lr=9.84e-04
2026-08-13 13:37:34,493 INFO    round   3       H4  train_loss=0.4434  lr=9.84e-04
2026-08-13 13:38:05,266 INFO    round   3  eval  H1  WT=0.8100 TC=0.6452 ET=0.6503
2026-08-13 13:38:34,578 INFO    round   3  eval  H2  WT=0.8216 TC=0.6995 ET=0.7272
2026-08-13 13:39:04,767 INFO    round   3  eval  H3  WT=0.8104 TC=0.7080 ET=0.6924
2026-08-13 13:39:33,928 INFO    round   3  eval  H4  WT=0.7645 TC=0.6521 ET=0.6360
2026-08-13 13:40:11,149 INFO    round   3  VAL mean WT=0.7831  <- best so far
2026-08-13 13:42:14,445 INFO    round   4       H1  train_loss=0.3463  lr=9.64e-04
2026-08-13 13:44:22,662 INFO    round   4       H2  train_loss=0.3696  lr=9.64e-04
2026-08-13 13:46:27,539 INFO    round   4       H3  train_loss=0.3846  lr=9.64e-04
2026-08-13 13:48:33,640 INFO    round   4       H4  train_loss=0.4284  lr=9.64e-04
2026-08-13 13:49:02,901 INFO    round   4  eval  H1  WT=0.8243 TC=0.6668 ET=0.6770
2026-08-13 13:49:31,043 INFO    round   4  eval  H2  WT=0.8267 TC=0.7154 ET=0.7259
2026-08-13 13:50:00,147 INFO    round   4  eval  H3  WT=0.8147 TC=0.7081 ET=0.6976
2026-08-13 13:50:27,945 INFO    round   4  eval  H4  WT=0.7693 TC=0.6544 ET=0.6409
2026-08-13 13:51:04,054 INFO    round   4  VAL mean WT=0.7876  <- best so far
2026-08-13 13:53:10,712 INFO    round   5       H1  train_loss=0.3494  lr=9.36e-04
2026-08-13 13:55:16,349 INFO    round   5       H2  train_loss=0.3462  lr=9.36e-04
2026-08-13 13:57:22,796 INFO    round   5       H3  train_loss=0.3535  lr=9.36e-04
2026-08-13 13:59:27,872 INFO    round   5       H4  train_loss=0.4249  lr=9.36e-04
2026-08-13 13:59:57,721 INFO    round   5  eval  H1  WT=0.8111 TC=0.6551 ET=0.6566
2026-08-13 14:00:25,945 INFO    round   5  eval  H2  WT=0.8264 TC=0.7324 ET=0.7392
2026-08-13 14:00:55,238 INFO    round   5  eval  H3  WT=0.8245 TC=0.7236 ET=0.7118
2026-08-13 14:01:23,292 INFO    round   5  eval  H4  WT=0.7969 TC=0.6753 ET=0.6729
2026-08-13 14:01:59,223 INFO    round   5  VAL mean WT=0.7901  <- best so far
2026-08-13 14:04:05,247 INFO    round   6       H1  train_loss=0.3259  lr=9.02e-04
2026-08-13 14:06:12,129 INFO    round   6       H2  train_loss=0.3411  lr=9.02e-04
2026-08-13 14:08:14,222 INFO    round   6       H3  train_loss=0.3456  lr=9.02e-04
2026-08-13 14:10:21,448 INFO    round   6       H4  train_loss=0.4075  lr=9.02e-04
2026-08-13 14:10:50,452 INFO    round   6  eval  H1  WT=0.8216 TC=0.6647 ET=0.6765
2026-08-13 14:11:18,421 INFO    round   6  eval  H2  WT=0.8371 TC=0.7192 ET=0.7288
2026-08-13 14:11:47,189 INFO    round   6  eval  H3  WT=0.8322 TC=0.7228 ET=0.7183
2026-08-13 14:12:14,580 INFO    round   6  eval  H4  WT=0.7938 TC=0.6667 ET=0.6689
2026-08-13 14:12:50,485 INFO    round   6  VAL mean WT=0.7951  <- best so far
2026-08-13 14:14:56,583 INFO    round   7       H1  train_loss=0.3200  lr=8.61e-04
2026-08-13 14:17:01,238 INFO    round   7       H2  train_loss=0.3204  lr=8.61e-04
2026-08-13 14:19:06,449 INFO    round   7       H3  train_loss=0.3336  lr=8.61e-04
2026-08-13 14:21:09,177 INFO    round   7       H4  train_loss=0.3872  lr=8.61e-04
2026-08-13 14:21:37,893 INFO    round   7  eval  H1  WT=0.8392 TC=0.6782 ET=0.6745
2026-08-13 14:22:05,627 INFO    round   7  eval  H2  WT=0.8461 TC=0.7507 ET=0.7509
2026-08-13 14:22:33,878 INFO    round   7  eval  H3  WT=0.8333 TC=0.7431 ET=0.7192
2026-08-13 14:23:00,620 INFO    round   7  eval  H4  WT=0.7973 TC=0.6923 ET=0.6830
2026-08-13 14:23:35,255 INFO    round   7  VAL mean WT=0.8056  <- best so far
2026-08-13 14:25:36,624 INFO    round   8       H1  train_loss=0.3262  lr=8.14e-04
2026-08-13 14:27:41,842 INFO    round   8       H2  train_loss=0.3165  lr=8.14e-04
2026-08-13 14:29:44,640 INFO    round   8       H3  train_loss=0.3251  lr=8.14e-04
2026-08-13 14:31:48,195 INFO    round   8       H4  train_loss=0.3900  lr=8.14e-04
2026-08-13 14:32:16,701 INFO    round   8  eval  H1  WT=0.8259 TC=0.6721 ET=0.6765
2026-08-13 14:32:44,003 INFO    round   8  eval  H2  WT=0.8405 TC=0.7434 ET=0.7507
2026-08-13 14:33:12,586 INFO    round   8  eval  H3  WT=0.8297 TC=0.7294 ET=0.7141
2026-08-13 14:33:39,789 INFO    round   8  eval  H4  WT=0.8048 TC=0.6953 ET=0.6913
2026-08-13 14:34:14,856 INFO    round   8  VAL mean WT=0.8027
2026-08-13 14:36:18,803 INFO    round   9       H1  train_loss=0.3063  lr=7.63e-04
2026-08-13 14:38:23,449 INFO    round   9       H2  train_loss=0.2934  lr=7.63e-04
2026-08-13 14:40:28,863 INFO    round   9       H3  train_loss=0.3174  lr=7.63e-04
2026-08-13 14:42:30,774 INFO    round   9       H4  train_loss=0.3692  lr=7.63e-04
2026-08-13 14:42:59,362 INFO    round   9  eval  H1  WT=0.8425 TC=0.7089 ET=0.6930
2026-08-13 14:43:27,123 INFO    round   9  eval  H2  WT=0.8473 TC=0.7623 ET=0.7577
2026-08-13 14:43:55,652 INFO    round   9  eval  H3  WT=0.8391 TC=0.7545 ET=0.7318
2026-08-13 14:44:23,179 INFO    round   9  eval  H4  WT=0.8086 TC=0.7151 ET=0.7114
2026-08-13 14:44:58,000 INFO    round   9  VAL mean WT=0.8102  <- best so far
2026-08-13 14:47:02,543 INFO    round  10       H1  train_loss=0.2919  lr=7.07e-04
2026-08-13 14:49:06,100 INFO    round  10       H2  train_loss=0.2942  lr=7.07e-04
2026-08-13 14:51:07,968 INFO    round  10       H3  train_loss=0.3042  lr=7.07e-04
2026-08-13 14:53:11,284 INFO    round  10       H4  train_loss=0.3644  lr=7.07e-04
2026-08-13 14:53:39,650 INFO    round  10  eval  H1  WT=0.8498 TC=0.7313 ET=0.7132
2026-08-13 14:54:07,188 INFO    round  10  eval  H2  WT=0.8529 TC=0.7597 ET=0.7715
2026-08-13 14:54:35,615 INFO    round  10  eval  H3  WT=0.8385 TC=0.7669 ET=0.7409
2026-08-13 14:55:02,602 INFO    round  10  eval  H4  WT=0.8047 TC=0.7140 ET=0.7079
2026-08-13 14:55:37,321 INFO    round  10  VAL mean WT=0.8120  <- best so far
2026-08-13 14:57:39,049 INFO    round  11       H1  train_loss=0.2825  lr=6.48e-04
2026-08-13 14:59:41,819 INFO    round  11       H2  train_loss=0.2861  lr=6.48e-04
2026-08-13 15:01:44,032 INFO    round  11       H3  train_loss=0.2972  lr=6.48e-04
2026-08-13 15:03:44,689 INFO    round  11       H4  train_loss=0.3595  lr=6.48e-04
2026-08-13 15:04:13,083 INFO    round  11  eval  H1  WT=0.8444 TC=0.7414 ET=0.7202
2026-08-13 15:04:41,254 INFO    round  11  eval  H2  WT=0.8509 TC=0.7828 ET=0.7753
2026-08-13 15:05:09,512 INFO    round  11  eval  H3  WT=0.8406 TC=0.7673 ET=0.7412
2026-08-13 15:05:36,525 INFO    round  11  eval  H4  WT=0.8120 TC=0.7172 ET=0.7013
2026-08-13 15:06:11,351 INFO    round  11  VAL mean WT=0.8113
2026-08-13 15:08:15,740 INFO    round  12       H1  train_loss=0.2902  lr=5.87e-04
2026-08-13 15:10:20,401 INFO    round  12       H2  train_loss=0.2684  lr=5.87e-04
2026-08-13 15:12:21,015 INFO    round  12       H3  train_loss=0.2799  lr=5.87e-04
2026-08-13 15:14:24,452 INFO    round  12       H4  train_loss=0.3330  lr=5.87e-04
2026-08-13 15:14:53,136 INFO    round  12  eval  H1  WT=0.8548 TC=0.7285 ET=0.7082
2026-08-13 15:15:20,846 INFO    round  12  eval  H2  WT=0.8541 TC=0.7828 ET=0.7728
2026-08-13 15:15:49,418 INFO    round  12  eval  H3  WT=0.8445 TC=0.7705 ET=0.7395
2026-08-13 15:16:16,549 INFO    round  12  eval  H4  WT=0.8161 TC=0.7383 ET=0.7193
2026-08-13 15:16:51,243 INFO    round  12  VAL mean WT=0.8150  <- best so far
2026-08-13 15:18:54,841 INFO    round  13       H1  train_loss=0.2543  lr=5.25e-04
2026-08-13 15:20:58,329 INFO    round  13       H2  train_loss=0.2795  lr=5.25e-04
2026-08-13 15:23:01,878 INFO    round  13       H3  train_loss=0.2741  lr=5.25e-04
2026-08-13 15:25:05,501 INFO    round  13       H4  train_loss=0.3322  lr=5.25e-04
2026-08-13 15:25:34,453 INFO    round  13  eval  H1  WT=0.8613 TC=0.7625 ET=0.7275
2026-08-13 15:26:02,010 INFO    round  13  eval  H2  WT=0.8599 TC=0.7980 ET=0.7813
2026-08-13 15:26:30,664 INFO    round  13  eval  H3  WT=0.8494 TC=0.7895 ET=0.7537
2026-08-13 15:26:57,916 INFO    round  13  eval  H4  WT=0.8154 TC=0.7461 ET=0.7244
2026-08-13 15:27:32,760 INFO    round  13  VAL mean WT=0.8173  <- best so far
2026-08-13 15:29:33,385 INFO    round  14       H1  train_loss=0.2604  lr=4.63e-04
2026-08-13 15:31:36,689 INFO    round  14       H2  train_loss=0.2603  lr=4.63e-04
2026-08-13 15:33:39,783 INFO    round  14       H3  train_loss=0.2602  lr=4.63e-04
2026-08-13 15:35:41,884 INFO    round  14       H4  train_loss=0.3222  lr=4.63e-04
2026-08-13 15:36:10,738 INFO    round  14  eval  H1  WT=0.8569 TC=0.7530 ET=0.7091
2026-08-13 15:36:38,487 INFO    round  14  eval  H2  WT=0.8595 TC=0.7913 ET=0.7833
2026-08-13 15:37:07,128 INFO    round  14  eval  H3  WT=0.8468 TC=0.7796 ET=0.7427
2026-08-13 15:37:34,320 INFO    round  14  eval  H4  WT=0.8211 TC=0.7486 ET=0.7263
2026-08-13 15:38:09,609 INFO    round  14  VAL mean WT=0.8218  <- best so far
2026-08-13 15:40:11,756 INFO    round  15       H1  train_loss=0.2550  lr=4.02e-04
2026-08-13 15:42:15,335 INFO    round  15       H2  train_loss=0.2463  lr=4.02e-04
2026-08-13 15:44:10,764 INFO    round  15       H3  train_loss=0.2599  lr=4.02e-04
2026-08-13 15:46:14,136 INFO    round  15       H4  train_loss=0.3262  lr=4.02e-04
2026-08-13 15:46:42,725 INFO    round  15  eval  H1  WT=0.8326 TC=0.7169 ET=0.6777
2026-08-13 15:47:09,948 INFO    round  15  eval  H2  WT=0.8438 TC=0.7809 ET=0.7689
2026-08-13 15:47:38,359 INFO    round  15  eval  H3  WT=0.8353 TC=0.7720 ET=0.7335
2026-08-13 15:48:05,490 INFO    round  15  eval  H4  WT=0.8218 TC=0.7491 ET=0.7222
2026-08-13 15:48:40,307 INFO    round  15  VAL mean WT=0.8096
2026-08-13 15:50:44,729 INFO    round  16       H1  train_loss=0.2466  lr=3.43e-04
2026-08-13 15:52:47,225 INFO    round  16       H2  train_loss=0.2530  lr=3.43e-04
2026-08-13 15:54:50,692 INFO    round  16       H3  train_loss=0.2486  lr=3.43e-04
2026-08-13 15:56:54,731 INFO    round  16       H4  train_loss=0.3141  lr=3.43e-04
2026-08-13 15:57:23,545 INFO    round  16  eval  H1  WT=0.8464 TC=0.7485 ET=0.7056
2026-08-13 15:57:51,366 INFO    round  16  eval  H2  WT=0.8566 TC=0.7964 ET=0.7662
2026-08-13 15:58:19,965 INFO    round  16  eval  H3  WT=0.8453 TC=0.7822 ET=0.7442
2026-08-13 15:58:46,916 INFO    round  16  eval  H4  WT=0.8238 TC=0.7598 ET=0.7272
2026-08-13 15:59:21,700 INFO    round  16  VAL mean WT=0.8149
2026-08-13 16:01:09,974 INFO    round  17       H1  train_loss=0.2614  lr=2.88e-04
2026-08-13 16:03:13,830 INFO    round  17       H2  train_loss=0.2350  lr=2.88e-04
2026-08-13 16:05:17,092 INFO    round  17       H3  train_loss=0.2492  lr=2.88e-04
2026-08-13 16:07:17,913 INFO    round  17       H4  train_loss=0.3025  lr=2.88e-04
2026-08-13 16:07:46,713 INFO    round  17  eval  H1  WT=0.8554 TC=0.7437 ET=0.7088
2026-08-13 16:08:14,410 INFO    round  17  eval  H2  WT=0.8626 TC=0.7990 ET=0.7665
2026-08-13 16:08:42,841 INFO    round  17  eval  H3  WT=0.8491 TC=0.7901 ET=0.7534
2026-08-13 16:09:09,954 INFO    round  17  eval  H4  WT=0.8210 TC=0.7568 ET=0.7263
2026-08-13 16:09:44,687 INFO    round  17  VAL mean WT=0.8222  <- best so far
2026-08-13 16:11:47,422 INFO    round  18       H1  train_loss=0.2481  lr=2.36e-04
2026-08-13 16:13:50,911 INFO    round  18       H2  train_loss=0.2404  lr=2.36e-04
2026-08-13 16:15:52,336 INFO    round  18       H3  train_loss=0.2352  lr=2.36e-04
2026-08-13 16:17:55,295 INFO    round  18       H4  train_loss=0.2984  lr=2.36e-04
2026-08-13 16:18:23,868 INFO    round  18  eval  H1  WT=0.8725 TC=0.7859 ET=0.7423
2026-08-13 16:18:51,432 INFO    round  18  eval  H2  WT=0.8680 TC=0.8142 ET=0.8012
2026-08-13 16:19:19,928 INFO    round  18  eval  H3  WT=0.8557 TC=0.8076 ET=0.7710
2026-08-13 16:19:46,957 INFO    round  18  eval  H4  WT=0.8221 TC=0.7625 ET=0.7313
2026-08-13 16:20:21,796 INFO    round  18  VAL mean WT=0.8286  <- best so far
2026-08-13 16:22:26,529 INFO    round  19       H1  train_loss=0.2297  lr=1.89e-04
2026-08-13 16:24:26,698 INFO    round  19       H2  train_loss=0.2348  lr=1.89e-04
2026-08-13 16:26:28,993 INFO    round  19       H3  train_loss=0.2394  lr=1.89e-04
2026-08-13 16:28:32,011 INFO    round  19       H4  train_loss=0.2818  lr=1.89e-04
2026-08-13 16:29:00,733 INFO    round  19  eval  H1  WT=0.8551 TC=0.7534 ET=0.7083
2026-08-13 16:29:28,152 INFO    round  19  eval  H2  WT=0.8621 TC=0.7992 ET=0.7848
2026-08-13 16:29:56,718 INFO    round  19  eval  H3  WT=0.8530 TC=0.7979 ET=0.7599
2026-08-13 16:30:23,735 INFO    round  19  eval  H4  WT=0.8298 TC=0.7646 ET=0.7280
2026-08-13 16:30:58,519 INFO    round  19  VAL mean WT=0.8264
2026-08-13 16:32:52,765 INFO    round  20       H1  train_loss=0.2219  lr=1.48e-04
2026-08-13 16:34:56,346 INFO    round  20       H2  train_loss=0.2294  lr=1.48e-04
2026-08-13 16:37:00,394 INFO    round  20       H3  train_loss=0.2309  lr=1.48e-04
2026-08-13 16:38:55,182 INFO    round  20       H4  train_loss=0.2868  lr=1.48e-04
2026-08-13 16:39:23,567 INFO    round  20  eval  H1  WT=0.8557 TC=0.7710 ET=0.7221
2026-08-13 16:39:50,963 INFO    round  20  eval  H2  WT=0.8654 TC=0.8135 ET=0.7938
2026-08-13 16:40:19,601 INFO    round  20  eval  H3  WT=0.8546 TC=0.8070 ET=0.7652
2026-08-13 16:40:46,576 INFO    round  20  eval  H4  WT=0.8285 TC=0.7669 ET=0.7281
2026-08-13 16:41:21,266 INFO    round  20  VAL mean WT=0.8237
2026-08-13 16:43:25,602 INFO    round  21       H1  train_loss=0.2258  lr=1.14e-04
2026-08-13 16:45:28,222 INFO    round  21       H2  train_loss=0.2214  lr=1.14e-04
2026-08-13 16:47:31,552 INFO    round  21       H3  train_loss=0.2288  lr=1.14e-04
2026-08-13 16:49:34,664 INFO    round  21       H4  train_loss=0.2898  lr=1.14e-04
2026-08-13 16:50:03,129 INFO    round  21  eval  H1  WT=0.8614 TC=0.7553 ET=0.7167
2026-08-13 16:50:30,745 INFO    round  21  eval  H2  WT=0.8654 TC=0.8034 ET=0.7811
2026-08-13 16:50:59,354 INFO    round  21  eval  H3  WT=0.8557 TC=0.8037 ET=0.7635
2026-08-13 16:51:26,551 INFO    round  21  eval  H4  WT=0.8251 TC=0.7719 ET=0.7346
2026-08-13 16:52:01,442 INFO    round  21  VAL mean WT=0.8241
2026-08-13 16:54:02,662 INFO    round  22       H1  train_loss=0.2326  lr=8.62e-05
2026-08-13 16:56:06,497 INFO    round  22       H2  train_loss=0.2271  lr=8.62e-05
2026-08-13 16:58:09,697 INFO    round  22       H3  train_loss=0.2291  lr=8.62e-05
2026-08-13 17:00:09,871 INFO    round  22       H4  train_loss=0.2770  lr=8.62e-05
2026-08-13 17:00:38,668 INFO    round  22  eval  H1  WT=0.8621 TC=0.7699 ET=0.7229
2026-08-13 17:01:06,411 INFO    round  22  eval  H2  WT=0.8663 TC=0.8117 ET=0.7908
2026-08-13 17:01:34,964 INFO    round  22  eval  H3  WT=0.8565 TC=0.8092 ET=0.7692
2026-08-13 17:02:02,003 INFO    round  22  eval  H4  WT=0.8272 TC=0.7721 ET=0.7331
2026-08-13 17:02:36,554 INFO    round  22  VAL mean WT=0.8244
2026-08-13 17:04:40,115 INFO    round  23       H1  train_loss=0.2240  lr=6.62e-05
2026-08-13 17:06:43,980 INFO    round  23       H2  train_loss=0.2286  lr=6.62e-05
2026-08-13 17:08:47,738 INFO    round  23       H3  train_loss=0.2416  lr=6.62e-05
2026-08-13 17:10:52,005 INFO    round  23       H4  train_loss=0.2769  lr=6.62e-05
2026-08-13 17:11:20,619 INFO    round  23  eval  H1  WT=0.8677 TC=0.7954 ET=0.7541
2026-08-13 17:11:48,129 INFO    round  23  eval  H2  WT=0.8691 TC=0.8243 ET=0.8056
2026-08-13 17:12:16,503 INFO    round  23  eval  H3  WT=0.8626 TC=0.8259 ET=0.7875
2026-08-13 17:12:43,469 INFO    round  23  eval  H4  WT=0.8297 TC=0.7726 ET=0.7331
2026-08-13 17:13:18,194 INFO    round  23  VAL mean WT=0.8271
2026-08-13 17:15:20,399 INFO    round  24       H1  train_loss=0.2169  lr=5.41e-05
2026-08-13 17:17:25,038 INFO    round  24       H2  train_loss=0.2161  lr=5.41e-05
2026-08-13 17:19:28,658 INFO    round  24       H3  train_loss=0.2252  lr=5.41e-05
2026-08-13 17:21:30,812 INFO    round  24       H4  train_loss=0.2784  lr=5.41e-05
2026-08-13 17:21:59,598 INFO    round  24  eval  H1  WT=0.8654 TC=0.7919 ET=0.7454
2026-08-13 17:22:27,355 INFO    round  24  eval  H2  WT=0.8686 TC=0.8234 ET=0.8051
2026-08-13 17:22:56,174 INFO    round  24  eval  H3  WT=0.8618 TC=0.8232 ET=0.7843
2026-08-13 17:23:23,247 INFO    round  24  eval  H4  WT=0.8302 TC=0.7716 ET=0.7326
2026-08-13 17:23:57,997 INFO    round  24  VAL mean WT=0.8264
2026-08-13 17:26:01,366 INFO    round  25       H1  train_loss=0.2110  lr=5.00e-05
2026-08-13 17:28:02,273 INFO    round  25       H2  train_loss=0.2062  lr=5.00e-05
2026-08-13 17:30:11,422 INFO    round  25       H3  train_loss=0.2228  lr=5.00e-05
2026-08-13 17:32:28,141 INFO    round  25       H4  train_loss=0.2820  lr=5.00e-05
2026-08-13 17:33:02,403 INFO    round  25  eval  H1  WT=0.8698 TC=0.7908 ET=0.7434
2026-08-13 17:33:35,131 INFO    round  25  eval  H2  WT=0.8734 TC=0.8294 ET=0.8070
2026-08-13 17:34:09,570 INFO    round  25  eval  H3  WT=0.8625 TC=0.8291 ET=0.7865
2026-08-13 17:34:41,762 INFO    round  25  eval  H4  WT=0.8288 TC=0.7731 ET=0.7327
2026-08-13 17:35:24,524 INFO    round  25  VAL mean WT=0.8288  <- best so far
2026-08-13 17:35:24,664 INFO    selected round 25 by validation WT=0.8288 (of 25 rounds)
2026-08-13 17:35:24,666 INFO    final evaluation at round 25 (tta=True)
2026-08-13 17:36:29,985 INFO      final H1  WT=0.8727 TC=0.7921 ET=0.7508
2026-08-13 17:37:28,088 INFO      final H2  WT=0.8763 TC=0.8320 ET=0.8104
2026-08-13 17:38:29,362 INFO      final H3  WT=0.8653 TC=0.8298 ET=0.7857
2026-08-13 17:39:26,677 INFO      final H4  WT=0.8307 TC=0.7742 ET=0.7340
2026-08-13 17:39:26,764 INFO    done -> D:\capstone\artifacts\runs\v3\fedavg_3d_42
