2026-07-09 18:48:39,204 INFO    run_id=local_2d_123 method=local dim=2d device=cuda
2026-07-09 18:48:39,204 INFO    R=25 E=1 -> 25 total local epochs/hospital
2026-07-09 18:48:39,204 INFO      H1: 150 train / 62 test cases
2026-07-09 18:48:39,204 INFO      H2: 150 train / 62 test cases
2026-07-09 18:48:39,204 INFO      H3: 150 train / 62 test cases
2026-07-09 18:48:39,204 INFO      H4: 150 train / 62 test cases
2026-07-09 18:49:05,851 INFO    round   1       H1  train_loss=1.4820
2026-07-09 18:49:31,382 INFO    round   1       H2  train_loss=1.4888
2026-07-09 18:49:57,748 INFO    round   1       H3  train_loss=1.4879
2026-07-09 18:50:24,429 INFO    round   1       H4  train_loss=1.4838
2026-07-09 18:50:54,540 INFO    round   1  eval      H1 -> H1  WT=0.3682 TC=0.0995 ET=0.0766
2026-07-09 18:51:23,404 INFO    round   1  eval      H2 -> H2  WT=0.6572 TC=0.1496 ET=0.2957
2026-07-09 18:51:54,238 INFO    round   1  eval      H3 -> H3  WT=0.2868 TC=0.0905 ET=0.0837
2026-07-09 18:52:24,325 INFO    round   1  eval      H4 -> H4  WT=0.2966 TC=0.0789 ET=0.0706
2026-07-09 18:52:52,622 INFO    round   2       H1  train_loss=0.9942
2026-07-09 18:53:23,041 INFO    round   2       H2  train_loss=0.9629
2026-07-09 18:53:47,146 INFO    round   2       H3  train_loss=0.9759
2026-07-09 18:54:18,475 INFO    round   2       H4  train_loss=0.9872
2026-07-09 18:54:48,456 INFO    round   2  eval      H1 -> H1  WT=0.7454 TC=0.5160 ET=0.3647
2026-07-09 18:55:18,475 INFO    round   2  eval      H2 -> H2  WT=0.7766 TC=0.5442 ET=0.5467
2026-07-09 18:55:48,525 INFO    round   2  eval      H3 -> H3  WT=0.7763 TC=0.5196 ET=0.4215
2026-07-09 18:56:17,745 INFO    round   2  eval      H4 -> H4  WT=0.6926 TC=0.4252 ET=0.3682
2026-07-09 18:56:47,300 INFO    round   3       H1  train_loss=0.6973
2026-07-09 18:57:11,025 INFO    round   3       H2  train_loss=0.6790
2026-07-09 18:57:42,646 INFO    round   3       H3  train_loss=0.6929
2026-07-09 18:57:52,162 INFO    round   3       H4  train_loss=0.7081
2026-07-09 18:58:21,998 INFO    round   3  eval      H1 -> H1  WT=0.7788 TC=0.6096 ET=0.6369
2026-07-09 18:58:51,178 INFO    round   3  eval      H2 -> H2  WT=0.7758 TC=0.6590 ET=0.7019
2026-07-09 18:59:20,955 INFO    round   3  eval      H3 -> H3  WT=0.7910 TC=0.6967 ET=0.6828
2026-07-09 18:59:50,116 INFO    round   3  eval      H4 -> H4  WT=0.7377 TC=0.6363 ET=0.6337
2026-07-09 19:00:21,695 INFO    round   4       H1  train_loss=0.5837
2026-07-09 19:00:51,592 INFO    round   4       H2  train_loss=0.5694
2026-07-09 19:01:15,652 INFO    round   4       H3  train_loss=0.5861
2026-07-09 19:01:44,493 INFO    round   4       H4  train_loss=0.6144
2026-07-09 19:02:14,178 INFO    round   4  eval      H1 -> H1  WT=0.7661 TC=0.6672 ET=0.6519
2026-07-09 19:02:43,507 INFO    round   4  eval      H2 -> H2  WT=0.7997 TC=0.6863 ET=0.7223
2026-07-09 19:03:13,523 INFO    round   4  eval      H3 -> H3  WT=0.7516 TC=0.6530 ET=0.6678
2026-07-09 19:03:42,509 INFO    round   4  eval      H4 -> H4  WT=0.7465 TC=0.6648 ET=0.6521
2026-07-09 19:04:13,444 INFO    round   5       H1  train_loss=0.5500
2026-07-09 19:04:34,625 INFO    round   5       H2  train_loss=0.5633
2026-07-09 19:05:05,883 INFO    round   5       H3  train_loss=0.5625
2026-07-09 19:05:15,130 INFO    round   5       H4  train_loss=0.5858
2026-07-09 19:05:45,332 INFO    round   5  eval      H1 -> H1  WT=0.8360 TC=0.6786 ET=0.6725
2026-07-09 19:06:14,537 INFO    round   5  eval      H2 -> H2  WT=0.8490 TC=0.7440 ET=0.7528
2026-07-09 19:06:44,861 INFO    round   5  eval      H3 -> H3  WT=0.7663 TC=0.6819 ET=0.7021
2026-07-09 19:07:13,881 INFO    round   5  eval      H4 -> H4  WT=0.7499 TC=0.6503 ET=0.6643
2026-07-09 19:07:38,658 INFO    round   6       H1  train_loss=0.5520
2026-07-09 19:08:09,595 INFO    round   6       H2  train_loss=0.5343
2026-07-09 19:08:36,262 INFO    round   6       H3  train_loss=0.5614
2026-07-09 19:09:04,866 INFO    round   6       H4  train_loss=0.5679
2026-07-09 19:09:34,618 INFO    round   6  eval      H1 -> H1  WT=0.8124 TC=0.6790 ET=0.7092
2026-07-09 19:10:03,995 INFO    round   6  eval      H2 -> H2  WT=0.8297 TC=0.7226 ET=0.7370
2026-07-09 19:10:34,066 INFO    round   6  eval      H3 -> H3  WT=0.8257 TC=0.7042 ET=0.7379
2026-07-09 19:11:03,144 INFO    round   6  eval      H4 -> H4  WT=0.8019 TC=0.7065 ET=0.7048
2026-07-09 19:11:33,354 INFO    round   7       H1  train_loss=0.5403
2026-07-09 19:12:02,196 INFO    round   7       H2  train_loss=0.5212
2026-07-09 19:12:30,494 INFO    round   7       H3  train_loss=0.5560
2026-07-09 19:13:01,515 INFO    round   7       H4  train_loss=0.5550
2026-07-09 19:13:30,969 INFO    round   7  eval      H1 -> H1  WT=0.8399 TC=0.6610 ET=0.7155
2026-07-09 19:14:00,298 INFO    round   7  eval      H2 -> H2  WT=0.8444 TC=0.7520 ET=0.7746
2026-07-09 19:14:30,282 INFO    round   7  eval      H3 -> H3  WT=0.7720 TC=0.6735 ET=0.6820
2026-07-09 19:14:59,040 INFO    round   7  eval      H4 -> H4  WT=0.7856 TC=0.7027 ET=0.7075
2026-07-09 19:15:29,956 INFO    round   8       H1  train_loss=0.5227
2026-07-09 19:15:58,245 INFO    round   8       H2  train_loss=0.5117
2026-07-09 19:16:26,221 INFO    round   8       H3  train_loss=0.5519
2026-07-09 19:16:54,928 INFO    round   8       H4  train_loss=0.5640
2026-07-09 19:17:25,182 INFO    round   8  eval      H1 -> H1  WT=0.8116 TC=0.6876 ET=0.6872
2026-07-09 19:17:55,389 INFO    round   8  eval      H2 -> H2  WT=0.8230 TC=0.7553 ET=0.7603
2026-07-09 19:18:25,279 INFO    round   8  eval      H3 -> H3  WT=0.7772 TC=0.7395 ET=0.7367
2026-07-09 19:18:54,246 INFO    round   8  eval      H4 -> H4  WT=0.7864 TC=0.7105 ET=0.7190
2026-07-09 19:19:24,944 INFO    round   9       H1  train_loss=0.5183
2026-07-09 19:19:48,197 INFO    round   9       H2  train_loss=0.5087
2026-07-09 19:20:17,548 INFO    round   9       H3  train_loss=0.5189
2026-07-09 19:20:42,966 INFO    round   9       H4  train_loss=0.5608
2026-07-09 19:21:12,513 INFO    round   9  eval      H1 -> H1  WT=0.7834 TC=0.7192 ET=0.7116
2026-07-09 19:21:41,507 INFO    round   9  eval      H2 -> H2  WT=0.8494 TC=0.8007 ET=0.7819
2026-07-09 19:22:11,293 INFO    round   9  eval      H3 -> H3  WT=0.8424 TC=0.7501 ET=0.7276
2026-07-09 19:22:39,825 INFO    round   9  eval      H4 -> H4  WT=0.7341 TC=0.6999 ET=0.7241
2026-07-09 19:23:10,058 INFO    round  10       H1  train_loss=0.5059
2026-07-09 19:23:38,415 INFO    round  10       H2  train_loss=0.4717
2026-07-09 19:24:05,484 INFO    round  10       H3  train_loss=0.5239
2026-07-09 19:24:34,017 INFO    round  10       H4  train_loss=0.5444
2026-07-09 19:25:03,657 INFO    round  10  eval      H1 -> H1  WT=0.8219 TC=0.7164 ET=0.7240
2026-07-09 19:25:32,468 INFO    round  10  eval      H2 -> H2  WT=0.8539 TC=0.7962 ET=0.7783
2026-07-09 19:26:02,232 INFO    round  10  eval      H3 -> H3  WT=0.8197 TC=0.7655 ET=0.7552
2026-07-09 19:26:30,964 INFO    round  10  eval      H4 -> H4  WT=0.7252 TC=0.6487 ET=0.6794
2026-07-09 19:27:00,290 INFO    round  11       H1  train_loss=0.5042
2026-07-09 19:27:28,458 INFO    round  11       H2  train_loss=0.5035
2026-07-09 19:27:54,877 INFO    round  11       H3  train_loss=0.5305
2026-07-09 19:28:22,383 INFO    round  11       H4  train_loss=0.5334
2026-07-09 19:28:52,150 INFO    round  11  eval      H1 -> H1  WT=0.8375 TC=0.7498 ET=0.7360
2026-07-09 19:29:21,136 INFO    round  11  eval      H2 -> H2  WT=0.8641 TC=0.7987 ET=0.7952
2026-07-09 19:29:50,893 INFO    round  11  eval      H3 -> H3  WT=0.8542 TC=0.7448 ET=0.7549
2026-07-09 19:30:20,025 INFO    round  11  eval      H4 -> H4  WT=0.7530 TC=0.7122 ET=0.6989
2026-07-09 19:30:50,558 INFO    round  12       H1  train_loss=0.4941
2026-07-09 19:31:12,461 INFO    round  12       H2  train_loss=0.4926
2026-07-09 19:31:40,267 INFO    round  12       H3  train_loss=0.4865
2026-07-09 19:32:08,802 INFO    round  12       H4  train_loss=0.5155
2026-07-09 19:32:38,735 INFO    round  12  eval      H1 -> H1  WT=0.8144 TC=0.7216 ET=0.7091
2026-07-09 19:33:07,806 INFO    round  12  eval      H2 -> H2  WT=0.8432 TC=0.7616 ET=0.7783
2026-07-09 19:33:37,328 INFO    round  12  eval      H3 -> H3  WT=0.8039 TC=0.7409 ET=0.7388
2026-07-09 19:34:06,147 INFO    round  12  eval      H4 -> H4  WT=0.8033 TC=0.7294 ET=0.7281
2026-07-09 19:34:36,609 INFO    round  13       H1  train_loss=0.5164
2026-07-09 19:35:05,276 INFO    round  13       H2  train_loss=0.4986
2026-07-09 19:35:32,305 INFO    round  13       H3  train_loss=0.5228
2026-07-09 19:36:02,286 INFO    round  13       H4  train_loss=0.5062
2026-07-09 19:36:31,460 INFO    round  13  eval      H1 -> H1  WT=0.8465 TC=0.7224 ET=0.7291
2026-07-09 19:37:00,336 INFO    round  13  eval      H2 -> H2  WT=0.8632 TC=0.7938 ET=0.7927
2026-07-09 19:37:29,885 INFO    round  13  eval      H3 -> H3  WT=0.8070 TC=0.7266 ET=0.7323
2026-07-09 19:37:58,731 INFO    round  13  eval      H4 -> H4  WT=0.7773 TC=0.7381 ET=0.7068
2026-07-09 19:38:28,219 INFO    round  14       H1  train_loss=0.4934
2026-07-09 19:38:51,952 INFO    round  14       H2  train_loss=0.5033
2026-07-09 19:39:20,780 INFO    round  14       H3  train_loss=0.5220
2026-07-09 19:39:39,392 INFO    round  14       H4  train_loss=0.5383
2026-07-09 19:40:09,024 INFO    round  14  eval      H1 -> H1  WT=0.8504 TC=0.7707 ET=0.7522
2026-07-09 19:40:37,992 INFO    round  14  eval      H2 -> H2  WT=0.8471 TC=0.8001 ET=0.7876
2026-07-09 19:41:07,496 INFO    round  14  eval      H3 -> H3  WT=0.8420 TC=0.7774 ET=0.7635
2026-07-09 19:41:36,135 INFO    round  14  eval      H4 -> H4  WT=0.8373 TC=0.7816 ET=0.7519
2026-07-09 19:42:07,434 INFO    round  15       H1  train_loss=0.4944
2026-07-09 19:42:36,180 INFO    round  15       H2  train_loss=0.5046
2026-07-09 19:43:00,003 INFO    round  15       H3  train_loss=0.4972
2026-07-09 19:43:28,576 INFO    round  15       H4  train_loss=0.5166
2026-07-09 19:43:58,462 INFO    round  15  eval      H1 -> H1  WT=0.8276 TC=0.7639 ET=0.7435
2026-07-09 19:44:28,036 INFO    round  15  eval      H2 -> H2  WT=0.8753 TC=0.8246 ET=0.8054
2026-07-09 19:44:57,847 INFO    round  15  eval      H3 -> H3  WT=0.7543 TC=0.7906 ET=0.7469
2026-07-09 19:45:26,359 INFO    round  15  eval      H4 -> H4  WT=0.8257 TC=0.7568 ET=0.7390
2026-07-09 19:45:50,141 INFO    round  16       H1  train_loss=0.4823
2026-07-09 19:46:02,468 INFO    round  16       H2  train_loss=0.5099
2026-07-09 19:46:32,460 INFO    round  16       H3  train_loss=0.4830
2026-07-09 19:46:52,340 INFO    round  16       H4  train_loss=0.5061
2026-07-09 19:47:22,460 INFO    round  16  eval      H1 -> H1  WT=0.8229 TC=0.7588 ET=0.7287
2026-07-09 19:47:51,756 INFO    round  16  eval      H2 -> H2  WT=0.8636 TC=0.8199 ET=0.8021
2026-07-09 19:48:21,551 INFO    round  16  eval      H3 -> H3  WT=0.8484 TC=0.8032 ET=0.7647
2026-07-09 19:48:50,326 INFO    round  16  eval      H4 -> H4  WT=0.8447 TC=0.7875 ET=0.7587
2026-07-09 19:49:17,041 INFO    round  17       H1  train_loss=0.4823
2026-07-09 19:49:45,705 INFO    round  17       H2  train_loss=0.4844
2026-07-09 19:50:06,572 INFO    round  17       H3  train_loss=0.4875
2026-07-09 19:50:38,045 INFO    round  17       H4  train_loss=0.5034
2026-07-09 19:51:08,080 INFO    round  17  eval      H1 -> H1  WT=0.8176 TC=0.7559 ET=0.7197
2026-07-09 19:51:37,617 INFO    round  17  eval      H2 -> H2  WT=0.8582 TC=0.7314 ET=0.7594
2026-07-09 19:52:07,828 INFO    round  17  eval      H3 -> H3  WT=0.8513 TC=0.8008 ET=0.7786
2026-07-09 19:52:36,951 INFO    round  17  eval      H4 -> H4  WT=0.8068 TC=0.7852 ET=0.7446
2026-07-09 19:52:58,896 INFO    round  18       H1  train_loss=0.4667
2026-07-09 19:53:24,338 INFO    round  18       H2  train_loss=0.4754
2026-07-09 19:53:54,044 INFO    round  18       H3  train_loss=0.5057
2026-07-09 19:54:16,354 INFO    round  18       H4  train_loss=0.4932
2026-07-09 19:54:46,414 INFO    round  18  eval      H1 -> H1  WT=0.8408 TC=0.7718 ET=0.7334
2026-07-09 19:55:15,648 INFO    round  18  eval      H2 -> H2  WT=0.8696 TC=0.7941 ET=0.7892
2026-07-09 19:55:45,549 INFO    round  18  eval      H3 -> H3  WT=0.8472 TC=0.7978 ET=0.7689
2026-07-09 19:56:14,203 INFO    round  18  eval      H4 -> H4  WT=0.8332 TC=0.7917 ET=0.7544
2026-07-09 19:56:37,020 INFO    round  19       H1  train_loss=0.4980
2026-07-09 19:57:06,757 INFO    round  19       H2  train_loss=0.4915
2026-07-09 19:57:32,967 INFO    round  19       H3  train_loss=0.4964
2026-07-09 19:57:57,644 INFO    round  19       H4  train_loss=0.4947
2026-07-09 19:58:28,456 INFO    round  19  eval      H1 -> H1  WT=0.8513 TC=0.7713 ET=0.7567
2026-07-09 19:58:58,145 INFO    round  19  eval      H2 -> H2  WT=0.8282 TC=0.7831 ET=0.7466
2026-07-09 19:59:28,049 INFO    round  19  eval      H3 -> H3  WT=0.8540 TC=0.7963 ET=0.7629
2026-07-09 19:59:57,006 INFO    round  19  eval      H4 -> H4  WT=0.8030 TC=0.7967 ET=0.7424
2026-07-09 20:00:28,199 INFO    round  20       H1  train_loss=0.4808
2026-07-09 20:00:56,101 INFO    round  20       H2  train_loss=0.4911
2026-07-09 20:01:23,724 INFO    round  20       H3  train_loss=0.4904
2026-07-09 20:01:54,300 INFO    round  20       H4  train_loss=0.5136
2026-07-09 20:02:24,891 INFO    round  20  eval      H1 -> H1  WT=0.8514 TC=0.7802 ET=0.7589
2026-07-09 20:02:54,595 INFO    round  20  eval      H2 -> H2  WT=0.8647 TC=0.8202 ET=0.8031
2026-07-09 20:03:24,413 INFO    round  20  eval      H3 -> H3  WT=0.7631 TC=0.7615 ET=0.7178
2026-07-09 20:03:53,308 INFO    round  20  eval      H4 -> H4  WT=0.8443 TC=0.7667 ET=0.7507
2026-07-09 20:04:24,749 INFO    round  21       H1  train_loss=0.4683
2026-07-09 20:04:54,624 INFO    round  21       H2  train_loss=0.4862
2026-07-09 20:05:24,083 INFO    round  21       H3  train_loss=0.4881
2026-07-09 20:05:54,428 INFO    round  21       H4  train_loss=0.4996
2026-07-09 20:06:25,251 INFO    round  21  eval      H1 -> H1  WT=0.8651 TC=0.7652 ET=0.7558
2026-07-09 20:06:54,886 INFO    round  21  eval      H2 -> H2  WT=0.8778 TC=0.8494 ET=0.8147
2026-07-09 20:07:24,802 INFO    round  21  eval      H3 -> H3  WT=0.8171 TC=0.8084 ET=0.7624
2026-07-09 20:07:54,018 INFO    round  21  eval      H4 -> H4  WT=0.8004 TC=0.7657 ET=0.7223
2026-07-09 20:08:25,071 INFO    round  22       H1  train_loss=0.4969
2026-07-09 20:08:52,715 INFO    round  22       H2  train_loss=0.4683
2026-07-09 20:09:22,303 INFO    round  22       H3  train_loss=0.4929
2026-07-09 20:09:52,507 INFO    round  22       H4  train_loss=0.4867
2026-07-09 20:10:22,395 INFO    round  22  eval      H1 -> H1  WT=0.8739 TC=0.8085 ET=0.7681
2026-07-09 20:10:51,636 INFO    round  22  eval      H2 -> H2  WT=0.8449 TC=0.8000 ET=0.7661
2026-07-09 20:11:21,736 INFO    round  22  eval      H3 -> H3  WT=0.8108 TC=0.7620 ET=0.7557
2026-07-09 20:11:50,640 INFO    round  22  eval      H4 -> H4  WT=0.8325 TC=0.8052 ET=0.7522
2026-07-09 20:12:21,773 INFO    round  23       H1  train_loss=0.3999
2026-07-09 20:12:52,034 INFO    round  23       H2  train_loss=0.4667
2026-07-09 20:13:20,702 INFO    round  23       H3  train_loss=0.4934
2026-07-09 20:13:51,869 INFO    round  23       H4  train_loss=0.4916
2026-07-09 20:14:22,485 INFO    round  23  eval      H1 -> H1  WT=0.8479 TC=0.7572 ET=0.7278
2026-07-09 20:14:52,217 INFO    round  23  eval      H2 -> H2  WT=0.8369 TC=0.8088 ET=0.7752
2026-07-09 20:15:22,557 INFO    round  23  eval      H3 -> H3  WT=0.8508 TC=0.8297 ET=0.7848
2026-07-09 20:15:51,796 INFO    round  23  eval      H4 -> H4  WT=0.7937 TC=0.7650 ET=0.7123
2026-07-09 20:16:16,220 INFO    round  24       H1  train_loss=0.3005
2026-07-09 20:16:46,029 INFO    round  24       H2  train_loss=0.4524
2026-07-09 20:17:14,827 INFO    round  24       H3  train_loss=0.4789
2026-07-09 20:17:47,088 INFO    round  24       H4  train_loss=0.4879
2026-07-09 20:18:18,680 INFO    round  24  eval      H1 -> H1  WT=0.8516 TC=0.7723 ET=0.7523
2026-07-09 20:18:48,119 INFO    round  24  eval      H2 -> H2  WT=0.8694 TC=0.8507 ET=0.8204
2026-07-09 20:19:18,599 INFO    round  24  eval      H3 -> H3  WT=0.8135 TC=0.7723 ET=0.7386
2026-07-09 20:19:47,850 INFO    round  24  eval      H4 -> H4  WT=0.8333 TC=0.8097 ET=0.7590
2026-07-09 20:20:13,911 INFO    round  25       H1  train_loss=0.2404
2026-07-09 20:20:41,559 INFO    round  25       H2  train_loss=0.4786
2026-07-09 20:21:10,998 INFO    round  25       H3  train_loss=0.4870
2026-07-09 20:21:38,997 INFO    round  25       H4  train_loss=0.5039
2026-07-09 20:22:09,692 INFO    round  25  eval      H1 -> H1  WT=0.8577 TC=0.7714 ET=0.7526
2026-07-09 20:22:39,161 INFO    round  25  eval      H2 -> H2  WT=0.8738 TC=0.8351 ET=0.8087
2026-07-09 20:23:09,041 INFO    round  25  eval      H3 -> H3  WT=0.8344 TC=0.7889 ET=0.7406
2026-07-09 20:23:38,220 INFO    round  25  eval      H4 -> H4  WT=0.8145 TC=0.7948 ET=0.7379
2026-07-09 20:23:38,221 INFO    final cross-hospital matrix (local-only)
2026-07-09 20:24:07,808 INFO      cross H1 -> H2  WT=0.8408
2026-07-09 20:24:37,540 INFO      cross H1 -> H3  WT=0.7737
2026-07-09 20:25:06,598 INFO      cross H1 -> H4  WT=0.6633
2026-07-09 20:25:36,524 INFO      cross H2 -> H1  WT=0.8761
2026-07-09 20:26:06,087 INFO      cross H2 -> H3  WT=0.8664
2026-07-09 20:26:34,834 INFO      cross H2 -> H4  WT=0.7545
2026-07-09 20:27:04,802 INFO      cross H3 -> H1  WT=0.8417
2026-07-09 20:27:33,931 INFO      cross H3 -> H2  WT=0.8360
2026-07-09 20:28:02,976 INFO      cross H3 -> H4  WT=0.7434
2026-07-09 20:28:32,400 INFO      cross H4 -> H1  WT=0.8384
2026-07-09 20:29:01,883 INFO      cross H4 -> H2  WT=0.8452
2026-07-09 20:29:31,348 INFO      cross H4 -> H3  WT=0.8410
2026-07-09 20:29:31,484 INFO    done -> D:\capstone\artifacts\runs\local_2d_123
