2026-08-17 13:53:01,098 INFO    run_id=centralized_2d_42 method=centralized dim=2d device=cuda
2026-08-17 13:53:01,102 INFO    tag=v4 -> D:\capstone\artifacts\runs\v4\centralized_2d_42
2026-08-17 13:53:01,108 INFO    R=40 E=1 -> 40 total local epochs/hospital
2026-08-17 13:53:01,113 INFO    lr=0.001 schedule=cosine augment=True tta=True postproc_min_voxels=50 select_by=best_val
2026-08-17 13:53:01,119 INFO      H1: 230 train / 20 val / 62 test cases
2026-08-17 13:53:01,124 INFO      H2: 230 train / 20 val / 62 test cases
2026-08-17 13:53:01,133 INFO      H3: 230 train / 20 val / 62 test cases
2026-08-17 13:53:01,136 INFO      H4: 230 train / 20 val / 62 test cases
2026-08-17 13:53:01,139 INFO      pooled: 920 train cases (centralized ceiling)
2026-08-17 14:02:46,899 INFO    round   1   global  train_loss=0.8938  lr=1.00e-03
2026-08-17 14:03:31,349 INFO    round   1  eval  H1  WT=0.8301 TC=0.6936 ET=0.7116
2026-08-17 14:04:11,915 INFO    round   1  eval  H2  WT=0.8134 TC=0.7252 ET=0.7431
2026-08-17 14:04:52,433 INFO    round   1  eval  H3  WT=0.7712 TC=0.7055 ET=0.7065
2026-08-17 14:05:32,635 INFO    round   1  eval  H4  WT=0.7037 TC=0.6365 ET=0.6108
2026-08-17 14:06:24,008 INFO    round   1  VAL mean WT=0.7551  <- best so far
2026-08-17 14:15:42,674 INFO    round   2   global  train_loss=0.5625  lr=9.98e-04
2026-08-17 14:15:42,696 INFO    round   2  test eval skipped (eval_test_every=3)
2026-08-17 14:16:35,483 INFO    round   2  VAL mean WT=0.7904  <- best so far
2026-08-17 14:25:51,452 INFO    round   3   global  train_loss=0.5469  lr=9.94e-04
2026-08-17 14:26:35,077 INFO    round   3  eval  H1  WT=0.8370 TC=0.7611 ET=0.7491
2026-08-17 14:27:15,335 INFO    round   3  eval  H2  WT=0.8130 TC=0.7538 ET=0.7695
2026-08-17 14:27:55,247 INFO    round   3  eval  H3  WT=0.7821 TC=0.7586 ET=0.7669
2026-08-17 14:28:33,872 INFO    round   3  eval  H4  WT=0.7102 TC=0.7009 ET=0.7097
2026-08-17 14:29:24,470 INFO    round   3  VAL mean WT=0.7487
2026-08-17 14:38:55,495 INFO    round   4   global  train_loss=0.5355  lr=9.86e-04
2026-08-17 14:38:55,524 INFO    round   4  test eval skipped (eval_test_every=3)
2026-08-17 14:39:48,041 INFO    round   4  VAL mean WT=0.8164  <- best so far
2026-08-17 14:49:14,315 INFO    round   5   global  train_loss=0.5257  lr=9.76e-04
2026-08-17 14:49:14,324 INFO    round   5  test eval skipped (eval_test_every=3)
2026-08-17 14:50:05,902 INFO    round   5  VAL mean WT=0.8116
2026-08-17 14:59:37,619 INFO    round   6   global  train_loss=0.5259  lr=9.62e-04
2026-08-17 15:00:19,842 INFO    round   6  eval  H1  WT=0.8578 TC=0.8190 ET=0.7605
2026-08-17 15:00:59,512 INFO    round   6  eval  H2  WT=0.8524 TC=0.8274 ET=0.7929
2026-08-17 15:01:39,233 INFO    round   6  eval  H3  WT=0.8406 TC=0.8289 ET=0.7855
2026-08-17 15:02:17,129 INFO    round   6  eval  H4  WT=0.8073 TC=0.7957 ET=0.7656
2026-08-17 15:03:07,412 INFO    round   6  VAL mean WT=0.8002
2026-08-17 15:12:43,915 INFO    round   7   global  train_loss=0.5203  lr=9.46e-04
2026-08-17 15:12:43,925 INFO    round   7  test eval skipped (eval_test_every=3)
2026-08-17 15:13:35,122 INFO    round   7  VAL mean WT=0.8461  <- best so far
2026-08-17 15:23:09,996 INFO    round   8   global  train_loss=0.5198  lr=9.26e-04
2026-08-17 15:23:10,007 INFO    round   8  test eval skipped (eval_test_every=3)
2026-08-17 15:24:02,247 INFO    round   8  VAL mean WT=0.8055
2026-08-17 15:33:30,010 INFO    round   9   global  train_loss=0.5076  lr=9.05e-04
2026-08-17 15:34:12,429 INFO    round   9  eval  H1  WT=0.8742 TC=0.8550 ET=0.8098
2026-08-17 15:34:51,638 INFO    round   9  eval  H2  WT=0.8678 TC=0.8472 ET=0.8263
2026-08-17 15:35:31,486 INFO    round   9  eval  H3  WT=0.8307 TC=0.8342 ET=0.8117
2026-08-17 15:36:10,749 INFO    round   9  eval  H4  WT=0.8067 TC=0.8104 ET=0.7600
2026-08-17 15:37:01,190 INFO    round   9  VAL mean WT=0.8337
2026-08-17 15:46:38,571 INFO    round  10   global  train_loss=0.5115  lr=8.81e-04
2026-08-17 15:46:38,580 INFO    round  10  test eval skipped (eval_test_every=3)
2026-08-17 15:47:30,198 INFO    round  10  VAL mean WT=0.8422
2026-08-17 15:57:06,213 INFO    round  11   global  train_loss=0.5023  lr=8.54e-04
2026-08-17 15:57:06,233 INFO    round  11  test eval skipped (eval_test_every=3)
2026-08-17 15:58:01,369 INFO    round  11  VAL mean WT=0.8392
2026-08-17 16:07:38,243 INFO    round  12   global  train_loss=0.4634  lr=8.25e-04
2026-08-17 16:08:21,355 INFO    round  12  eval  H1  WT=0.8664 TC=0.8276 ET=0.7738
2026-08-17 16:09:00,522 INFO    round  12  eval  H2  WT=0.8704 TC=0.8683 ET=0.8328
2026-08-17 16:09:41,084 INFO    round  12  eval  H3  WT=0.8502 TC=0.8389 ET=0.7853
2026-08-17 16:10:19,391 INFO    round  12  eval  H4  WT=0.8313 TC=0.7924 ET=0.7404
2026-08-17 16:11:10,023 INFO    round  12  VAL mean WT=0.8289
2026-08-17 16:20:59,136 INFO    round  13   global  train_loss=0.2643  lr=7.95e-04
2026-08-17 16:20:59,158 INFO    round  13  test eval skipped (eval_test_every=3)
2026-08-17 16:21:51,753 INFO    round  13  VAL mean WT=0.8368
2026-08-17 16:31:42,325 INFO    round  14   global  train_loss=0.2509  lr=7.63e-04
2026-08-17 16:31:42,334 INFO    round  14  test eval skipped (eval_test_every=3)
2026-08-17 16:32:33,270 INFO    round  14  VAL mean WT=0.8324
2026-08-17 16:42:12,993 INFO    round  15   global  train_loss=0.2467  lr=7.29e-04
2026-08-17 16:42:55,286 INFO    round  15  eval  H1  WT=0.8707 TC=0.8141 ET=0.7843
2026-08-17 16:43:35,159 INFO    round  15  eval  H2  WT=0.8668 TC=0.8569 ET=0.8121
2026-08-17 16:44:15,510 INFO    round  15  eval  H3  WT=0.8426 TC=0.8448 ET=0.7892
2026-08-17 16:44:53,984 INFO    round  15  eval  H4  WT=0.8339 TC=0.8127 ET=0.7462
2026-08-17 16:45:43,704 INFO    round  15  VAL mean WT=0.8348
2026-08-17 16:55:24,606 INFO    round  16   global  train_loss=0.2431  lr=6.93e-04
2026-08-17 16:55:24,613 INFO    round  16  test eval skipped (eval_test_every=3)
2026-08-17 16:56:16,081 INFO    round  16  VAL mean WT=0.8419
2026-08-17 17:05:55,659 INFO    round  17   global  train_loss=0.2422  lr=6.57e-04
2026-08-17 17:05:55,666 INFO    round  17  test eval skipped (eval_test_every=3)
2026-08-17 17:06:45,770 INFO    round  17  VAL mean WT=0.8224
2026-08-17 17:16:21,595 INFO    round  18   global  train_loss=0.2426  lr=6.20e-04
2026-08-17 17:17:07,877 INFO    round  18  eval  H1  WT=0.8663 TC=0.7860 ET=0.7394
2026-08-17 17:17:48,203 INFO    round  18  eval  H2  WT=0.8613 TC=0.8150 ET=0.7769
2026-08-17 17:18:28,354 INFO    round  18  eval  H3  WT=0.8302 TC=0.7822 ET=0.7263
2026-08-17 17:19:06,454 INFO    round  18  eval  H4  WT=0.8176 TC=0.7939 ET=0.7396
2026-08-17 17:19:56,831 INFO    round  18  VAL mean WT=0.8304
2026-08-17 17:30:29,867 INFO    round  19   global  train_loss=0.2436  lr=5.82e-04
2026-08-17 17:30:29,903 INFO    round  19  test eval skipped (eval_test_every=3)
2026-08-17 17:31:22,775 INFO    round  19  VAL mean WT=0.8455
2026-08-17 17:40:57,740 INFO    round  20   global  train_loss=0.2351  lr=5.44e-04
2026-08-17 17:40:57,765 INFO    round  20  test eval skipped (eval_test_every=3)
2026-08-17 17:41:51,091 INFO    round  20  VAL mean WT=0.8079
2026-08-17 17:51:27,323 INFO    round  21   global  train_loss=0.2365  lr=5.06e-04
2026-08-17 17:52:18,477 INFO    round  21  eval  H1  WT=0.8910 TC=0.8502 ET=0.8049
2026-08-17 17:52:58,118 INFO    round  21  eval  H2  WT=0.8940 TC=0.8714 ET=0.8475
2026-08-17 17:53:39,231 INFO    round  21  eval  H3  WT=0.8774 TC=0.8642 ET=0.8090
2026-08-17 17:54:18,356 INFO    round  21  eval  H4  WT=0.8524 TC=0.8371 ET=0.7801
2026-08-17 17:55:08,656 INFO    round  21  VAL mean WT=0.8548  <- best so far
2026-08-17 18:04:59,445 INFO    round  22   global  train_loss=0.2297  lr=4.68e-04
2026-08-17 18:04:59,456 INFO    round  22  test eval skipped (eval_test_every=3)
2026-08-17 18:05:53,330 INFO    round  22  VAL mean WT=0.8583  <- best so far
2026-08-17 18:16:17,320 INFO    round  23   global  train_loss=0.2355  lr=4.30e-04
2026-08-17 18:16:17,334 INFO    round  23  test eval skipped (eval_test_every=3)
2026-08-17 18:17:20,832 INFO    round  23  VAL mean WT=0.8636  <- best so far
2026-08-17 18:27:52,554 INFO    round  24   global  train_loss=0.2315  lr=3.93e-04
2026-08-17 18:28:36,633 INFO    round  24  eval  H1  WT=0.8770 TC=0.7847 ET=0.7198
2026-08-17 18:29:18,254 INFO    round  24  eval  H2  WT=0.8810 TC=0.8638 ET=0.8141
2026-08-17 18:30:00,937 INFO    round  24  eval  H3  WT=0.8513 TC=0.8352 ET=0.7747
2026-08-17 18:30:41,027 INFO    round  24  eval  H4  WT=0.8334 TC=0.8024 ET=0.7624
2026-08-17 18:31:31,572 INFO    round  24  VAL mean WT=0.8486
2026-08-17 18:41:28,680 INFO    round  25   global  train_loss=0.2308  lr=3.57e-04
2026-08-17 18:41:28,689 INFO    round  25  test eval skipped (eval_test_every=3)
2026-08-17 18:42:21,833 INFO    round  25  VAL mean WT=0.8520
2026-08-17 18:52:34,081 INFO    round  26   global  train_loss=0.2310  lr=3.21e-04
2026-08-17 18:52:34,101 INFO    round  26  test eval skipped (eval_test_every=3)
2026-08-17 18:53:28,304 INFO    round  26  VAL mean WT=0.8542
2026-08-17 19:03:28,201 INFO    round  27   global  train_loss=0.2230  lr=2.88e-04
2026-08-17 19:04:14,028 INFO    round  27  eval  H1  WT=0.8864 TC=0.8631 ET=0.8236
2026-08-17 19:04:54,571 INFO    round  27  eval  H2  WT=0.8835 TC=0.8677 ET=0.8334
2026-08-17 19:05:35,773 INFO    round  27  eval  H3  WT=0.8534 TC=0.8651 ET=0.8216
2026-08-17 19:06:15,560 INFO    round  27  eval  H4  WT=0.8304 TC=0.8249 ET=0.7765
2026-08-17 19:07:06,729 INFO    round  27  VAL mean WT=0.8433
2026-08-17 19:17:02,546 INFO    round  28   global  train_loss=0.2269  lr=2.55e-04
2026-08-17 19:17:02,556 INFO    round  28  test eval skipped (eval_test_every=3)
2026-08-17 19:17:57,594 INFO    round  28  VAL mean WT=0.8647  <- best so far
2026-08-17 19:28:42,320 INFO    round  29   global  train_loss=0.2229  lr=2.25e-04
2026-08-17 19:28:42,347 INFO    round  29  test eval skipped (eval_test_every=3)
2026-08-17 19:29:37,872 INFO    round  29  VAL mean WT=0.8621
2026-08-17 19:40:16,434 INFO    round  30   global  train_loss=0.2244  lr=1.96e-04
2026-08-17 19:41:08,645 INFO    round  30  eval  H1  WT=0.8951 TC=0.8664 ET=0.8118
2026-08-17 19:41:51,110 INFO    round  30  eval  H2  WT=0.8999 TC=0.8912 ET=0.8569
2026-08-17 19:42:32,618 INFO    round  30  eval  H3  WT=0.8823 TC=0.8768 ET=0.8276
2026-08-17 19:43:12,551 INFO    round  30  eval  H4  WT=0.8624 TC=0.8451 ET=0.7912
2026-08-17 19:44:08,136 INFO    round  30  VAL mean WT=0.8701  <- best so far
2026-08-17 19:54:30,633 INFO    round  31   global  train_loss=0.2185  lr=1.69e-04
2026-08-17 19:54:30,644 INFO    round  31  test eval skipped (eval_test_every=3)
2026-08-17 19:55:30,292 INFO    round  31  VAL mean WT=0.8604
2026-08-17 20:05:33,544 INFO    round  32   global  train_loss=0.2194  lr=1.45e-04
2026-08-17 20:05:33,564 INFO    round  32  test eval skipped (eval_test_every=3)
2026-08-17 20:06:26,875 INFO    round  32  VAL mean WT=0.8608
2026-08-17 20:16:24,570 INFO    round  33   global  train_loss=0.2149  lr=1.24e-04
2026-08-17 20:17:07,817 INFO    round  33  eval  H1  WT=0.8927 TC=0.8676 ET=0.8211
2026-08-17 20:17:47,051 INFO    round  33  eval  H2  WT=0.8938 TC=0.8752 ET=0.8565
2026-08-17 20:18:27,208 INFO    round  33  eval  H3  WT=0.8784 TC=0.8703 ET=0.8303
2026-08-17 20:19:06,544 INFO    round  33  eval  H4  WT=0.8550 TC=0.8409 ET=0.7891
2026-08-17 20:19:57,566 INFO    round  33  VAL mean WT=0.8587
2026-08-17 20:30:22,238 INFO    round  34   global  train_loss=0.2129  lr=1.04e-04
2026-08-17 20:30:22,330 INFO    round  34  test eval skipped (eval_test_every=3)
2026-08-17 20:31:21,414 INFO    round  34  VAL mean WT=0.8685
2026-08-17 20:41:51,664 INFO    round  35   global  train_loss=0.2147  lr=8.80e-05
2026-08-17 20:41:51,679 INFO    round  35  test eval skipped (eval_test_every=3)
2026-08-17 20:42:46,248 INFO    round  35  VAL mean WT=0.8682
2026-08-17 20:52:27,095 INFO    round  36   global  train_loss=0.2146  lr=7.44e-05
2026-08-17 20:53:12,064 INFO    round  36  eval  H1  WT=0.8941 TC=0.8728 ET=0.8215
2026-08-17 20:53:52,544 INFO    round  36  eval  H2  WT=0.8957 TC=0.8885 ET=0.8542
2026-08-17 20:54:33,176 INFO    round  36  eval  H3  WT=0.8730 TC=0.8726 ET=0.8285
2026-08-17 20:55:12,228 INFO    round  36  eval  H4  WT=0.8546 TC=0.8372 ET=0.7872
2026-08-17 20:56:02,733 INFO    round  36  VAL mean WT=0.8652
2026-08-17 21:05:36,144 INFO    round  37   global  train_loss=0.2100  lr=6.38e-05
2026-08-17 21:06:17,820 INFO    round  37  eval  H1  WT=0.8968 TC=0.8670 ET=0.8063
2026-08-17 21:06:57,632 INFO    round  37  eval  H2  WT=0.9018 TC=0.8947 ET=0.8769
2026-08-17 21:07:38,712 INFO    round  37  eval  H3  WT=0.8789 TC=0.8804 ET=0.8365
2026-08-17 21:08:17,716 INFO    round  37  eval  H4  WT=0.8583 TC=0.8442 ET=0.7916
2026-08-17 21:09:09,247 INFO    round  37  VAL mean WT=0.8748  <- best so far
2026-08-17 21:18:55,779 INFO    round  38   global  train_loss=0.2099  lr=5.62e-05
2026-08-17 21:19:37,758 INFO    round  38  eval  H1  WT=0.8966 TC=0.8656 ET=0.8297
2026-08-17 21:20:18,154 INFO    round  38  eval  H2  WT=0.9016 TC=0.8939 ET=0.8600
2026-08-17 21:20:58,511 INFO    round  38  eval  H3  WT=0.8804 TC=0.8735 ET=0.8340
2026-08-17 21:21:37,661 INFO    round  38  eval  H4  WT=0.8551 TC=0.8433 ET=0.7899
2026-08-17 21:22:32,359 INFO    round  38  VAL mean WT=0.8693
2026-08-17 21:32:23,649 INFO    round  39   global  train_loss=0.2098  lr=5.15e-05
2026-08-17 21:33:04,717 INFO    round  39  eval  H1  WT=0.8979 TC=0.8698 ET=0.8180
2026-08-17 21:33:43,265 INFO    round  39  eval  H2  WT=0.9023 TC=0.8947 ET=0.8596
2026-08-17 21:34:24,444 INFO    round  39  eval  H3  WT=0.8823 TC=0.8766 ET=0.8331
2026-08-17 21:35:03,393 INFO    round  39  eval  H4  WT=0.8525 TC=0.8366 ET=0.7846
2026-08-17 21:35:54,827 INFO    round  39  VAL mean WT=0.8635
2026-08-17 21:45:44,868 INFO    round  40   global  train_loss=0.2092  lr=5.00e-05
2026-08-17 21:46:27,263 INFO    round  40  eval  H1  WT=0.8983 TC=0.8706 ET=0.8131
2026-08-17 21:47:06,549 INFO    round  40  eval  H2  WT=0.9035 TC=0.8944 ET=0.8598
2026-08-17 21:47:46,539 INFO    round  40  eval  H3  WT=0.8816 TC=0.8833 ET=0.8406
2026-08-17 21:48:24,882 INFO    round  40  eval  H4  WT=0.8595 TC=0.8435 ET=0.7916
2026-08-17 21:49:16,170 INFO    round  40  VAL mean WT=0.8728
2026-08-17 21:49:16,208 INFO    selected round 37 by validation WT=0.8748 (of 40 rounds)
2026-08-17 21:49:16,210 INFO    final evaluation at round 37 (tta=True)
2026-08-17 21:50:27,345 INFO      final H1  WT=0.9016 TC=0.8698 ET=0.8101
2026-08-17 21:51:37,985 INFO      final H2  WT=0.9071 TC=0.8950 ET=0.8629
2026-08-17 21:52:50,512 INFO      final H3  WT=0.8851 TC=0.8879 ET=0.8430
2026-08-17 21:53:58,959 INFO      final H4  WT=0.8621 TC=0.8453 ET=0.7934
2026-08-17 21:53:59,092 INFO    done -> D:\capstone\artifacts\runs\v4\centralized_2d_42
